Component: ARM Compiler 6.14.1 Tool: armlink [5db06d00]

==============================================================================

Section Cross References

    empty.o(.text.main) refers to ti_msp_dl_config.o(.text.SYSCFG_DL_init) for SYSCFG_DL_init
    empty.o(.text.main) refers to board.o(.text.delay_ms) for delay_ms
    empty.o(.text.main) refers to task.o(.text.step_pid_all_init) for step_pid_all_init
    empty.o(.text.main) refers to task.o(.text.encoder_motor_pid_init) for encoder_motor_pid_init
    empty.o(.text.main) refers to board.o(.text.lc_printf) for lc_printf
    empty.o(.text.main) refers to board.o(.text.ek_printf) for ek_printf
    empty.o(.text.main) refers to task.o(.text.task_process) for task_process
    empty.o(.ARM.exidx.text.main) refers to empty.o(.text.main) for [Anonymous Symbol]
    startup_mspm0g350x_uvision.o(STACK) refers (Special) to heapauxi.o(.text) for __use_two_region_memory
    startup_mspm0g350x_uvision.o(HEAP) refers (Special) to heapauxi.o(.text) for __use_two_region_memory
    startup_mspm0g350x_uvision.o(RESET) refers (Special) to heapauxi.o(.text) for __use_two_region_memory
    startup_mspm0g350x_uvision.o(RESET) refers to startup_mspm0g350x_uvision.o(STACK) for __initial_sp
    startup_mspm0g350x_uvision.o(RESET) refers to startup_mspm0g350x_uvision.o(.text) for Reset_Handler
    startup_mspm0g350x_uvision.o(RESET) refers to board.o(.text.SysTick_Handler) for SysTick_Handler
    startup_mspm0g350x_uvision.o(RESET) refers to encoder_motor.o(.text.GROUP1_IRQHandler) for GROUP1_IRQHandler
    startup_mspm0g350x_uvision.o(RESET) refers to com_lcd.o(.text.UART3_IRQHandler) for UART3_IRQHandler
    startup_mspm0g350x_uvision.o(RESET) refers to com_jy61p.o(.text.UART2_IRQHandler) for UART2_IRQHandler
    startup_mspm0g350x_uvision.o(RESET) refers to com_k230.o(.text.UART0_IRQHandler) for UART0_IRQHandler
    startup_mspm0g350x_uvision.o(RESET) refers to encoder_motor.o(.text.TIMG6_IRQHandler) for TIMG6_IRQHandler
    startup_mspm0g350x_uvision.o(RESET) refers to task.o(.text.TIMA0_IRQHandler) for TIMA0_IRQHandler
    startup_mspm0g350x_uvision.o(RESET) refers to step_motor.o(.text.TIMA1_IRQHandler) for TIMA1_IRQHandler
    startup_mspm0g350x_uvision.o(.text) refers (Special) to heapauxi.o(.text) for __use_two_region_memory
    startup_mspm0g350x_uvision.o(.text) refers to __main.o(!!!main) for __main
    startup_mspm0g350x_uvision.o(.text) refers to startup_mspm0g350x_uvision.o(HEAP) for Heap_Mem
    startup_mspm0g350x_uvision.o(.text) refers to startup_mspm0g350x_uvision.o(STACK) for Stack_Mem
    ti_msp_dl_config.o(.text.SYSCFG_DL_init) refers to ti_msp_dl_config.o(.text.SYSCFG_DL_initPower) for SYSCFG_DL_initPower
    ti_msp_dl_config.o(.text.SYSCFG_DL_init) refers to ti_msp_dl_config.o(.text.SYSCFG_DL_GPIO_init) for SYSCFG_DL_GPIO_init
    ti_msp_dl_config.o(.text.SYSCFG_DL_init) refers to ti_msp_dl_config.o(.text.SYSCFG_DL_SYSCTL_init) for SYSCFG_DL_SYSCTL_init
    ti_msp_dl_config.o(.text.SYSCFG_DL_init) refers to ti_msp_dl_config.o(.text.SYSCFG_DL_TIMG12_PWM_init) for SYSCFG_DL_TIMG12_PWM_init
    ti_msp_dl_config.o(.text.SYSCFG_DL_init) refers to ti_msp_dl_config.o(.text.SYSCFG_DL_TIMG0_PWM_init) for SYSCFG_DL_TIMG0_PWM_init
    ti_msp_dl_config.o(.text.SYSCFG_DL_init) refers to ti_msp_dl_config.o(.text.SYSCFG_DL_TIMA1_IT_init) for SYSCFG_DL_TIMA1_IT_init
    ti_msp_dl_config.o(.text.SYSCFG_DL_init) refers to ti_msp_dl_config.o(.text.SYSCFG_DL_TIMA0_IT_init) for SYSCFG_DL_TIMA0_IT_init
    ti_msp_dl_config.o(.text.SYSCFG_DL_init) refers to ti_msp_dl_config.o(.text.SYSCFG_DL_TIMG6_IT_init) for SYSCFG_DL_TIMG6_IT_init
    ti_msp_dl_config.o(.text.SYSCFG_DL_init) refers to ti_msp_dl_config.o(.text.SYSCFG_DL_I2C_0_init) for SYSCFG_DL_I2C_0_init
    ti_msp_dl_config.o(.text.SYSCFG_DL_init) refers to ti_msp_dl_config.o(.text.SYSCFG_DL_UART_0_init) for SYSCFG_DL_UART_0_init
    ti_msp_dl_config.o(.text.SYSCFG_DL_init) refers to ti_msp_dl_config.o(.text.SYSCFG_DL_UART_1_init) for SYSCFG_DL_UART_1_init
    ti_msp_dl_config.o(.text.SYSCFG_DL_init) refers to ti_msp_dl_config.o(.text.SYSCFG_DL_UART_3_init) for SYSCFG_DL_UART_3_init
    ti_msp_dl_config.o(.text.SYSCFG_DL_init) refers to ti_msp_dl_config.o(.text.SYSCFG_DL_UART_2_init) for SYSCFG_DL_UART_2_init
    ti_msp_dl_config.o(.text.SYSCFG_DL_init) refers to ti_msp_dl_config.o(.text.SYSCFG_DL_SYSTICK_init) for SYSCFG_DL_SYSTICK_init
    ti_msp_dl_config.o(.text.SYSCFG_DL_init) refers to ti_msp_dl_config.o(.bss.gTIMA0_ITBackup) for gTIMA0_ITBackup
    ti_msp_dl_config.o(.text.SYSCFG_DL_init) refers to ti_msp_dl_config.o(.bss.gTIMA1_ITBackup) for gTIMA1_ITBackup
    ti_msp_dl_config.o(.text.SYSCFG_DL_init) refers to ti_msp_dl_config.o(.bss.gTIMG6_ITBackup) for gTIMG6_ITBackup
    ti_msp_dl_config.o(.text.SYSCFG_DL_init) refers to ti_msp_dl_config.o(.bss.gUART_3Backup) for gUART_3Backup
    ti_msp_dl_config.o(.ARM.exidx.text.SYSCFG_DL_init) refers to ti_msp_dl_config.o(.text.SYSCFG_DL_init) for [Anonymous Symbol]
[...]
    [Anonymous Symbol]                       0x00003e82   Section        0  ti_msp_dl_config.o(.rodata.gTIMA0_ITClockConfig)
    gTIMA0_ITTimerConfig                     0x00003e88   Data          20  ti_msp_dl_config.o(.rodata.gTIMA0_ITTimerConfig)
    [Anonymous Symbol]                       0x00003e88   Section        0  ti_msp_dl_config.o(.rodata.gTIMA0_ITTimerConfig)
    gTIMA1_ITClockConfig                     0x00003e9c   Data           3  ti_msp_dl_config.o(.rodata.gTIMA1_ITClockConfig)
    [Anonymous Symbol]                       0x00003e9c   Section        0  ti_msp_dl_config.o(.rodata.gTIMA1_ITClockConfig)
    gTIMA1_ITTimerConfig                     0x00003ea0   Data          20  ti_msp_dl_config.o(.rodata.gTIMA1_ITTimerConfig)
    [Anonymous Symbol]                       0x00003ea0   Section        0  ti_msp_dl_config.o(.rodata.gTIMA1_ITTimerConfig)
    gTIMG0_PWMClockConfig                    0x00003eb4   Data           3  ti_msp_dl_config.o(.rodata.gTIMG0_PWMClockConfig)
    [Anonymous Symbol]                       0x00003eb4   Section        0  ti_msp_dl_config.o(.rodata.gTIMG0_PWMClockConfig)
    gTIMG0_PWMConfig                         0x00003eb8   Data           8  ti_msp_dl_config.o(.rodata.gTIMG0_PWMConfig)
    [Anonymous Symbol]                       0x00003eb8   Section        0  ti_msp_dl_config.o(.rodata.gTIMG0_PWMConfig)
    gTIMG12_PWMClockConfig                   0x00003ec0   Data           3  ti_msp_dl_config.o(.rodata.gTIMG12_PWMClockConfig)
    [Anonymous Symbol]                       0x00003ec0   Section        0  ti_msp_dl_config.o(.rodata.gTIMG12_PWMClockConfig)
    gTIMG12_PWMConfig                        0x00003ec4   Data           8  ti_msp_dl_config.o(.rodata.gTIMG12_PWMConfig)
    [Anonymous Symbol]                       0x00003ec4   Section        0  ti_msp_dl_config.o(.rodata.gTIMG12_PWMConfig)
    gTIMG6_ITClockConfig                     0x00003ecc   Data           3  ti_msp_dl_config.o(.rodata.gTIMG6_ITClockConfig)
    [Anonymous Symbol]                       0x00003ecc   Section        0  ti_msp_dl_config.o(.rodata.gTIMG6_ITClockConfig)
    gTIMG6_ITTimerConfig                     0x00003ed0   Data          20  ti_msp_dl_config.o(.rodata.gTIMG6_ITTimerConfig)
    [Anonymous Symbol]                       0x00003ed0   Section        0  ti_msp_dl_config.o(.rodata.gTIMG6_ITTimerConfig)
    gUART_0ClockConfig                       0x00003ee4   Data           2  ti_msp_dl_config.o(.rodata.gUART_0ClockConfig)
    [Anonymous Symbol]                       0x00003ee4   Section        0  ti_msp_dl_config.o(.rodata.gUART_0ClockConfig)
    gUART_0Config                            0x00003ee6   Data          10  ti_msp_dl_config.o(.rodata.gUART_0Config)
    [Anonymous Symbol]                       0x00003ee6   Section        0  ti_msp_dl_config.o(.rodata.gUART_0Config)
    gUART_1ClockConfig                       0x00003ef0   Data           2  ti_msp_dl_config.o(.rodata.gUART_1ClockConfig)
    [Anonymous Symbol]                       0x00003ef0   Section        0  ti_msp_dl_config.o(.rodata.gUART_1ClockConfig)
    gUART_1Config                            0x00003ef2   Data          10  ti_msp_dl_config.o(.rodata.gUART_1Config)
    [Anonymous Symbol]                       0x00003ef2   Section        0  ti_msp_dl_config.o(.rodata.gUART_1Config)
    gUART_2ClockConfig                       0x00003efc   Data           2  ti_msp_dl_config.o(.rodata.gUART_2ClockConfig)
    [Anonymous Symbol]                       0x00003efc   Section        0  ti_msp_dl_config.o(.rodata.gUART_2ClockConfig)
    gUART_2Config                            0x00003efe   Data          10  ti_msp_dl_config.o(.rodata.gUART_2Config)
    [Anonymous Symbol]                       0x00003efe   Section        0  ti_msp_dl_config.o(.rodata.gUART_2Config)
    gUART_3ClockConfig                       0x00003f08   Data           2  ti_msp_dl_config.o(.rodata.gUART_3ClockConfig)
    [Anonymous Symbol]                       0x00003f08   Section        0  ti_msp_dl_config.o(.rodata.gUART_3ClockConfig)
    gUART_3Config                            0x00003f0a   Data          10  ti_msp_dl_config.o(.rodata.gUART_3Config)
    [Anonymous Symbol]                       0x00003f0a   Section        0  ti_msp_dl_config.o(.rodata.gUART_3Config)
    .L.str.4                                 0x00003f14   Data          27  com_lcd.o(.rodata.str1.1)
    [Anonymous Symbol]                       0x00003f14   Section        0  com_lcd.o(.rodata.str1.1)
    .L.str.8                                 0x00003f2f   Data          23  com_lcd.o(.rodata.str1.1)
    .L.str.7                                 0x00003f46   Data          25  com_lcd.o(.rodata.str1.1)
    .L.str.10                                0x00003f5f   Data          24  com_lcd.o(.rodata.str1.1)
    .L.str.5                                 0x00003f77   Data          22  com_lcd.o(.rodata.str1.1)
    .L.str.9                                 0x00003f8d   Data          22  com_lcd.o(.rodata.str1.1)
    .L.str.6                                 0x00003fa3   Data          24  com_lcd.o(.rodata.str1.1)
    .L.str.11                                0x00003fbb   Data          20  com_lcd.o(.rodata.str1.1)
    .L.str.12                                0x00003fcf   Data          20  com_lcd.o(.rodata.str1.1)
    locale$$data                             0x00004008   Section       28  lc_numeric_c.o(locale$$data)
    __lcnum_c_name                           0x0000400c   Data           2  lc_numeric_c.o(locale$$data)
    __lcnum_c_start                          0x00004014   Data           0  lc_numeric_c.o(locale$$data)
    __lcnum_c_point                          0x00004020   Data           0  lc_numeric_c.o(locale$$data)
    __lcnum_c_thousands                      0x00004022   Data           0  lc_numeric_c.o(locale$$data)
    __lcnum_c_grouping                       0x00004023   Data           0  lc_numeric_c.o(locale$$data)
    __lcnum_c_end                            0x00004024   Data           0  lc_numeric_c.o(locale$$data)
    locale$$data                             0x00004024   Section      272  lc_ctype_c.o(locale$$data)
    __lcctype_c_name                         0x00004028   Data           2  lc_ctype_c.o(locale$$data)
    __lcctype_c_start                        0x00004030   Data           0  lc_ctype_c.o(locale$$data)
    __lcctype_c_end                          0x00004134   Data           0  lc_ctype_c.o(locale$$data)
    .bss                                     0x20200008   Section       96  libspace.o(.bss)
    RxIndex                                  0x20200087   Data           1  com_jy61p.o(.bss.RxIndex)
    [Anonymous Symbol]                       0x20200087   Section        0  com_jy61p.o(.bss.RxIndex)
    RxState                                  0x20200088   Data           1  com_jy61p.o(.bss.RxState)
    [Anonymous Symbol]                       0x20200088   Section        0  com_jy61p.o(.bss.RxState)
    buzzer_time                              0x20200090   Data           1  task.o(.bss.buzzer_time)
    [Anonymous Symbol]                       0x20200090   Section        0  task.o(.bss.buzzer_time)
    gimbal_step_pid_control.miss_counter     0x202002f4   Data           1  task.o(.bss.gimbal_step_pid_control.miss_counter)
    [Anonymous Symbol]                       0x202002f4   Section        0  task.o(.bss.gimbal_step_pid_control.miss_counter)
    is_buzzer_on                             0x202002fe   Data           1  task.o(.bss.is_buzzer_on)
    [Anonymous Symbol]                       0x202002fe   Section        0  task.o(.bss.is_buzzer_on)
    is_lcd_running                           0x202002ff   Data           1  task.o(.bss.is_lcd_running)
    [Anonymous Symbol]                       0x202002ff   Section        0  task.o(.bss.is_lcd_running)
    is_task1                                 0x20200301   Data           1  task.o(.bss.is_task1)
    [Anonymous Symbol]                       0x20200301   Section        0  task.o(.bss.is_task1)
    is_task2                                 0x20200303   Data           1  task.o(.bss.is_task2)
    [Anonymous Symbol]                       0x20200303   Section        0  task.o(.bss.is_task2)
    k230_pack_data.data_index                0x20200305   Data           1  com_k230.o(.bss.k230_pack_data.data_index)
    [Anonymous Symbol]                       0x20200305   Section        0  com_k230.o(.bss.k230_pack_data.data_index)
    k230_pack_data.rx_state                  0x20200306   Data           1  com_k230.o(.bss.k230_pack_data.rx_state)
    [Anonymous Symbol]                       0x20200306   Section        0  com_k230.o(.bss.k230_pack_data.rx_state)
    k230_pack_data.temp_buff                 0x20200307   Data          10  com_k230.o(.bss.k230_pack_data.temp_buff)
    [Anonymous Symbol]                       0x20200307   Section        0  com_k230.o(.bss.k230_pack_data.temp_buff)
    last_aiming                              0x20200311   Data           1  task.o(.bss.last_aiming)
    [Anonymous Symbol]                       0x20200311   Section        0  task.o(.bss.last_aiming)
    last_error                               0x20200314   Data           4  gray.o(.bss.last_error)
    [Anonymous Symbol]                       0x20200314   Section        0  gray.o(.bss.last_error)
    lcd_time                                 0x20200319   Data           1  task.o(.bss.lcd_time)
    [Anonymous Symbol]                       0x20200319   Section        0  task.o(.bss.lcd_time)
    lost_line_count                          0x2020034c   Data           1  gray.o(.bss.lost_line_count)
    [Anonymous Symbol]                       0x2020034c   Section        0  gray.o(.bss.lost_line_count)
    task1_time                               0x202003b9   Data           1  task.o(.bss.task1_time)
    [Anonymous Symbol]                       0x202003b9   Section        0  task.o(.bss.task1_time)
    task2_time                               0x202003ba   Data           1  task.o(.bss.task2_time)
    [Anonymous Symbol]                       0x202003ba   Section        0  task.o(.bss.task2_time)
    uart_lcd_pack_data.rx_buffer             0x202003f1   Data           7  com_lcd.o(.bss.uart_lcd_pack_data.rx_buffer)
    [Anonymous Symbol]                       0x202003f1   Section        0  com_lcd.o(.bss.uart_lcd_pack_data.rx_buffer)
    uart_lcd_pack_data.rx_counter            0x202003f8   Data           1  com_lcd.o(.bss.uart_lcd_pack_data.rx_counter)
    [Anonymous Symbol]                       0x202003f8   Section        0  com_lcd.o(.bss.uart_lcd_pack_data.rx_counter)
    uart_lcd_pack_data.rx_state              0x202003f9   Data           1  com_lcd.o(.bss.uart_lcd_pack_data.rx_state)
    [Anonymous Symbol]                       0x202003f9   Section        0  com_lcd.o(.bss.uart_lcd_pack_data.rx_state)
    Heap_Mem                                 0x20200400   Data         512  startup_mspm0g350x_uvision.o(HEAP)
    HEAP                                     0x20200400   Section      512  startup_mspm0g350x_uvision.o(HEAP)
    Stack_Mem                                0x20200600   Data       16384  startup_mspm0g350x_uvision.o(STACK)
    STACK                                    0x20200600   Section    16384  startup_mspm0g350x_uvision.o(STACK)
    __initial_sp                             0x20204600   Data           0  startup_mspm0g350x_uvision.o(STACK)

    Global Symbols

    Symbol Name                              Value     Ov Type        Size  Object(Section)

    BuildAttributes$$THM_ISAv3M$S$PE$A:L22$X:L11$S22$IEEE1$IW$~IW$USESV6$~STKCKD$USESV7$~SHL$OTIME$ROPI$IEEEJ$EBA8$UX$STANDARDLIB$REQ8$PRES8$EABIv2 0x00000000   Number         0  anon$$obj.o ABSOLUTE
    __Vectors                                0x00000000   Data           4  startup_mspm0g350x_uvision.o(RESET)
    _printf_flags                            0x00000000   Number         0  printf_stubs.o ABSOLUTE
    _printf_return_value                     0x00000000   Number         0  printf_stubs.o ABSOLUTE
    _printf_sizespec                         0x00000000   Number         0  printf_stubs.o ABSOLUTE
    _printf_widthprec                        0x00000000   Number         0  printf_stubs.o ABSOLUTE
    __ARM_exceptions_init                     - Undefined Weak Reference
    __alloca_initialize                       - Undefined Weak Reference
    __arm_preinit_                            - Undefined Weak Reference
    __cpp_initialize__aeabi_                  - Undefined Weak Reference
    __cxa_finalize                            - Undefined Weak Reference
    __sigvec_lookup                           - Undefined Weak Reference
    _atexit_init                              - Undefined Weak Reference
    _call_atexit_fns                          - Undefined Weak Reference
    _clock_init                               - Undefined Weak Reference
    _fp_trap_init                             - Undefined Weak Reference
    _fp_trap_shutdown                         - Undefined Weak Reference
    _get_lc_collate                           - Undefined Weak Reference
    _get_lc_monetary                          - Undefined Weak Reference
    _get_lc_time                              - Undefined Weak Reference
    _getenv_init                              - Undefined Weak Reference
    _handle_redirection                       - Undefined Weak Reference
    _init_alloc                               - Undefined Weak Reference
    _init_user_alloc                          - Undefined Weak Reference
    _initio                                   - Undefined Weak Reference
    _printf_mbtowc                            - Undefined Weak Reference
    _printf_wc                                - Undefined Weak Reference
    _rand_init                                - Undefined Weak Reference
    _signal_finish                            - Undefined Weak Reference
    _signal_init                              - Undefined Weak Reference
    _terminate_alloc                          - Undefined Weak Reference
    _terminate_user_alloc                     - Undefined Weak Reference
    _terminateio                              - Undefined Weak Reference
    __Vectors_End                            0x000000c0   Data           0  startup_mspm0g350x_uvision.o(RESET)
    __Vectors_Size                           0x000000c0   Number         0  startup_mspm0g350x_uvision.o ABSOLUTE
    __main                                   0x000000c1   Thumb Code     8  __main.o(!!!main)
    __scatterload                            0x000000c9   Thumb Code     0  __scatter.o(!!!scatter)
    __scatterload_rt2                        0x000000c9   Thumb Code    52  __scatter.o(!!!scatter)
    __scatterload_rt2_thumb_only             0x000000c9   Thumb Code     0  __scatter.o(!!!scatter)
    __scatterload_null                       0x000000d9   Thumb Code     0  __scatter.o(!!!scatter)
    __scatterload_copy                       0x00000109   Thumb Code    26  __scatter_copy.o(!!handler_copy)
    __scatterload_zeroinit                   0x00000129   Thumb Code    28  __scatter_zi.o(!!handler_zi)
    _printf_percent                          0x00000145   Thumb Code     0  _printf_percent.o(.ARM.Collect$$_printf_percent$$00000000)
    _printf_n                                0x00000147   Thumb Code     0  _printf_n.o(.ARM.Collect$$_printf_percent$$00000001)
    _printf_p                                0x00000151   Thumb Code     0  _printf_p.o(.ARM.Collect$$_printf_percent$$00000002)
    _printf_f                                0x0000015b   Thumb Code     0  _printf_f.o(.ARM.Collect$$_printf_percent$$00000003)
    _printf_e                                0x00000165   Thumb Code     0  _printf_e.o(.ARM.Collect$$_printf_percent$$00000004)
    _printf_g                                0x0000016f   Thumb Code     0  _printf_g.o(.ARM.Collect$$_printf_percent$$00000005)
    _printf_a                                0x00000179   Thumb Code     0  _printf_a.o(.ARM.Collect$$_printf_percent$$00000006)
    _printf_ll                               0x00000183   Thumb Code     0  _printf_ll.o(.ARM.Collect$$_printf_percent$$00000007)
    _printf_i                                0x0000018d   Thumb Code     0  _printf_i.o(.ARM.Collect$$_printf_percent$$00000008)
    _printf_d                                0x00000197   Thumb Code     0  _printf_d.o(.ARM.Collect$$_printf_percent$$00000009)
    _printf_u                                0x000001a1   Thumb Code     0  _printf_u.o(.ARM.Collect$$_printf_percent$$0000000A)
    _printf_o                                0x000001ab   Thumb Code     0  _printf_o.o(.ARM.Collect$$_printf_percent$$0000000B)
    _printf_x                                0x000001b5   Thumb Code     0  _printf_x.o(.ARM.Collect$$_printf_percent$$0000000C)
    _printf_lli                              0x000001bf   Thumb Code     0  _printf_lli.o(.ARM.Collect$$_printf_percent$$0000000D)
    _printf_lld                              0x000001c9   Thumb Code     0  _printf_lld.o(.ARM.Collect$$_printf_percent$$0000000E)
    _printf_llu                              0x000001d3   Thumb Code     0  _printf_llu.o(.ARM.Collect$$_printf_percent$$0000000F)
    _printf_llo                              0x000001dd   Thumb Code     0  _printf_llo.o(.ARM.Collect$$_printf_percent$$00000010)
    _printf_llx                              0x000001e7   Thumb Code     0  _printf_llx.o(.ARM.Collect$$_printf_percent$$00000011)
    _printf_l                                0x000001f1   Thumb Code     0  _printf_l.o(.ARM.Collect$$_printf_percent$$00000012)
    _printf_c                                0x000001fb   Thumb Code     0  _printf_c.o(.ARM.Collect$$_printf_percent$$00000013)
    _printf_s                                0x00000205   Thumb Code     0  _printf_s.o(.ARM.Collect$$_printf_percent$$00000014)
    _printf_lc                               0x0000020f   Thumb Code     0  _printf_lc.o(.ARM.Collect$$_printf_percent$$00000015)
    _printf_ls                               0x00000219   Thumb Code     0  _printf_ls.o(.ARM.Collect$$_printf_percent$$00000016)
    _printf_percent_end                      0x00000223   Thumb Code     0  _printf_percent_end.o(.ARM.Collect$$_printf_percent$$00000017)
    __rt_lib_init                            0x00000227   Thumb Code     0  libinit.o(.ARM.Collect$$libinit$$00000000)
    __rt_lib_init_fp_1                       0x00000229   Thumb Code     0  libinit2.o(.ARM.Collect$$libinit$$00000002)
    __rt_lib_init_heap_1                     0x00000229   Thumb Code     0  libinit2.o(.ARM.Collect$$libinit$$0000000A)
    __rt_lib_init_lc_common                  0x00000229   Thumb Code     0  libinit2.o(.ARM.Collect$$libinit$$0000000F)
    __rt_lib_init_preinit_1                  0x00000229   Thumb Code     0  libinit2.o(.ARM.Collect$$libinit$$00000004)
    __rt_lib_init_rand_1                     0x00000229   Thumb Code     0  libinit2.o(.ARM.Collect$$libinit$$0000000E)
    __rt_lib_init_user_alloc_1               0x00000229   Thumb Code     0  libinit2.o(.ARM.Collect$$libinit$$0000000C)
    __rt_lib_init_lc_collate_1               0x0000022f   Thumb Code     0  libinit2.o(.ARM.Collect$$libinit$$00000011)
    __rt_lib_init_lc_ctype_2                 0x0000022f   Thumb Code     0  libinit2.o(.ARM.Collect$$libinit$$00000012)
    __rt_lib_init_lc_ctype_1                 0x0000023b   Thumb Code     0  libinit2.o(.ARM.Collect$$libinit$$00000013)
    __rt_lib_init_lc_monetary_1              0x0000023b   Thumb Code     0  libinit2.o(.ARM.Collect$$libinit$$00000015)
    __rt_lib_init_lc_numeric_2               0x0000023b   Thumb Code     0  libinit2.o(.ARM.Collect$$libinit$$00000016)
    __rt_lib_init_alloca_1                   0x00000245   Thumb Code     0  libinit2.o(.ARM.Collect$$libinit$$0000002E)
    __rt_lib_init_argv_1                     0x00000245   Thumb Code     0  libinit2.o(.ARM.Collect$$libinit$$0000002C)
    __rt_lib_init_atexit_1                   0x00000245   Thumb Code     0  libinit2.o(.ARM.Collect$$libinit$$0000001B)
    __rt_lib_init_clock_1                    0x00000245   Thumb Code     0  libinit2.o(.ARM.Collect$$libinit$$00000021)
    __rt_lib_init_cpp_1                      0x00000245   Thumb Code     0  libinit2.o(.ARM.Collect$$libinit$$00000032)
    __rt_lib_init_exceptions_1               0x00000245   Thumb Code     0  libinit2.o(.ARM.Collect$$libinit$$00000030)
    __rt_lib_init_fp_trap_1                  0x00000245   Thumb Code     0  libinit2.o(.ARM.Collect$$libinit$$0000001F)
    __rt_lib_init_getenv_1                   0x00000245   Thumb Code     0  libinit2.o(.ARM.Collect$$libinit$$00000023)
    __rt_lib_init_lc_numeric_1               0x00000245   Thumb Code     0  libinit2.o(.ARM.Collect$$libinit$$00000017)
    __rt_lib_init_lc_time_1                  0x00000245   Thumb Code     0  libinit2.o(.ARM.Collect$$libinit$$00000019)
    __rt_lib_init_return                     0x00000245   Thumb Code     0  libinit2.o(.ARM.Collect$$libinit$$00000033)
    __rt_lib_init_signal_1                   0x00000245   Thumb Code     0  libinit2.o(.ARM.Collect$$libinit$$0000001D)
    __rt_lib_init_stdio_1                    0x00000245   Thumb Code     0  libinit2.o(.ARM.Collect$$libinit$$00000025)
    __rt_lib_shutdown                        0x00000247   Thumb Code     0  libshutdown.o(.ARM.Collect$$libshutdown$$00000000)
    __rt_lib_shutdown_cpp_1                  0x00000249   Thumb Code     0  libshutdown2.o(.ARM.Collect$$libshutdown$$00000002)
    __rt_lib_shutdown_fp_trap_1              0x00000249   Thumb Code     0  libshutdown2.o(.ARM.Collect$$libshutdown$$00000007)
    __rt_lib_shutdown_heap_1                 0x00000249   Thumb Code     0  libshutdown2.o(.ARM.Collect$$libshutdown$$0000000F)
    __rt_lib_shutdown_return                 0x00000249   Thumb Code     0  libshutdown2.o(.ARM.Collect$$libshutdown$$00000010)
    __rt_lib_shutdown_signal_1               0x00000249   Thumb Code     0  libshutdown2.o(.ARM.Collect$$libshutdown$$0000000A)
    __rt_lib_shutdown_stdio_1                0x00000249   Thumb Code     0  libshutdown2.o(.ARM.Collect$$libshutdown$$00000004)
    __rt_lib_shutdown_user_alloc_1           0x00000249   Thumb Code     0  libshutdown2.o(.ARM.Collect$$libshutdown$$0000000C)
    __rt_entry                               0x0000024b   Thumb Code     0  __rtentry.o(.ARM.Collect$$rtentry$$00000000)
    __rt_entry_presh_1                       0x0000024b   Thumb Code     0  __rtentry2.o(.ARM.Collect$$rtentry$$00000002)
    __rt_entry_sh                            0x0000024b   Thumb Code     0  __rtentry4.o(.ARM.Collect$$rtentry$$00000004)
    __rt_entry_li                            0x00000251   Thumb Code     0  __rtentry2.o(.ARM.Collect$$rtentry$$0000000A)
    __rt_entry_postsh_1                      0x00000251   Thumb Code     0  __rtentry2.o(.ARM.Collect$$rtentry$$00000009)
    __rt_entry_main                          0x00000255   Thumb Code     0  __rtentry2.o(.ARM.Collect$$rtentry$$0000000D)
    __rt_entry_postli_1                      0x00000255   Thumb Code     0  __rtentry2.o(.ARM.Collect$$rtentry$$0000000C)
    __rt_exit                                0x0000025d   Thumb Code     0  rtexit.o(.ARM.Collect$$rtexit$$00000000)
    __rt_exit_ls                             0x0000025f   Thumb Code     0  rtexit2.o(.ARM.Collect$$rtexit$$00000003)
    __rt_exit_prels_1                        0x0000025f   Thumb Code     0  rtexit2.o(.ARM.Collect$$rtexit$$00000002)
    __rt_exit_exit                           0x00000263   Thumb Code     0  rtexit2.o(.ARM.Collect$$rtexit$$00000004)
    Reset_Handler                            0x00000269   Thumb Code     4  startup_mspm0g350x_uvision.o(.text)
    NMI_Handler                              0x0000026d   Thumb Code     2  startup_mspm0g350x_uvision.o(.text)
    HardFault_Handler                        0x0000026f   Thumb Code     2  startup_mspm0g350x_uvision.o(.text)
    SVC_Handler                              0x00000271   Thumb Code     2  startup_mspm0g350x_uvision.o(.text)
    PendSV_Handler                           0x00000273   Thumb Code     2  startup_mspm0g350x_uvision.o(.text)
    ADC0_IRQHandler                          0x00000277   Thumb Code     0  startup_mspm0g350x_uvision.o(.text)
    ADC1_IRQHandler                          0x00000277   Thumb Code     0  startup_mspm0g350x_uvision.o(.text)
    AES_IRQHandler                           0x00000277   Thumb Code     0  startup_mspm0g350x_uvision.o(.text)
    CANFD0_IRQHandler                        0x00000277   Thumb Code     0  startup_mspm0g350x_uvision.o(.text)
    DAC0_IRQHandler                          0x00000277   Thumb Code     0  startup_mspm0g350x_uvision.o(.text)
    DMA_IRQHandler                           0x00000277   Thumb Code     0  startup_mspm0g350x_uvision.o(.text)
    Default_Handler                          0x00000277   Thumb Code     2  startup_mspm0g350x_uvision.o(.text)
    GROUP0_IRQHandler                        0x00000277   Thumb Code     0  startup_mspm0g350x_uvision.o(.text)
    I2C0_IRQHandler                          0x00000277   Thumb Code     0  startup_mspm0g350x_uvision.o(.text)
    I2C1_IRQHandler                          0x00000277   Thumb Code     0  startup_mspm0g350x_uvision.o(.text)
    RTC_IRQHandler                           0x00000277   Thumb Code     0  startup_mspm0g350x_uvision.o(.text)
    SPI0_IRQHandler                          0x00000277   Thumb Code     0  startup_mspm0g350x_uvision.o(.text)
    SPI1_IRQHandler                          0x00000277   Thumb Code     0  startup_mspm0g350x_uvision.o(.text)
    TIMG0_IRQHandler                         0x00000277   Thumb Code     0  startup_mspm0g350x_uvision.o(.text)
    TIMG12_IRQHandler                        0x00000277   Thumb Code     0  startup_mspm0g350x_uvision.o(.text)
    TIMG7_IRQHandler                         0x00000277   Thumb Code     0  startup_mspm0g350x_uvision.o(.text)
    TIMG8_IRQHandler                         0x00000277   Thumb Code     0  startup_mspm0g350x_uvision.o(.text)
    UART1_IRQHandler                         0x00000277   Thumb Code     0  startup_mspm0g350x_uvision.o(.text)
    __user_initial_stackheap                 0x00000279   Thumb Code    10  startup_mspm0g350x_uvision.o(.text)
    vsnprintf                                0x00000299   Thumb Code    50  vsnprintf.o(.text)
    _printf_pre_padding                      0x000002d1   Thumb Code    44  _printf_pad.o(.text)
    _printf_post_padding                     0x000002fd   Thumb Code    34  _printf_pad.o(.text)
    _printf_int_dec                          0x00000321   Thumb Code    90  _printf_dec.o(.text)
    __printf                                 0x0000038d   Thumb Code   386  __printf_flags_ss_wp.o(.text)
    _memset_w                                0x00000515   Thumb Code    26  rt_memclr.o(.text)
    _memset                                  0x0000052f   Thumb Code    30  rt_memclr.o(.text)
    __aeabi_memclr                           0x0000054d   Thumb Code     4  rt_memclr.o(.text)
    __rt_memclr                              0x0000054d   Thumb Code     0  rt_memclr.o(.text)
    __aeabi_memclr4                          0x00000551   Thumb Code     0  rt_memclr.o(.text)
    __aeabi_memclr8                          0x00000551   Thumb Code     0  rt_memclr.o(.text)
    __rt_memclr_w                            0x00000551   Thumb Code     4  rt_memclr.o(.text)
    __aeabi_uidivmod                         0x00000555   Thumb Code    28  aeabi_sdivfast.o(.text)
    __aeabi_idivmod                          0x00000571   Thumb Code   472  aeabi_sdivfast.o(.text)
    __use_two_region_memory                  0x0000074d   Thumb Code     2  heapauxi.o(.text)
    __rt_heap_escrow$2region                 0x0000074f   Thumb Code     2  heapauxi.o(.text)
    __rt_heap_expand$2region                 0x00000751   Thumb Code     2  heapauxi.o(.text)
    __aeabi_fdiv                             0x00000755   Thumb Code     0  fdiv.o(.text)
    _fdiv                                    0x00000755   Thumb Code   334  fdiv.o(.text)
    _frdiv                                   0x000008a3   Thumb Code     8  fdiv.o(.text)
    __aeabi_f2iz                             0x000008b5   Thumb Code     0  ffixi.o(.text)
    _ffix                                    0x000008b5   Thumb Code    76  ffixi.o(.text)
    __aeabi_i2f_normalise                    0x00000901   Thumb Code    72  fflti.o(.text)
    __aeabi_i2f                              0x00000949   Thumb Code    16  fflti.o(.text)
    _fflt                                    0x00000949   Thumb Code     0  fflti.o(.text)
    __aeabi_ui2f                             0x00000959   Thumb Code     6  fflti.o(.text)
    _ffltu                                   0x00000959   Thumb Code     0  fflti.o(.text)
    _printf_truncate_signed                  0x0000095f   Thumb Code    18  _printf_truncate.o(.text)
    _printf_truncate_unsigned                0x00000971   Thumb Code    18  _printf_truncate.o(.text)
    _printf_str                              0x00000983   Thumb Code    82  _printf_str.o(.text)
    _printf_int_common                       0x000009d5   Thumb Code   176  _printf_intcommon.o(.text)
    _printf_charcount                        0x00000a85   Thumb Code    38  _printf_charcount.o(.text)
    _printf_char_common                      0x00000ab7   Thumb Code    32  _printf_char_common.o(.text)
    _sputc                                   0x00000add   Thumb Code    10  _sputc.o(.text)
    _snputc                                  0x00000ae7   Thumb Code    16  _snputc.o(.text)
    _printf_wctomb                           0x00000af9   Thumb Code   182  _printf_wctomb.o(.text)
    _printf_longlong_dec                     0x00000bb5   Thumb Code    94  _printf_longlong_dec.o(.text)
    _printf_longlong_oct                     0x00000c25   Thumb Code    68  _printf_oct_int_ll.o(.text)
    _printf_int_oct                          0x00000c69   Thumb Code    24  _printf_oct_int_ll.o(.text)
    _printf_ll_oct                           0x00000c81   Thumb Code    10  _printf_oct_int_ll.o(.text)
    _printf_longlong_hex                     0x00000c95   Thumb Code    88  _printf_hex_int_ll_ptr.o(.text)
    _printf_int_hex                          0x00000ced   Thumb Code    28  _printf_hex_int_ll_ptr.o(.text)
    _printf_ll_hex                           0x00000d09   Thumb Code    10  _printf_hex_int_ll_ptr.o(.text)
    _printf_hex_ptr                          0x00000d13   Thumb Code    22  _printf_hex_int_ll_ptr.o(.text)
    __rt_udiv10                              0x00000d2d   Thumb Code    40  rtudiv10.o(.text)
    _ll_udiv10                               0x00000d55   Thumb Code   122  lludiv10.o(.text)
    _printf_fp_dec_real                      0x00000f6d   Thumb Code   620  _printf_fp_dec.o(.text)
    _printf_fp_hex_real                      0x000011e5   Thumb Code   718  _printf_fp_hex.o(.text)
    _printf_cs_common                        0x000014bd   Thumb Code    22  _printf_char.o(.text)
    _printf_char                             0x000014d3   Thumb Code    16  _printf_char.o(.text)
    _printf_string                           0x000014e3   Thumb Code     8  _printf_char.o(.text)
    _printf_lcs_common                       0x000014eb   Thumb Code    22  _printf_wchar.o(.text)
    _printf_wchar                            0x00001501   Thumb Code    16  _printf_wchar.o(.text)
    _printf_wstring                          0x00001511   Thumb Code     8  _printf_wchar.o(.text)
    _c16rtomb                                0x00001519   Thumb Code    66  _c16rtomb.o(.text)
    _wcrtomb                                 0x00001519   Thumb Code     0  _c16rtomb.o(.text)
    __fpl_fcmp_InfNaN                        0x0000155d   Thumb Code    96  fcmpin.o(.text)
    __user_setup_stackheap                   0x000015c1   Thumb Code    62  sys_stackheap_outer.o(.text)
    __rt_ctype_table                         0x00001601   Thumb Code    16  rt_ctype_table.o(.text)
    __rt_locale                              0x00001611   Thumb Code     8  rt_locale_intlibspace.o(.text)
    _printf_fp_infnan                        0x00001619   Thumb Code   120  _printf_fp_infnan.o(.text)
    _btod_etento                             0x000016a1   Thumb Code   210  bigflt0.o(.text)
    _btod_d2e                                0x00001779   Thumb Code    64  btod.o(.text)
    _btod_emul                               0x00001bad   Thumb Code    28  btod.o(.text)
    _btod_emuld                              0x00001bc9   Thumb Code   144  btod.o(.text)
    _btod_ediv                               0x00001c59   Thumb Code    26  btod.o(.text)
    _btod_edivd                              0x00001c73   Thumb Code   124  btod.o(.text)
    exit                                     0x00001cf9   Thumb Code    16  exit.o(.text)
    __fpl_cmpreturn                          0x00001d09   Thumb Code    46  cmpret.o(.text)
    __fpl_fcheck_NaN2                        0x00001d39   Thumb Code    10  fnan2.o(.text)
    __user_libspace                          0x00001d49   Thumb Code     8  libspace.o(.text)
    __user_perproc_libspace                  0x00001d49   Thumb Code     0  libspace.o(.text)
    __user_perthread_libspace                0x00001d49   Thumb Code     0  libspace.o(.text)
    strcmp                                   0x00001d51   Thumb Code   176  strcmpv6m.o(.text)
    __fpl_return_NaN                         0x00001e01   Thumb Code    94  retnan.o(.text)
    _sys_exit                                0x00001e61   Thumb Code     8  sys_exit.o(.text)
    __I$use$semihosting                      0x00001e6d   Thumb Code     0  use_no_semi.o(.text)
    __use_no_semihosting_swi                 0x00001e6d   Thumb Code     2  use_no_semi.o(.text)
    DL_Common_delayCycles                    0x00001e6f   Thumb Code    10  dl_common.o(.text.DL_Common_delayCycles)
    __semihosting_library_function           0x00001e6f   Thumb Code     0  indicate_semi.o(.text)
    DL_I2C_fillControllerTXFIFO              0x00001e79   Thumb Code    44  dl_i2c.o(.text.DL_I2C_fillControllerTXFIFO)
    DL_I2C_flushControllerTXFIFO             0x00001ea5   Thumb Code    40  dl_i2c.o(.text.DL_I2C_flushControllerTXFIFO)
    DL_I2C_setClockConfig                    0x00001ecd   Thumb Code    38  dl_i2c.o(.text.DL_I2C_setClockConfig)
    DL_Timer_initFourCCPWMMode               0x00001ef5   Thumb Code   264  dl_timer.o(.text.DL_Timer_initFourCCPWMMode)
    DL_Timer_initTimerMode                   0x00001ffd   Thumb Code   240  dl_timer.o(.text.DL_Timer_initTimerMode)
    DL_Timer_setCaptCompUpdateMethod         0x000020ed   Thumb Code    28  dl_timer.o(.text.DL_Timer_setCaptCompUpdateMethod)
    DL_Timer_setCaptureCompareOutCtl         0x00002109   Thumb Code    24  dl_timer.o(.text.DL_Timer_setCaptureCompareOutCtl)
    DL_Timer_setCaptureCompareValue          0x00002121   Thumb Code    16  dl_timer.o(.text.DL_Timer_setCaptureCompareValue)
    DL_Timer_setClockConfig                  0x00002131   Thumb Code    28  dl_timer.o(.text.DL_Timer_setClockConfig)
    DL_UART_init                             0x0000214d   Thumb Code    72  dl_uart.o(.text.DL_UART_init)
    DL_UART_setClockConfig                   0x00002195   Thumb Code    18  dl_uart.o(.text.DL_UART_setClockConfig)
    GROUP1_IRQHandler                        0x000021a9   Thumb Code   144  encoder_motor.o(.text.GROUP1_IRQHandler)
    IIC_Get_Digtal                           0x00002239   Thumb Code    12  hardware_iic.o(.text.IIC_Get_Digtal)
    SYSCFG_DL_GPIO_init                      0x00002245   Thumb Code   264  ti_msp_dl_config.o(.text.SYSCFG_DL_GPIO_init)
    SYSCFG_DL_I2C_0_init                     0x0000234d   Thumb Code    84  ti_msp_dl_config.o(.text.SYSCFG_DL_I2C_0_init)
    SYSCFG_DL_SYSCTL_init                    0x000023a1   Thumb Code    76  ti_msp_dl_config.o(.text.SYSCFG_DL_SYSCTL_init)
    SYSCFG_DL_SYSTICK_init                   0x000023ed   Thumb Code    48  ti_msp_dl_config.o(.text.SYSCFG_DL_SYSTICK_init)
    SYSCFG_DL_TIMA0_IT_init                  0x0000241d   Thumb Code    68  ti_msp_dl_config.o(.text.SYSCFG_DL_TIMA0_IT_init)
    SYSCFG_DL_TIMA1_IT_init                  0x00002461   Thumb Code    72  ti_msp_dl_config.o(.text.SYSCFG_DL_TIMA1_IT_init)
    SYSCFG_DL_TIMG0_PWM_init                 0x000024a9   Thumb Code   136  ti_msp_dl_config.o(.text.SYSCFG_DL_TIMG0_PWM_init)
    SYSCFG_DL_TIMG12_PWM_init                0x00002531   Thumb Code   144  ti_msp_dl_config.o(.text.SYSCFG_DL_TIMG12_PWM_init)
    SYSCFG_DL_TIMG6_IT_init                  0x000025c1   Thumb Code    56  ti_msp_dl_config.o(.text.SYSCFG_DL_TIMG6_IT_init)
    SYSCFG_DL_UART_0_init                    0x000025f9   Thumb Code   108  ti_msp_dl_config.o(.text.SYSCFG_DL_UART_0_init)
    SYSCFG_DL_UART_1_init                    0x00002665   Thumb Code   104  ti_msp_dl_config.o(.text.SYSCFG_DL_UART_1_init)
    SYSCFG_DL_UART_2_init                    0x000026cd   Thumb Code   108  ti_msp_dl_config.o(.text.SYSCFG_DL_UART_2_init)
    SYSCFG_DL_UART_3_init                    0x00002739   Thumb Code   108  ti_msp_dl_config.o(.text.SYSCFG_DL_UART_3_init)
    SYSCFG_DL_init                           0x000027a5   Thumb Code   100  ti_msp_dl_config.o(.text.SYSCFG_DL_init)
    SYSCFG_DL_initPower                      0x00002809   Thumb Code   160  ti_msp_dl_config.o(.text.SYSCFG_DL_initPower)
    Set_Motor_PWM                            0x000028a9   Thumb Code    96  encoder_motor.o(.text.Set_Motor_PWM)
    SysTick_Handler                          0x00002909   Thumb Code    16  board.o(.text.SysTick_Handler)
    TIMA0_IRQHandler                         0x00002919   Thumb Code   148  task.o(.text.TIMA0_IRQHandler)
    TIMA1_IRQHandler                         0x000029ad   Thumb Code   120  step_motor.o(.text.TIMA1_IRQHandler)
    TIMG6_IRQHandler                         0x00002a25   Thumb Code    80  encoder_motor.o(.text.TIMG6_IRQHandler)
    UART0_IRQHandler                         0x00002a75   Thumb Code    44  com_k230.o(.text.UART0_IRQHandler)
    UART2_IRQHandler                         0x00002aa1   Thumb Code    40  com_jy61p.o(.text.UART2_IRQHandler)
    UART3_IRQHandler                         0x00002ac9   Thumb Code   120  com_lcd.o(.text.UART3_IRQHandler)
    buzzer_off                               0x00002b41   Thumb Code    12  misc_bsp.o(.text.buzzer_off)
    buzzer_on                                0x00002b4d   Thumb Code    12  misc_bsp.o(.text.buzzer_on)
    calculate_tracking_error                 0x00002b59   Thumb Code   300  gray.o(.text.calculate_tracking_error)
    delay_ms                                 0x00002c85   Thumb Code    16  board.o(.text.delay_ms)
    ek_printf                                0x00002c95   Thumb Code    92  board.o(.text.ek_printf)
    encoder_motor_pid                        0x00002cf1   Thumb Code   304  task.o(.text.encoder_motor_pid)
    encoder_motor_pid_init                   0x00002e21   Thumb Code   124  task.o(.text.encoder_motor_pid_init)
    gimbal_step_pid_control                  0x00002e9d   Thumb Code   332  task.o(.text.gimbal_step_pid_control)
    gray_read                                0x00002fe9   Thumb Code    68  gray.o(.text.gray_read)
    hardware_IIC_ReadByte                    0x0000302d   Thumb Code   144  iic.o(.text.hardware_IIC_ReadByte)
    jy61p_ReceiveData                        0x000030bd   Thumb Code   264  com_jy61p.o(.text.jy61p_ReceiveData)
    k230_pack_data                           0x000031c5   Thumb Code   192  com_k230.o(.text.k230_pack_data)
    laser_off                                0x00003285   Thumb Code    12  misc_bsp.o(.text.laser_off)
    laser_on                                 0x00003291   Thumb Code    16  misc_bsp.o(.text.laser_on)
    lc_printf                                0x000032a1   Thumb Code    92  board.o(.text.lc_printf)
    lcd_disp                                 0x000032fd   Thumb Code   408  com_lcd.o(.text.lcd_disp)
    lcd_printf                               0x00003495   Thumb Code    92  board.o(.text.lcd_printf)
    lcd_process                              0x000034f1   Thumb Code   152  com_lcd.o(.text.lcd_process)
    main                                     0x00003589   Thumb Code   184  empty.o(.text.main)
    pid_calculate                            0x00003641   Thumb Code   192  pid.o(.text.pid_calculate)
    pid_init                                 0x00003701   Thumb Code    32  pid.o(.text.pid_init)
    step_motor_start                         0x00003721   Thumb Code    84  step_motor.o(.text.step_motor_start)
    step_motor_stop                          0x00003775   Thumb Code    56  step_motor.o(.text.step_motor_stop)
    step_pid_all_init                        0x000037ad   Thumb Code    40  task.o(.text.step_pid_all_init)
    step_pid_calc                            0x000037d5   Thumb Code   112  pid.o(.text.step_pid_calc)
    step_pid_init                            0x00003845   Thumb Code    10  pid.o(.text.step_pid_init)
    task_process                             0x00003851   Thumb Code   252  task.o(.text.task_process)
    __ARM_common_ll_muluu                    0x0000394d   Thumb Code    48  btod.o(i.__ARM_common_ll_muluu)
    __ARM_fpclassify                         0x0000397d   Thumb Code    40  fpclassify.o(i.__ARM_fpclassify)
    __aeabi_fcmpge                           0x000039a9   Thumb Code     0  fcmp.o(i._fgeq)
    _fgeq                                    0x000039a9   Thumb Code    22  fcmp.o(i._fgeq)
    __aeabi_fcmpgt                           0x000039bf   Thumb Code     0  fcmp.o(i._fgr)
    _fgr                                     0x000039bf   Thumb Code    22  fcmp.o(i._fgr)
    __aeabi_fcmple                           0x000039d5   Thumb Code     0  fcmp.o(i._fleq)
    _fleq                                    0x000039d5   Thumb Code    26  fcmp.o(i._fleq)
    __aeabi_fcmplt                           0x000039ef   Thumb Code     0  fcmp.o(i._fls)
    _fls                                     0x000039ef   Thumb Code    22  fcmp.o(i._fls)
    _is_digit                                0x00003a05   Thumb Code    14  __printf_wp.o(i._is_digit)
    _get_lc_numeric                          0x00003a15   Thumb Code    44  lc_numeric_c.o(locale$$code)
    _get_lc_ctype                            0x00003a41   Thumb Code    44  lc_ctype_c.o(locale$$code)
    __aeabi_fadd                             0x00003a6d   Thumb Code     0  faddsub.o(x$fpl$fadd)
    _fadd                                    0x00003a6d   Thumb Code   134  faddsub.o(x$fpl$fadd)
    _fcmpge                                  0x00003af9   Thumb Code    78  fgef.o(x$fpl$fgeqf)
    __aeabi_cfcmple                          0x00003b4d   Thumb Code     0  flef.o(x$fpl$fleqf)
    _fcmple                                  0x00003b4d   Thumb Code    78  flef.o(x$fpl$fleqf)
    __aeabi_fmul                             0x00003ba1   Thumb Code     0  fmul.o(x$fpl$fmul)
    _fmul                                    0x00003ba1   Thumb Code   172  fmul.o(x$fpl$fmul)
    __aeabi_fsub                             0x00003c51   Thumb Code     0  faddsub.o(x$fpl$fsub)
    _fsub                                    0x00003c51   Thumb Code   204  faddsub.o(x$fpl$fsub)
    _printf_fp_dec                           0x00003d21   Thumb Code    16  printf1.o(x$fpl$printf1)
    _printf_fp_hex                           0x00003d31   Thumb Code    16  printf2.o(x$fpl$printf2)
    __I$use$fp                               0x00003d40   Number         0  usenofp.o(x$fpl$usenofp)
    Region$$Table$$Base                      0x00003fe8   Number         0  anon$$obj.o(Region$$Table)
    Region$$Table$$Limit                     0x00004008   Number         0  anon$$obj.o(Region$$Table)
    __ctype                                  0x00004031   Data           0  lc_ctype_c.o(locale$$data)
    target_base_speed                        0x20200000   Data           4  task.o(.data.target_base_speed)
    task_index                               0x20200004   Data           1  com_lcd.o(.data.task_index)
    __libspace_start                         0x20200008   Data          96  libspace.o(.bss)
    Digtal                                   0x20200068   Data           1  gray.o(.bss.Digtal)
    __temporary_stack_top$libspace           0x20200068   Data           0  libspace.o(.bss)
    Get_Encoder1_count                       0x2020006c   Data           4  encoder_motor.o(.bss.Get_Encoder1_count)
    Get_Encoder2_count                       0x20200070   Data           4  encoder_motor.o(.bss.Get_Encoder2_count)
    Pitch                                    0x20200074   Data           4  com_jy61p.o(.bss.Pitch)
    Roll                                     0x20200078   Data           4  com_jy61p.o(.bss.Roll)
    RxBuffer                                 0x2020007c   Data          11  com_jy61p.o(.bss.RxBuffer)
    Yaw                                      0x2020008c   Data           4  com_jy61p.o(.bss.Yaw)
    delay_times                              0x20200094   Data           4  board.o(.bss.delay_times)
    dx_center_signed                         0x20200098   Data           2  com_k230.o(.bss.dx_center_signed)
    dy_center_signed                         0x2020009a   Data           2  com_k230.o(.bss.dy_center_signed)
    encoder1_cnt                             0x2020009c   Data           4  encoder_motor.o(.bss.encoder1_cnt)
    encoder1_cnt_all                         0x202000a0   Data           4  encoder_motor.o(.bss.encoder1_cnt_all)
    encoder2_cnt                             0x202000a4   Data           4  encoder_motor.o(.bss.encoder2_cnt)
    encoder2_cnt_all                         0x202000a8   Data           4  encoder_motor.o(.bss.encoder2_cnt_all)
    gTIMA0_ITBackup                          0x202000ac   Data         188  ti_msp_dl_config.o(.bss.gTIMA0_ITBackup)
    gTIMA1_ITBackup                          0x20200168   Data         188  ti_msp_dl_config.o(.bss.gTIMA1_ITBackup)
    gTIMG6_ITBackup                          0x20200224   Data         160  ti_msp_dl_config.o(.bss.gTIMG6_ITBackup)
    gUART_3Backup                            0x202002c4   Data          48  ti_msp_dl_config.o(.bss.gUART_3Backup)
    gray_sensor                              0x202002f5   Data           8  task.o(.bss.gray_sensor)
    is_aiming                                0x202002fd   Data           1  task.o(.bss.is_aiming)
    is_reset                                 0x20200300   Data           1  com_lcd.o(.bss.is_reset)
    is_task1_running                         0x20200302   Data           1  com_lcd.o(.bss.is_task1_running)
    is_task2_running                         0x20200304   Data           1  com_lcd.o(.bss.is_task2_running)
    lcd_cmd                                  0x20200318   Data           1  com_lcd.o(.bss.lcd_cmd)
    left_motor_pid                           0x2020031c   Data          48  task.o(.bss.left_motor_pid)
    right_motor_pid                          0x20200350   Data          48  task.o(.bss.right_motor_pid)
    step_motor_x                             0x20200380   Data           6  step_motor.o(.bss.step_motor_x)
    step_motor_y                             0x20200386   Data           6  step_motor.o(.bss.step_motor_y)
    step_x_pid                               0x2020038c   Data          20  task.o(.bss.step_x_pid)
    step_y_pid                               0x202003a0   Data          20  task.o(.bss.step_y_pid)
    straight_target_yaw                      0x202003b4   Data           4  task.o(.bss.straight_target_yaw)
    target_detected                          0x202003b8   Data           1  com_k230.o(.bss.target_detected)
    turn_pid                                 0x202003bc   Data          48  task.o(.bss.turn_pid)
    u0_rx_data                               0x202003ec   Data           1  com_k230.o(.bss.u0_rx_data)
    u0_rx_ok_flag                            0x202003ed   Data           1  com_k230.o(.bss.u0_rx_ok_flag)
    u2_rx_data                               0x202003ee   Data           1  com_jy61p.o(.bss.u2_rx_data)
    u3_rx_data                               0x202003ef   Data           1  com_lcd.o(.bss.u3_rx_data)
    u3_rx_ok_flag                            0x202003f0   Data           1  com_lcd.o(.bss.u3_rx_ok_flag)



==============================================================================

Memory Map of the image

  Image Entry point : 0x000000c1

  Load Region LR_IROM1 (Base: 0x00000000, Size: 0x00004140, Max: 0x00020000, ABSOLUTE)

    Execution Region ER_IROM1 (Exec base: 0x00000000, Load base: 0x00000000, Size: 0x00004134, Max: 0x00020000, ABSOLUTE)

    Exec Addr    Load Addr    Size         Type   Attr      Idx    E Section Name        Object

    0x00000000   0x00000000   0x000000c0   Data   RO           13    RESET               startup_mspm0g350x_uvision.o
    0x000000c0   0x000000c0   0x00000008   Code   RO         1157  * !!!main             c_p.l(__main.o)
    0x000000c8   0x000000c8   0x0000003c   Code   RO         1503    !!!scatter          c_p.l(__scatter.o)
    0x00000104   0x00000104   0x00000004   PAD
    0x00000108   0x00000108   0x0000001a   Code   RO         1505    !!handler_copy      c_p.l(__scatter_copy.o)
    0x00000122   0x00000122   0x00000006   PAD
    0x00000128   0x00000128   0x0000001c   Code   RO         1507    !!handler_zi        c_p.l(__scatter_zi.o)
    0x00000144   0x00000144   0x00000002   Code   RO         1140    .ARM.Collect$$_printf_percent$$00000000  c_p.l(_printf_percent.o)
    0x00000146   0x00000146   0x0000000a   Code   RO         1239    .ARM.Collect$$_printf_percent$$00000001  c_p.l(_printf_n.o)
    0x00000150   0x00000150   0x0000000a   Code   RO         1241    .ARM.Collect$$_printf_percent$$00000002  c_p.l(_printf_p.o)
    0x0000015a   0x0000015a   0x0000000a   Code   RO         1245    .ARM.Collect$$_printf_percent$$00000003  c_p.l(_printf_f.o)
    0x00000164   0x00000164   0x0000000a   Code   RO         1246    .ARM.Collect$$_printf_percent$$00000004  c_p.l(_printf_e.o)
    0x0000016e   0x0000016e   0x0000000a   Code   RO         1247    .ARM.Collect$$_printf_percent$$00000005  c_p.l(_printf_g.o)
    0x00000178   0x00000178   0x0000000a   Code   RO         1248    .ARM.Collect$$_printf_percent$$00000006  c_p.l(_printf_a.o)
    0x00000182   0x00000182   0x0000000a   Code   RO         1253    .ARM.Collect$$_printf_percent$$00000007  c_p.l(_printf_ll.o)
    0x0000018c   0x0000018c   0x0000000a   Code   RO         1243    .ARM.Collect$$_printf_percent$$00000008  c_p.l(_printf_i.o)
    0x00000196   0x00000196   0x0000000a   Code   RO         1139    .ARM.Collect$$_printf_percent$$00000009  c_p.l(_printf_d.o)
    0x000001a0   0x000001a0   0x0000000a   Code   RO         1244    .ARM.Collect$$_printf_percent$$0000000A  c_p.l(_printf_u.o)
    0x000001aa   0x000001aa   0x0000000a   Code   RO         1242    .ARM.Collect$$_printf_percent$$0000000B  c_p.l(_printf_o.o)
    0x000001b4   0x000001b4   0x0000000a   Code   RO         1240    .ARM.Collect$$_printf_percent$$0000000C  c_p.l(_printf_x.o)
    0x000001be   0x000001be   0x0000000a   Code   RO         1250    .ARM.Collect$$_printf_percent$$0000000D  c_p.l(_printf_lli.o)
    0x000001c8   0x000001c8   0x0000000a   Code   RO         1251    .ARM.Collect$$_printf_percent$$0000000E  c_p.l(_printf_lld.o)
    0x000001d2   0x000001d2   0x0000000a   Code   RO         1252    .ARM.Collect$$_printf_percent$$0000000F  c_p.l(_printf_llu.o)
    0x000001dc   0x000001dc   0x0000000a   Code   RO         1257    .ARM.Collect$$_printf_percent$$00000010  c_p.l(_printf_llo.o)
    0x000001e6   0x000001e6   0x0000000a   Code   RO         1258    .ARM.Collect$$_printf_percent$$00000011  c_p.l(_printf_llx.o)
    0x000001f0   0x000001f0   0x0000000a   Code   RO         1254    .ARM.Collect$$_printf_percent$$00000012  c_p.l(_printf_l.o)
    0x000001fa   0x000001fa   0x0000000a   Code   RO         1237    .ARM.Collect$$_printf_percent$$00000013  c_p.l(_printf_c.o)
    0x00000204   0x00000204   0x0000000a   Code   RO         1238    .ARM.Collect$$_printf_percent$$00000014  c_p.l(_printf_s.o)
    0x0000020e   0x0000020e   0x0000000a   Code   RO         1255    .ARM.Collect$$_printf_percent$$00000015  c_p.l(_printf_lc.o)
    0x00000218   0x00000218   0x0000000a   Code   RO         1256    .ARM.Collect$$_printf_percent$$00000016  c_p.l(_printf_ls.o)
    0x00000222   0x00000222   0x00000004   Code   RO         1249    .ARM.Collect$$_printf_percent$$00000017  c_p.l(_printf_percent_end.o)
    0x00000226   0x00000226   0x00000002   Code   RO         1347    .ARM.Collect$$libinit$$00000000  c_p.l(libinit.o)
    0x00000228   0x00000228   0x00000000   Code   RO         1376    .ARM.Collect$$libinit$$00000002  c_p.l(libinit2.o)
    0x00000228   0x00000228   0x00000000   Code   RO         1378    .ARM.Collect$$libinit$$00000004  c_p.l(libinit2.o)
    0x00000228   0x00000228   0x00000000   Code   RO         1381    .ARM.Collect$$libinit$$0000000A  c_p.l(libinit2.o)
    0x00000228   0x00000228   0x00000000   Code   RO         1383    .ARM.Collect$$libinit$$0000000C  c_p.l(libinit2.o)
    0x00000228   0x00000228   0x00000000   Code   RO         1385    .ARM.Collect$$libinit$$0000000E  c_p.l(libinit2.o)
    0x00000228   0x00000228   0x00000006   Code   RO         1386    .ARM.Collect$$libinit$$0000000F  c_p.l(libinit2.o)
    0x0000022e   0x0000022e   0x00000000   Code   RO         1388    .ARM.Collect$$libinit$$00000011  c_p.l(libinit2.o)
    0x0000022e   0x0000022e   0x0000000c   Code   RO         1389    .ARM.Collect$$libinit$$00000012  c_p.l(libinit2.o)
    0x0000023a   0x0000023a   0x00000000   Code   RO         1390    .ARM.Collect$$libinit$$00000013  c_p.l(libinit2.o)
    0x0000023a   0x0000023a   0x00000000   Code   RO         1392    .ARM.Collect$$libinit$$00000015  c_p.l(libinit2.o)
    0x0000023a   0x0000023a   0x0000000a   Code   RO         1393    .ARM.Collect$$libinit$$00000016  c_p.l(libinit2.o)
    0x00000244   0x00000244   0x00000000   Code   RO         1394    .ARM.Collect$$libinit$$00000017  c_p.l(libinit2.o)
    0x00000244   0x00000244   0x00000000   Code   RO         1396    .ARM.Collect$$libinit$$00000019  c_p.l(libinit2.o)
    0x00000244   0x00000244   0x00000000   Code   RO         1398    .ARM.Collect$$libinit$$0000001B  c_p.l(libinit2.o)
    0x00000244   0x00000244   0x00000000   Code   RO         1400    .ARM.Collect$$libinit$$0000001D  c_p.l(libinit2.o)
    0x00000244   0x00000244   0x00000000   Code   RO         1402    .ARM.Collect$$libinit$$0000001F  c_p.l(libinit2.o)
    0x00000244   0x00000244   0x00000000   Code   RO         1404    .ARM.Collect$$libinit$$00000021  c_p.l(libinit2.o)
    0x00000244   0x00000244   0x00000000   Code   RO         1406    .ARM.Collect$$libinit$$00000023  c_p.l(libinit2.o)
    0x00000244   0x00000244   0x00000000   Code   RO         1408    .ARM.Collect$$libinit$$00000025  c_p.l(libinit2.o)
    0x00000244   0x00000244   0x00000000   Code   RO         1412    .ARM.Collect$$libinit$$0000002C  c_p.l(libinit2.o)
    0x00000244   0x00000244   0x00000000   Code   RO         1414    .ARM.Collect$$libinit$$0000002E  c_p.l(libinit2.o)
    0x00000244   0x00000244   0x00000000   Code   RO         1416    .ARM.Collect$$libinit$$00000030  c_p.l(libinit2.o)
    0x00000244   0x00000244   0x00000000   Code   RO         1418    .ARM.Collect$$libinit$$00000032  c_p.l(libinit2.o)
    0x00000244   0x00000244   0x00000002   Code   RO         1419    .ARM.Collect$$libinit$$00000033  c_p.l(libinit2.o)
    0x00000246   0x00000246   0x00000002   Code   RO         1458    .ARM.Collect$$libshutdown$$00000000  c_p.l(libshutdown.o)
    0x00000248   0x00000248   0x00000000   Code   RO         1486    .ARM.Collect$$libshutdown$$00000002  c_p.l(libshutdown2.o)
    0x00000248   0x00000248   0x00000000   Code   RO         1488    .ARM.Collect$$libshutdown$$00000004  c_p.l(libshutdown2.o)
    0x00000248   0x00000248   0x00000000   Code   RO         1491    .ARM.Collect$$libshutdown$$00000007  c_p.l(libshutdown2.o)
    0x00000248   0x00000248   0x00000000   Code   RO         1494    .ARM.Collect$$libshutdown$$0000000A  c_p.l(libshutdown2.o)
    0x00000248   0x00000248   0x00000000   Code   RO         1496    .ARM.Collect$$libshutdown$$0000000C  c_p.l(libshutdown2.o)
    0x00000248   0x00000248   0x00000000   Code   RO         1499    .ARM.Collect$$libshutdown$$0000000F  c_p.l(libshutdown2.o)
    0x00000248   0x00000248   0x00000002   Code   RO         1500    .ARM.Collect$$libshutdown$$00000010  c_p.l(libshutdown2.o)
    0x0000024a   0x0000024a   0x00000000   Code   RO         1186    .ARM.Collect$$rtentry$$00000000  c_p.l(__rtentry.o)
    0x0000024a   0x0000024a   0x00000000   Code   RO         1277    .ARM.Collect$$rtentry$$00000002  c_p.l(__rtentry2.o)
    0x0000024a   0x0000024a   0x00000006   Code   RO         1289    .ARM.Collect$$rtentry$$00000004  c_p.l(__rtentry4.o)
    0x00000250   0x00000250   0x00000000   Code   RO         1279    .ARM.Collect$$rtentry$$00000009  c_p.l(__rtentry2.o)
    0x00000250   0x00000250   0x00000004   Code   RO         1280    .ARM.Collect$$rtentry$$0000000A  c_p.l(__rtentry2.o)
    0x00000254   0x00000254   0x00000000   Code   RO         1282    .ARM.Collect$$rtentry$$0000000C  c_p.l(__rtentry2.o)
    0x00000254   0x00000254   0x00000008   Code   RO         1283    .ARM.Collect$$rtentry$$0000000D  c_p.l(__rtentry2.o)
    0x0000025c   0x0000025c   0x00000002   Code   RO         1360    .ARM.Collect$$rtexit$$00000000  c_p.l(rtexit.o)
    0x0000025e   0x0000025e   0x00000000   Code   RO         1427    .ARM.Collect$$rtexit$$00000002  c_p.l(rtexit2.o)
    0x0000025e   0x0000025e   0x00000004   Code   RO         1428    .ARM.Collect$$rtexit$$00000003  c_p.l(rtexit2.o)
    0x00000262   0x00000262   0x00000006   Code   RO         1429    .ARM.Collect$$rtexit$$00000004  c_p.l(rtexit2.o)
    0x00000268   0x00000268   0x00000030   Code   RO           14    .text               startup_mspm0g350x_uvision.o
    0x00000298   0x00000298   0x00000038   Code   RO         1107    .text               c_p.l(vsnprintf.o)
    0x000002d0   0x000002d0   0x0000004e   Code   RO         1115    .text               c_p.l(_printf_pad.o)
    0x0000031e   0x0000031e   0x00000002   PAD
    0x00000320   0x00000320   0x0000006c   Code   RO         1117    .text               c_p.l(_printf_dec.o)
    0x0000038c   0x0000038c   0x00000188   Code   RO         1136    .text               c_p.l(__printf_flags_ss_wp.o)
    0x00000514   0x00000514   0x00000040   Code   RO         1145    .text               c_p.l(rt_memclr.o)
    0x00000554   0x00000554   0x000001f8   Code   RO         1147    .text               c_p.l(aeabi_sdivfast.o)
    0x0000074c   0x0000074c   0x00000006   Code   RO         1155    .text               c_p.l(heapauxi.o)
    0x00000752   0x00000752   0x00000002   PAD
    0x00000754   0x00000754   0x00000160   Code   RO         1177    .text               fz_ps.l(fdiv.o)
    0x000008b4   0x000008b4   0x0000004c   Code   RO         1180    .text               fz_ps.l(ffixi.o)
    0x00000900   0x00000900   0x0000005e   Code   RO         1182    .text               fz_ps.l(fflti.o)
    0x0000095e   0x0000095e   0x00000024   Code   RO         1191    .text               c_p.l(_printf_truncate.o)
    0x00000982   0x00000982   0x00000052   Code   RO         1193    .text               c_p.l(_printf_str.o)
    0x000009d4   0x000009d4   0x000000b0   Code   RO         1195    .text               c_p.l(_printf_intcommon.o)
    0x00000a84   0x00000a84   0x00000026   Code   RO         1197    .text               c_p.l(_printf_charcount.o)
    0x00000aaa   0x00000aaa   0x00000002   PAD
    0x00000aac   0x00000aac   0x00000030   Code   RO         1199    .text               c_p.l(_printf_char_common.o)
    0x00000adc   0x00000adc   0x0000000a   Code   RO         1201    .text               c_p.l(_sputc.o)
    0x00000ae6   0x00000ae6   0x00000010   Code   RO         1203    .text               c_p.l(_snputc.o)
    0x00000af6   0x00000af6   0x00000002   PAD
    0x00000af8   0x00000af8   0x000000bc   Code   RO         1205    .text               c_p.l(_printf_wctomb.o)
    0x00000bb4   0x00000bb4   0x00000070   Code   RO         1208    .text               c_p.l(_printf_longlong_dec.o)
    0x00000c24   0x00000c24   0x00000070   Code   RO         1214    .text               c_p.l(_printf_oct_int_ll.o)
    0x00000c94   0x00000c94   0x00000098   Code   RO         1234    .text               c_p.l(_printf_hex_int_ll_ptr.o)
    0x00000d2c   0x00000d2c   0x00000028   Code   RO         1259    .text               c_p.l(rtudiv10.o)
    0x00000d54   0x00000d54   0x0000007a   Code   RO         1293    .text               c_p.l(lludiv10.o)
    0x00000dce   0x00000dce   0x00000002   PAD
    0x00000dd0   0x00000dd0   0x00000414   Code   RO         1295    .text               c_p.l(_printf_fp_dec.o)
    0x000011e4   0x000011e4   0x000002d8   Code   RO         1299    .text               c_p.l(_printf_fp_hex.o)
    0x000014bc   0x000014bc   0x0000002e   Code   RO         1304    .text               c_p.l(_printf_char.o)
    0x000014ea   0x000014ea   0x0000002e   Code   RO         1306    .text               c_p.l(_printf_wchar.o)
    0x00001518   0x00001518   0x00000042   Code   RO         1308    .text               c_p.l(_c16rtomb.o)
    0x0000155a   0x0000155a   0x00000002   PAD
    0x0000155c   0x0000155c   0x00000064   Code   RO         1310    .text               fz_ps.l(fcmpin.o)
    0x000015c0   0x000015c0   0x0000003e   Code   RO         1312    .text               c_p.l(sys_stackheap_outer.o)
    0x000015fe   0x000015fe   0x00000002   PAD
    0x00001600   0x00001600   0x00000010   Code   RO         1315    .text               c_p.l(rt_ctype_table.o)
    0x00001610   0x00001610   0x00000008   Code   RO         1320    .text               c_p.l(rt_locale_intlibspace.o)
    0x00001618   0x00001618   0x00000088   Code   RO         1322    .text               c_p.l(_printf_fp_infnan.o)
    0x000016a0   0x000016a0   0x000000d8   Code   RO         1324    .text               c_p.l(bigflt0.o)
    0x00001778   0x00001778   0x00000580   Code   RO         1327    .text               c_p.l(btod.o)
    0x00001cf8   0x00001cf8   0x00000010   Code   RO         1336    .text               c_p.l(exit.o)
    0x00001d08   0x00001d08   0x0000002e   Code   RO         1348    .text               fz_ps.l(cmpret.o)
    0x00001d36   0x00001d36   0x00000002   PAD
    0x00001d38   0x00001d38   0x00000010   Code   RO         1350    .text               fz_ps.l(fnan2.o)
    0x00001d48   0x00001d48   0x00000008   Code   RO         1356    .text               c_p.l(libspace.o)
    0x00001d50   0x00001d50   0x000000b0   Code   RO         1373    .text               c_p.l(strcmpv6m.o)
    0x00001e00   0x00001e00   0x0000005e   Code   RO         1420    .text               fz_ps.l(retnan.o)
    0x00001e5e   0x00001e5e   0x00000002   PAD
    0x00001e60   0x00001e60   0x0000000c   Code   RO         1422    .text               c_p.l(sys_exit.o)
    0x00001e6c   0x00001e6c   0x00000002   Code   RO         1447    .text               c_p.l(use_no_semi.o)
    0x00001e6e   0x00001e6e   0x00000000   Code   RO         1449    .text               c_p.l(indicate_semi.o)
    0x00001e6e   0x00001e6e   0x0000000a   Code   RO          413    .text.DL_Common_delayCycles  dl_common.o
    0x00001e78   0x00001e78   0x0000002c   Code   RO          636    .text.DL_I2C_fillControllerTXFIFO  dl_i2c.o
    0x00001ea4   0x00001ea4   0x00000028   Code   RO          638    .text.DL_I2C_flushControllerTXFIFO  dl_i2c.o
    0x00001ecc   0x00001ecc   0x00000026   Code   RO          632    .text.DL_I2C_setClockConfig  dl_i2c.o
    0x00001ef2   0x00001ef2   0x00000002   PAD
    0x00001ef4   0x00001ef4   0x00000108   Code   RO         1016    .text.DL_Timer_initFourCCPWMMode  dl_timer.o
    0x00001ffc   0x00001ffc   0x000000f0   Code   RO          940    .text.DL_Timer_initTimerMode  dl_timer.o
    0x000020ec   0x000020ec   0x0000001c   Code   RO          982    .text.DL_Timer_setCaptCompUpdateMethod  dl_timer.o
    0x00002108   0x00002108   0x00000018   Code   RO          990    .text.DL_Timer_setCaptureCompareOutCtl  dl_timer.o
    0x00002120   0x00002120   0x00000010   Code   RO          942    .text.DL_Timer_setCaptureCompareValue  dl_timer.o
    0x00002130   0x00002130   0x0000001c   Code   RO          936    .text.DL_Timer_setClockConfig  dl_timer.o
    0x0000214c   0x0000214c   0x00000048   Code   RO         1051    .text.DL_UART_init  dl_uart.o
    0x00002194   0x00002194   0x00000012   Code   RO         1053    .text.DL_UART_setClockConfig  dl_uart.o
    0x000021a6   0x000021a6   0x00000002   PAD
    0x000021a8   0x000021a8   0x00000090   Code   RO          266    .text.GROUP1_IRQHandler  encoder_motor.o
    0x00002238   0x00002238   0x0000000c   Code   RO          137    .text.IIC_Get_Digtal  hardware_iic.o
    0x00002244   0x00002244   0x00000108   Code   RO           25    .text.SYSCFG_DL_GPIO_init  ti_msp_dl_config.o
    0x0000234c   0x0000234c   0x00000054   Code   RO           39    .text.SYSCFG_DL_I2C_0_init  ti_msp_dl_config.o
    0x000023a0   0x000023a0   0x0000004c   Code   RO           27    .text.SYSCFG_DL_SYSCTL_init  ti_msp_dl_config.o
    0x000023ec   0x000023ec   0x00000030   Code   RO           49    .text.SYSCFG_DL_SYSTICK_init  ti_msp_dl_config.o
    0x0000241c   0x0000241c   0x00000044   Code   RO           35    .text.SYSCFG_DL_TIMA0_IT_init  ti_msp_dl_config.o
    0x00002460   0x00002460   0x00000048   Code   RO           33    .text.SYSCFG_DL_TIMA1_IT_init  ti_msp_dl_config.o
    0x000024a8   0x000024a8   0x00000088   Code   RO           31    .text.SYSCFG_DL_TIMG0_PWM_init  ti_msp_dl_config.o
    0x00002530   0x00002530   0x00000090   Code   RO           29    .text.SYSCFG_DL_TIMG12_PWM_init  ti_msp_dl_config.o
    0x000025c0   0x000025c0   0x00000038   Code   RO           37    .text.SYSCFG_DL_TIMG6_IT_init  ti_msp_dl_config.o
    0x000025f8   0x000025f8   0x0000006c   Code   RO           41    .text.SYSCFG_DL_UART_0_init  ti_msp_dl_config.o
    0x00002664   0x00002664   0x00000068   Code   RO           43    .text.SYSCFG_DL_UART_1_init  ti_msp_dl_config.o
    0x000026cc   0x000026cc   0x0000006c   Code   RO           47    .text.SYSCFG_DL_UART_2_init  ti_msp_dl_config.o
    0x00002738   0x00002738   0x0000006c   Code   RO           45    .text.SYSCFG_DL_UART_3_init  ti_msp_dl_config.o
    0x000027a4   0x000027a4   0x00000064   Code   RO           21    .text.SYSCFG_DL_init  ti_msp_dl_config.o
    0x00002808   0x00002808   0x000000a0   Code   RO           23    .text.SYSCFG_DL_initPower  ti_msp_dl_config.o
    0x000028a8   0x000028a8   0x00000060   Code   RO          264    .text.Set_Motor_PWM  encoder_motor.o
    0x00002908   0x00002908   0x00000010   Code   RO           94    .text.SysTick_Handler  board.o
    0x00002918   0x00002918   0x00000094   Code   RO          335    .text.TIMA0_IRQHandler  task.o
    0x000029ac   0x000029ac   0x00000078   Code   RO          252    .text.TIMA1_IRQHandler  step_motor.o
    0x00002a24   0x00002a24   0x00000050   Code   RO          268    .text.TIMG6_IRQHandler  encoder_motor.o
    0x00002a74   0x00002a74   0x0000002c   Code   RO          183    .text.UART0_IRQHandler  com_k230.o
    0x00002aa0   0x00002aa0   0x00000028   Code   RO          231    .text.UART2_IRQHandler  com_jy61p.o
    0x00002ac8   0x00002ac8   0x00000078   Code   RO          208    .text.UART3_IRQHandler  com_lcd.o
    0x00002b40   0x00002b40   0x0000000c   Code   RO          161    .text.buzzer_off    misc_bsp.o
    0x00002b4c   0x00002b4c   0x0000000c   Code   RO          159    .text.buzzer_on     misc_bsp.o
    0x00002b58   0x00002b58   0x0000012c   Code   RO          286    .text.calculate_tracking_error  gray.o
    0x00002c84   0x00002c84   0x00000010   Code   RO           92    .text.delay_ms      board.o
    0x00002c94   0x00002c94   0x0000005c   Code   RO           88    .text.ek_printf     board.o
    0x00002cf0   0x00002cf0   0x00000130   Code   RO          323    .text.encoder_motor_pid  task.o
    0x00002e20   0x00002e20   0x0000007c   Code   RO          321    .text.encoder_motor_pid_init  task.o
    0x00002e9c   0x00002e9c   0x0000014c   Code   RO          319    .text.gimbal_step_pid_control  task.o
    0x00002fe8   0x00002fe8   0x00000044   Code   RO          284    .text.gray_read     gray.o
    0x0000302c   0x0000302c   0x00000090   Code   RO          115    .text.hardware_IIC_ReadByte  iic.o
    0x000030bc   0x000030bc   0x00000108   Code   RO          229    .text.jy61p_ReceiveData  com_jy61p.o
    0x000031c4   0x000031c4   0x000000c0   Code   RO          181    .text.k230_pack_data  com_k230.o
    0x00003284   0x00003284   0x0000000c   Code   RO          167    .text.laser_off     misc_bsp.o
    0x00003290   0x00003290   0x00000010   Code   RO          165    .text.laser_on      misc_bsp.o
    0x000032a0   0x000032a0   0x0000005c   Code   RO           86    .text.lc_printf     board.o
    0x000032fc   0x000032fc   0x00000198   Code   RO          204    .text.lcd_disp      com_lcd.o
    0x00003494   0x00003494   0x0000005c   Code   RO           90    .text.lcd_printf    board.o
    0x000034f0   0x000034f0   0x00000098   Code   RO          206    .text.lcd_process   com_lcd.o
    0x00003588   0x00003588   0x000000b8   Code   RO            2    .text.main          empty.o
    0x00003640   0x00003640   0x000000c0   Code   RO          305    .text.pid_calculate  pid.o
    0x00003700   0x00003700   0x00000020   Code   RO          303    .text.pid_init      pid.o
    0x00003720   0x00003720   0x00000054   Code   RO          248    .text.step_motor_start  step_motor.o
    0x00003774   0x00003774   0x00000038   Code   RO          250    .text.step_motor_stop  step_motor.o
    0x000037ac   0x000037ac   0x00000028   Code   RO          317    .text.step_pid_all_init  task.o
    0x000037d4   0x000037d4   0x00000070   Code   RO          301    .text.step_pid_calc  pid.o
    0x00003844   0x00003844   0x0000000a   Code   RO          299    .text.step_pid_init  pid.o
    0x0000384e   0x0000384e   0x00000002   PAD
    0x00003850   0x00003850   0x000000fc   Code   RO          333    .text.task_process  task.o
    0x0000394c   0x0000394c   0x00000030   Code   RO         1329    i.__ARM_common_ll_muluu  c_p.l(btod.o)
    0x0000397c   0x0000397c   0x0000002c   Code   RO         1354    i.__ARM_fpclassify  m_ps.l(fpclassify.o)
    0x000039a8   0x000039a8   0x00000016   Code   RO         1166    i._fgeq             fz_ps.l(fcmp.o)
    0x000039be   0x000039be   0x00000016   Code   RO         1167    i._fgr              fz_ps.l(fcmp.o)
    0x000039d4   0x000039d4   0x0000001a   Code   RO         1168    i._fleq             fz_ps.l(fcmp.o)
    0x000039ee   0x000039ee   0x00000016   Code   RO         1169    i._fls              fz_ps.l(fcmp.o)
    0x00003a04   0x00003a04   0x0000000e   Code   RO         1129    i._is_digit         c_p.l(__printf_wp.o)
    0x00003a12   0x00003a12   0x00000002   PAD
    0x00003a14   0x00003a14   0x0000002c   Code   RO         1334    locale$$code        c_p.l(lc_numeric_c.o)
    0x00003a40   0x00003a40   0x0000002c   Code   RO         1367    locale$$code        c_p.l(lc_ctype_c.o)
    0x00003a6c   0x00003a6c   0x0000008c   Code   RO         1159    x$fpl$fadd          fz_ps.l(faddsub.o)
    0x00003af8   0x00003af8   0x00000054   Code   RO         1263    x$fpl$fgeqf         fz_ps.l(fgef.o)
    0x00003b4c   0x00003b4c   0x00000054   Code   RO         1265    x$fpl$fleqf         fz_ps.l(flef.o)
    0x00003ba0   0x00003ba0   0x000000b0   Code   RO         1184    x$fpl$fmul          fz_ps.l(fmul.o)
    0x00003c50   0x00003c50   0x000000d0   Code   RO         1161    x$fpl$fsub          fz_ps.l(faddsub.o)
    0x00003d20   0x00003d20   0x00000010   Code   RO         1267    x$fpl$printf1       fz_ps.l(printf1.o)
    0x00003d30   0x00003d30   0x00000010   Code   RO         1269    x$fpl$printf2       fz_ps.l(printf2.o)
    0x00003d40   0x00003d40   0x00000000   Code   RO         1275    x$fpl$usenofp       fz_ps.l(usenofp.o)
    0x00003d40   0x00003d40   0x00000011   Data   RO         1137    .constdata          c_p.l(__printf_flags_ss_wp.o)
    0x00003d51   0x00003d51   0x00000040   Data   RO         1178    .constdata          fz_ps.l(fdiv.o)
    0x00003d91   0x00003d91   0x00000003   PAD
    0x00003d94   0x00003d94   0x00000008   Data   RO         1206    .constdata          c_p.l(_printf_wctomb.o)
    0x00003d9c   0x00003d9c   0x00000028   Data   RO         1235    .constdata          c_p.l(_printf_hex_int_ll_ptr.o)
    0x00003dc4   0x00003dc4   0x00000026   Data   RO         1300    .constdata          c_p.l(_printf_fp_hex.o)
    0x00003dea   0x00003dea   0x00000002   PAD
    0x00003dec   0x00003dec   0x00000094   Data   RO         1325    .constdata          c_p.l(bigflt0.o)
    0x00003e80   0x00003e80   0x00000002   Data   RO           69    .rodata.gI2C_0ClockConfig  ti_msp_dl_config.o
    0x00003e82   0x00003e82   0x00000003   Data   RO           65    .rodata.gTIMA0_ITClockConfig  ti_msp_dl_config.o
    0x00003e85   0x00003e85   0x00000003   PAD
    0x00003e88   0x00003e88   0x00000014   Data   RO           66    .rodata.gTIMA0_ITTimerConfig  ti_msp_dl_config.o
    0x00003e9c   0x00003e9c   0x00000003   Data   RO           63    .rodata.gTIMA1_ITClockConfig  ti_msp_dl_config.o
    0x00003e9f   0x00003e9f   0x00000001   PAD
    0x00003ea0   0x00003ea0   0x00000014   Data   RO           64    .rodata.gTIMA1_ITTimerConfig  ti_msp_dl_config.o
    0x00003eb4   0x00003eb4   0x00000003   Data   RO           61    .rodata.gTIMG0_PWMClockConfig  ti_msp_dl_config.o
    0x00003eb7   0x00003eb7   0x00000001   PAD
    0x00003eb8   0x00003eb8   0x00000008   Data   RO           62    .rodata.gTIMG0_PWMConfig  ti_msp_dl_config.o
    0x00003ec0   0x00003ec0   0x00000003   Data   RO           59    .rodata.gTIMG12_PWMClockConfig  ti_msp_dl_config.o
    0x00003ec3   0x00003ec3   0x00000001   PAD
    0x00003ec4   0x00003ec4   0x00000008   Data   RO           60    .rodata.gTIMG12_PWMConfig  ti_msp_dl_config.o
    0x00003ecc   0x00003ecc   0x00000003   Data   RO           67    .rodata.gTIMG6_ITClockConfig  ti_msp_dl_config.o
    0x00003ecf   0x00003ecf   0x00000001   PAD
    0x00003ed0   0x00003ed0   0x00000014   Data   RO           68    .rodata.gTIMG6_ITTimerConfig  ti_msp_dl_config.o
    0x00003ee4   0x00003ee4   0x00000002   Data   RO           70    .rodata.gUART_0ClockConfig  ti_msp_dl_config.o
    0x00003ee6   0x00003ee6   0x0000000a   Data   RO           71    .rodata.gUART_0Config  ti_msp_dl_config.o
    0x00003ef0   0x00003ef0   0x00000002   Data   RO           72    .rodata.gUART_1ClockConfig  ti_msp_dl_config.o
    0x00003ef2   0x00003ef2   0x0000000a   Data   RO           73    .rodata.gUART_1Config  ti_msp_dl_config.o
    0x00003efc   0x00003efc   0x00000002   Data   RO           76    .rodata.gUART_2ClockConfig  ti_msp_dl_config.o
    0x00003efe   0x00003efe   0x0000000a   Data   RO           77    .rodata.gUART_2Config  ti_msp_dl_config.o
    0x00003f08   0x00003f08   0x00000002   Data   RO           74    .rodata.gUART_3ClockConfig  ti_msp_dl_config.o
    0x00003f0a   0x00003f0a   0x0000000a   Data   RO           75    .rodata.gUART_3Config  ti_msp_dl_config.o
    0x00003f14   0x00003f14   0x000000cf   Data   RO          218    .rodata.str1.1      com_lcd.o
    0x00003fe3   0x00003fe3   0x00000005   PAD
    0x00003fe8   0x00003fe8   0x00000020   Data   RO         1502    Region$$Table       anon$$obj.o
    0x00004008   0x00004008   0x0000001c   Data   RO         1333    locale$$data        c_p.l(lc_numeric_c.o)
    0x00004024   0x00004024   0x00000110   Data   RO         1366    locale$$data        c_p.l(lc_ctype_c.o)


    Execution Region RW_IRAM2 (Exec base: 0x20200000, Load base: 0x00004138, Size: 0x00004600, Max: 0x00008000, ABSOLUTE)

    Exec Addr    Load Addr    Size         Type   Attr      Idx    E Section Name        Object

    0x20200000   0x00004138   0x00000004   Data   RW          341    .data.target_base_speed  task.o
    0x20200004   0x0000413c   0x00000001   Data   RW          216    .data.task_index    com_lcd.o
    0x20200005   0x0000413d   0x00000003   PAD
    0x20200008        -       0x00000060   Zero   RW         1357    .bss                c_p.l(libspace.o)
    0x20200068        -       0x00000001   Zero   RW          288    .bss.Digtal         gray.o
    0x20200069   0x0000413d   0x00000003   PAD
    0x2020006c        -       0x00000004   Zero   RW          270    .bss.Get_Encoder1_count  encoder_motor.o
    0x20200070        -       0x00000004   Zero   RW          271    .bss.Get_Encoder2_count  encoder_motor.o
    0x20200074        -       0x00000004   Zero   RW          238    .bss.Pitch          com_jy61p.o
    0x20200078        -       0x00000004   Zero   RW          237    .bss.Roll           com_jy61p.o
    0x2020007c        -       0x0000000b   Zero   RW          235    .bss.RxBuffer       com_jy61p.o
    0x20200087        -       0x00000001   Zero   RW          236    .bss.RxIndex        com_jy61p.o
    0x20200088        -       0x00000001   Zero   RW          234    .bss.RxState        com_jy61p.o
    0x20200089   0x0000413d   0x00000003   PAD
    0x2020008c        -       0x00000004   Zero   RW          239    .bss.Yaw            com_jy61p.o
    0x20200090        -       0x00000001   Zero   RW          351    .bss.buzzer_time    task.o
    0x20200091   0x0000413d   0x00000003   PAD
    0x20200094        -       0x00000004   Zero   RW          102    .bss.delay_times    board.o
    0x20200098        -       0x00000002   Zero   RW          187    .bss.dx_center_signed  com_k230.o
    0x2020009a        -       0x00000002   Zero   RW          188    .bss.dy_center_signed  com_k230.o
    0x2020009c        -       0x00000004   Zero   RW          272    .bss.encoder1_cnt   encoder_motor.o
    0x202000a0        -       0x00000004   Zero   RW          274    .bss.encoder1_cnt_all  encoder_motor.o
    0x202000a4        -       0x00000004   Zero   RW          273    .bss.encoder2_cnt   encoder_motor.o
    0x202000a8        -       0x00000004   Zero   RW          275    .bss.encoder2_cnt_all  encoder_motor.o
    0x202000ac        -       0x000000bc   Zero   RW           56    .bss.gTIMA0_ITBackup  ti_msp_dl_config.o
    0x20200168        -       0x000000bc   Zero   RW           55    .bss.gTIMA1_ITBackup  ti_msp_dl_config.o
    0x20200224        -       0x000000a0   Zero   RW           57    .bss.gTIMG6_ITBackup  ti_msp_dl_config.o
    0x202002c4        -       0x00000030   Zero   RW           58    .bss.gUART_3Backup  ti_msp_dl_config.o
    0x202002f4        -       0x00000001   Zero   RW          340    .bss.gimbal_step_pid_control.miss_counter  task.o
    0x202002f5        -       0x00000008   Zero   RW          346    .bss.gray_sensor    task.o
    0x202002fd        -       0x00000001   Zero   RW          339    .bss.is_aiming      task.o
    0x202002fe        -       0x00000001   Zero   RW          350    .bss.is_buzzer_on   task.o
    0x202002ff        -       0x00000001   Zero   RW          352    .bss.is_lcd_running  task.o
    0x20200300        -       0x00000001   Zero   RW          220    .bss.is_reset       com_lcd.o
    0x20200301        -       0x00000001   Zero   RW          347    .bss.is_task1       task.o
    0x20200302        -       0x00000001   Zero   RW          217    .bss.is_task1_running  com_lcd.o
    0x20200303        -       0x00000001   Zero   RW          348    .bss.is_task2       task.o
    0x20200304        -       0x00000001   Zero   RW          219    .bss.is_task2_running  com_lcd.o
    0x20200305        -       0x00000001   Zero   RW          193    .bss.k230_pack_data.data_index  com_k230.o
    0x20200306        -       0x00000001   Zero   RW          191    .bss.k230_pack_data.rx_state  com_k230.o
    0x20200307        -       0x0000000a   Zero   RW          192    .bss.k230_pack_data.temp_buff  com_k230.o
    0x20200311        -       0x00000001   Zero   RW          349    .bss.last_aiming    task.o
    0x20200312   0x0000413d   0x00000002   PAD
    0x20200314        -       0x00000004   Zero   RW          290    .bss.last_error     gray.o
    0x20200318        -       0x00000001   Zero   RW          212    .bss.lcd_cmd        com_lcd.o
    0x20200319        -       0x00000001   Zero   RW          355    .bss.lcd_time       task.o
    0x2020031a   0x0000413d   0x00000002   PAD
    0x2020031c        -       0x00000030   Zero   RW          343    .bss.left_motor_pid  task.o
    0x2020034c        -       0x00000001   Zero   RW          289    .bss.lost_line_count  gray.o
    0x2020034d   0x0000413d   0x00000003   PAD
    0x20200350        -       0x00000030   Zero   RW          344    .bss.right_motor_pid  task.o
    0x20200380        -       0x00000006   Zero   RW          254    .bss.step_motor_x   step_motor.o
    0x20200386        -       0x00000006   Zero   RW          255    .bss.step_motor_y   step_motor.o
    0x2020038c        -       0x00000014   Zero   RW          337    .bss.step_x_pid     task.o
    0x202003a0        -       0x00000014   Zero   RW          338    .bss.step_y_pid     task.o
    0x202003b4        -       0x00000004   Zero   RW          342    .bss.straight_target_yaw  task.o
    0x202003b8        -       0x00000001   Zero   RW          189    .bss.target_detected  com_k230.o
    0x202003b9        -       0x00000001   Zero   RW          353    .bss.task1_time     task.o
    0x202003ba        -       0x00000001   Zero   RW          354    .bss.task2_time     task.o
    0x202003bb   0x0000413d   0x00000001   PAD
    0x202003bc        -       0x00000030   Zero   RW          345    .bss.turn_pid       task.o
    0x202003ec        -       0x00000001   Zero   RW          186    .bss.u0_rx_data     com_k230.o
    0x202003ed        -       0x00000001   Zero   RW          185    .bss.u0_rx_ok_flag  com_k230.o
    0x202003ee        -       0x00000001   Zero   RW          233    .bss.u2_rx_data     com_jy61p.o
    0x202003ef        -       0x00000001   Zero   RW          211    .bss.u3_rx_data     com_lcd.o
    0x202003f0        -       0x00000001   Zero   RW          210    .bss.u3_rx_ok_flag  com_lcd.o
    0x202003f1        -       0x00000007   Zero   RW          214    .bss.uart_lcd_pack_data.rx_buffer  com_lcd.o
    0x202003f8        -       0x00000001   Zero   RW          213    .bss.uart_lcd_pack_data.rx_counter  com_lcd.o
    0x202003f9        -       0x00000001   Zero   RW          215    .bss.uart_lcd_pack_data.rx_state  com_lcd.o
    0x202003fa   0x0000413d   0x00000006   PAD
    0x20200400        -       0x00000200   Zero   RW           12    HEAP                startup_mspm0g350x_uvision.o
    0x20200600        -       0x00004000   Zero   RW           11    STACK               startup_mspm0g350x_uvision.o



  Load Region LR_BCR (Base: 0x41c00000, Size: 0x00000000, Max: 0x00000100, ABSOLUTE)

    Execution Region BCR_CONFIG (Exec base: 0x41c00000, Load base: 0x41c00000, Size: 0x00000000, Max: 0x00000080, ABSOLUTE)

    **** No section assigned to this execution region ****



  Load Region LR_BSL (Base: 0x41c00100, Size: 0x00000000, Max: 0x00000100, ABSOLUTE)

    Execution Region BSL_CONFIG (Exec base: 0x41c00100, Load base: 0x41c00100, Size: 0x00000000, Max: 0x00000080, ABSOLUTE)

    **** No section assigned to this execution region ****


==============================================================================

Image component sizes


      Code (inc. data)   RO Data    RW Data    ZI Data      Debug   Object Name

       308         16          0          0          4       5324   board.o
       304         40          0          0         26       4245   com_jy61p.o
       236         52          0          0         19       4825   com_k230.o
       680        232        207          1         15       4912   com_lcd.o
        10          0          0          0          0        609   dl_common.o
       122          4          0          0          0       8366   dl_i2c.o
       600        192          0          0          0      38910   dl_timer.o
        90          8          0          0          0      13856   dl_uart.o
       184         68          0          0          0       5333   empty.o
       320         44          0          0         24       7669   encoder_motor.o
       368         28          0          0          6       1631   gray.o
        12          0          0          0          0       3734   hardware_iic.o
       144         20          0          0          0       8087   iic.o
        52         12          0          0          0       4404   misc_bsp.o
       346          8          0          0          0       2236   pid.o
        48         22        192          0      16896        672   startup_mspm0g350x_uvision.o
       260         40          0          0         12       7869   step_motor.o
      1200        220          0          4        207       7712   task.o
      1636        352        141          0        584      36459   ti_msp_dl_config.o

    ----------------------------------------------------------------------
      6926       1358        584          8      17816     166853   Object Totals
         0          0         32          0          0          0   (incl. Generated)
         6          0         12          3         23          0   (incl. Padding)

    ----------------------------------------------------------------------

      Code (inc. data)   RO Data    RW Data    ZI Data      Debug   Library Member Name

         8          0          0          0          0         68   __main.o
       392          6         17          0          0         76   __printf_flags_ss_wp.o
        14          0          0          0          0         60   __printf_wp.o
         0          0          0          0          0          0   __rtentry.o
        12          0          0          0          0          0   __rtentry2.o
         6          0          0          0          0          0   __rtentry4.o
        60          8          0          0          0          0   __scatter.o
        26          0          0          0          0          0   __scatter_copy.o
        28          0          0          0          0          0   __scatter_zi.o
        66          0          0          0          0         76   _c16rtomb.o
        10          0          0          0          0          0   _printf_a.o
        10          0          0          0          0          0   _printf_c.o
        46          0          0          0          0        100   _printf_char.o
        48          6          0          0          0         88   _printf_char_common.o
        38          0          0          0          0         60   _printf_charcount.o
        10          0          0          0          0          0   _printf_d.o
       108         18          0          0          0         76   _printf_dec.o
        10          0          0          0          0          0   _printf_e.o
        10          0          0          0          0          0   _printf_f.o
      1044         12          0          0          0        116   _printf_fp_dec.o
       728         10         38          0          0         84   _printf_fp_hex.o
       136         16          0          0          0         76   _printf_fp_infnan.o
        10          0          0          0          0          0   _printf_g.o
       152          4         40          0          0        148   _printf_hex_int_ll_ptr.o
        10          0          0          0          0          0   _printf_i.o
       176          0          0          0          0         84   _printf_intcommon.o
        10          0          0          0          0          0   _printf_l.o
        10          0          0          0          0          0   _printf_lc.o
        10          0          0          0          0          0   _printf_ll.o
        10          0          0          0          0          0   _printf_lld.o
        10          0          0          0          0          0   _printf_lli.o
        10          0          0          0          0          0   _printf_llo.o
        10          0          0          0          0          0   _printf_llu.o
        10          0          0          0          0          0   _printf_llx.o
       112         18          0          0          0         76   _printf_longlong_dec.o
        10          0          0          0          0          0   _printf_ls.o
        10          0          0          0          0          0   _printf_n.o
        10          0          0          0          0          0   _printf_o.o
       112         10          0          0          0        112   _printf_oct_int_ll.o
        10          0          0          0          0          0   _printf_p.o
        78          0          0          0          0        100   _printf_pad.o
         2          0          0          0          0          0   _printf_percent.o
         4          0          0          0          0          0   _printf_percent_end.o
        10          0          0          0          0          0   _printf_s.o
        82          0          0          0          0         72   _printf_str.o
        36          0          0          0          0         76   _printf_truncate.o
        10          0          0          0          0          0   _printf_u.o
        46          0          0          0          0        100   _printf_wchar.o
       188          6          8          0          0         80   _printf_wctomb.o
        10          0          0          0          0          0   _printf_x.o
        16          0          0          0          0         60   _snputc.o
        10          0          0          0          0         60   _sputc.o
       504          4          0          0          0         92   aeabi_sdivfast.o
       216          6        148          0          0         80   bigflt0.o
      1456         30          0          0          0        336   btod.o
        16          0          0          0          0         68   exit.o
         6          0          0          0          0        136   heapauxi.o
         0          0          0          0          0          0   indicate_semi.o
        44         10        272          0          0         76   lc_ctype_c.o
        44         10         28          0          0         76   lc_numeric_c.o
         2          0          0          0          0          0   libinit.o
        30          0          0          0          0          0   libinit2.o
         2          0          0          0          0          0   libshutdown.o
         2          0          0          0          0          0   libshutdown2.o
         8          4          0          0         96         68   libspace.o
       122          0          0          0          0         72   lludiv10.o
        16          4          0          0          0         76   rt_ctype_table.o
         8          4          0          0          0         68   rt_locale_intlibspace.o
        64          0          0          0          0        108   rt_memclr.o
         2          0          0          0          0          0   rtexit.o
        10          0          0          0          0          0   rtexit2.o
        40          0          0          0          0         60   rtudiv10.o
       176          4          0          0          0         80   strcmpv6m.o
        12          4          0          0          0         60   sys_exit.o
        62          0          0          0          0         80   sys_stackheap_outer.o
         2          0          0          0          0         68   use_no_semi.o
        56          6          0          0          0         72   vsnprintf.o
        46          0          0          0          0         60   cmpret.o
       348          8          0          0          0        160   faddsub.o
        92          0          0          0          0        272   fcmp.o
       100          4          0          0          0         68   fcmpin.o
       352         10         64          0          0         92   fdiv.o
        76          0          0          0          0         68   ffixi.o
        94          0          0          0          0         92   fflti.o
        84          4          0          0          0         76   fgef.o
        84          4          0          0          0         76   flef.o
       176          4          0          0          0         80   fmul.o
        16          6          0          0          0         68   fnan2.o
        16          4          0          0          0         76   printf1.o
        16          4          0          0          0         76   printf2.o
        94          0          0          0          0         68   retnan.o
         0          0          0          0          0          0   usenofp.o
        44          4          0          0          0         60   fpclassify.o

    ----------------------------------------------------------------------
      8562        256        620          0         96       4916   Library Totals
        30          4          5          0          0          0   (incl. Padding)

    ----------------------------------------------------------------------

      Code (inc. data)   RO Data    RW Data    ZI Data      Debug   Library Name

      6894        200        551          0         96       3524   c_p.l
      1594         48         64          0          0       1332   fz_ps.l
        44          4          0          0          0         60   m_ps.l

    ----------------------------------------------------------------------
      8562        256        620          0         96       4916   Library Totals

    ----------------------------------------------------------------------

==============================================================================


      Code (inc. data)   RO Data    RW Data    ZI Data      Debug   

     15488       1614       1204          8      17912     168969   Grand Totals
     15488       1614       1204          8      17912     168969   ELF Image Totals
     15488       1614       1204          8          0          0   ROM Totals

==============================================================================

    Total RO  Size (Code + RO Data)                16692 (  16.30kB)
    Total RW  Size (RW Data + ZI Data)             17920 (  17.50kB)
    Total ROM Size (Code + RO Data + RW Data)      16700 (  16.31kB)

==============================================================================

