<html>
<body>
<pre>
<h1>µVision Build Log</h1>
<h2>Tool Versions:</h2>
IDE-Version: ¦ÌVision V5.32.0.0
Copyright (C) 2020 ARM Ltd and ARM Germany GmbH. All rights reserved.
License Information: 1 1, 1, LIC=QF82M-X245H-UHA8H-WLHZ2-YRS7S-9IXYI
 
Tool Versions:
Toolchain:       MDK-ARM Plus  Version: 5.32.0.0
Toolchain Path:  C:\user\app\keil\ARM\ARMCLANG\Bin
C Compiler:      ArmClang.exe V6.14.1
Assembler:       Armasm.exe V6.14.1
Linker/Locator:  ArmLink.exe V6.14.1
Library Manager: ArmAr.exe V6.14.1
Hex Converter:   FromElf.exe V6.14.1
CPU DLL:         SARMCM3.DLL V5.32.0.0
Dialog DLL:      DARMCM1.DLL V1.19.4.0
Target DLL:      CMSIS_AGDI.dll V1.32.12.0
Dialog DLL:      TARMCM1.DLL V1.14.3.0
 
<h2>Project:</h2>
C:\user\app\TI\mspm0_sdk_2_05_01_00\epro_v1.4\keil\empty_LP_MSPM0G3507_nortos_keil.uvprojx
Project File Date:  12/11/2025

<h2>Output:</h2>
*** Using Compiler 'V6.14.1', folder: 'C:\user\app\keil\ARM\ARMCLANG\Bin'
Rebuild target 'empty_LP_MSPM0G3507_nortos_keil'
Before Build - User command #1: cmd.exe /C "C:\user\app\TI\mspm0_sdk_2_05_01_00\epro_v1.4\keil\../../tools/keil/syscfg.bat 'C:\user\app\TI\mspm0_sdk_2_05_01_00\epro_v1.4\keil\' empty.syscfg"
Using Sysconfig Tool from "C:\user\app\TI\sysconfig\sysconfig_cli.bat"
"Update the file located at <sdk path>/tools/keil/syscfg.bat to use a different version"
Running script...
Validating...
info: TIMA1_IT(/ti/driverlib/TIMER): Peripheral does not retain register contents in STOP or STANDBY modes. User should take care to save and restore register configuration in application. See Retention Configuration section for more details.
info: TIMA0_IT(/ti/driverlib/TIMER): Peripheral does not retain register contents in STOP or STANDBY modes. User should take care to save and restore register configuration in application. See Retention Configuration section for more details.
info: TIMG6_IT(/ti/driverlib/TIMER): Peripheral does not retain register contents in STOP or STANDBY modes. User should take care to save and restore register configuration in application. See Retention Configuration section for more details.
info: UART_3(/ti/driverlib/UART): Peripheral does not retain register contents in STOP or STANDBY modes. User should take care to save and restore register configuration in application. See Retention Configuration section for more details.
Generating Code (empty.syscfg)...
Unchanged C:\user\app\TI\mspm0_sdk_2_05_01_00\epro_v1.4\ti_msp_dl_config.c...
Unchanged C:\user\app\TI\mspm0_sdk_2_05_01_00\epro_v1.4\ti_msp_dl_config.h...
Unchanged C:\user\app\TI\mspm0_sdk_2_05_01_00\epro_v1.4\Event.dot...
compiling empty.c...
assembling startup_mspm0g350x_uvision.s...
compiling com_k230.c...
compiling ti_msp_dl_config.c...
compiling board.c...
compiling misc_bsp.c...
compiling com_jy61p.c...
compiling step_motor.c...
compiling hardware_iic.c...
compiling encoder_motor.c...
compiling com_lcd.c...
compiling iic.c...
compiling dl_adc12.c...
compiling dl_aes.c...
compiling gray.c...
compiling pid.c...
compiling dl_aesadv.c...
compiling task.c...
compiling dl_comp.c...
compiling dl_common.c...
compiling dl_crcp.c...
compiling dl_crc.c...
compiling dl_dma.c...
compiling dl_dac12.c...
compiling dl_gpamp.c...
compiling dl_gpio.c...
compiling dl_iwdt.c...
compiling dl_keystorectl.c...
compiling dl_lcd.c...
compiling dl_lfss.c...
compiling dl_i2c.c...
compiling dl_mathacl.c...
compiling dl_rtc.c...
compiling dl_opa.c...
compiling dl_rtc_a.c...
compiling dl_rtc_b.c...
compiling dl_scratchpad.c...
compiling dl_flashctl.c...
compiling dl_tamperio.c...
compiling dl_timera.c...
compiling dl_timerg.c...
compiling dl_trng.c...
compiling dl_rtc_common.c...
compiling dl_spi.c...
compiling dl_vref.c...
compiling dl_wwdt.c...
compiling dl_mcan.c...
compiling dl_uart.c...
compiling dl_timer.c...
linking...
Program Size: Code=15488 RO-data=1204 RW-data=8 ZI-data=17912  
FromELF: creating hex file...
".\Objects\empty_LP_MSPM0G3507_nortos_keil.axf" - 0 Error(s), 0 Warning(s).

<h2>Software Packages used:</h2>

Package Vendor: TexasInstruments
                https://software-dl.ti.com/msp430/esd/MSPM0-CMSIS/MSPM0G1X0X_G3X0X/latest/exports/TexasInstruments.MSPM0G1X0X_G3X0X_DFP.1.3.1.pack
                TexasInstruments.MSPM0G1X0X_G3X0X_DFP.1.3.1
                Device Family Pack for Texas Instruments MSPM0G1X0X_G3X0X Series

<h2>Collection of Component include folders:</h2>

<h2>Collection of Component Files used:</h2>
Build Time Elapsed:  00:00:02
</pre>
</body>
</html>
