******************************************************************************
            TI ARM Clang Linker PC v4.0.3                      
******************************************************************************
>> Linked Thu Jul 31 21:39:12 2025

OUTPUT FILE NAME:   <ds25_e_v1.1.out>
ENTRY POINT SYMBOL: "_c_int00_noargs"  address: 00005109


MEMORY CONFIGURATION

         name            origin    length      used     unused   attr    fill
----------------------  --------  ---------  --------  --------  ----  --------
  FLASH                 00000000   00020000  00007030  00018fd0  R  X
  SRAM                  20200000   00008000  00000963  0000769d  RW X
  BCR_CONFIG            41c00000   000000ff  00000000  000000ff  R   
  BSL_CONFIG            41c00100   00000080  00000000  00000080  R   


SEGMENT ALLOCATION MAP

run origin  load origin   length   init length attrs members
----------  ----------- ---------- ----------- ----- -------
00000000    00000000    00007030   00007030    r-x
  00000000    00000000    000000c0   000000c0    r-- .intvecs
  000000c0    000000c0    00005310   00005310    r-x .text
  000053d0    000053d0    00001c20   00001c20    r-- .rodata
  00006ff0    00006ff0    00000040   00000040    r-- .cinit
20200000    20200000    00000766   00000000    rw-
  20200000    20200000    00000715   00000000    rw- .bss
  20200718    20200718    0000004e   00000000    rw- .data
20207e00    20207e00    00000200   00000000    rw-
  20207e00    20207e00    00000200   00000000    rw- .stack


SECTION ALLOCATION MAP

 output                                  attributes/
section   page    origin      length       input sections
--------  ----  ----------  ----------   ----------------
.intvecs   0    00000000    000000c0     
                  00000000    000000c0     startup_mspm0g350x_ticlang.o (.intvecs)

.text      0    000000c0    00005310     
                  000000c0    00000c20     oled.o (.text.OLED_Clear)
                  00000ce0    000009d0     libc.a : _printfi.c.obj (.text:__TI_printfi)
                  000016b0    000003aa     oled.o (.text.OLED_ShowNum)
                  00001a5a    00000002     startup_mspm0g350x_ticlang.o (.text.Default_Handler)
                  00001a5c    00000374     oled.o (.text.OLED_Init)
                  00001dd0    00000270     oled.o (.text.OLED_ShowChar)
                  00002040    00000240     task.o (.text.reset_to_center)
                  00002280    00000220     libc.a : _printfi.c.obj (.text._pconv_a)
                  000024a0    000001dc            : _printfi.c.obj (.text._pconv_g)
                  0000267c    00000192     libclang_rt.builtins.a : adddf3.S.obj (.text.adddf3_subdf3)
                  0000280e    00000002                            : aeabi_div0.c.obj (.text.__aeabi_idiv0)
                  00002810    00000190     oled.o (.text.OLED_Refresh)
                  000029a0    0000013c     libc.a : _printfi.c.obj (.text.fcvt)
                  00002adc    00000124     task.o (.text.motor_pid_task)
                  00002c00    00000120     libc.a : _printfi.c.obj (.text._pconv_e)
                  00002d20    00000120     servo.o (.text.set_angle)
                  00002e40    00000118     com_jy61p.o (.text.jy61p_ReceiveData)
                  00002f58    00000114     empty.o (.text.main)
                  0000306c    0000010c     libclang_rt.builtins.a : divdf3.S.obj (.text.__divdf3)
                  00003178    00000104     driverlib.a : dl_timer.o (.text.DL_Timer_initFourCCPWMMode)
                  0000327c    000000ec     ti_msp_dl_config.o (.text.SYSCFG_DL_GPIO_init)
                  00003368    000000ec     gray.o (.text.calculate_tracking_error)
                  00003454    000000e8     driverlib.a : dl_timer.o (.text.DL_Timer_initTimerMode)
                  0000353c    000000e4     libclang_rt.builtins.a : muldf3.S.obj (.text.__muldf3)
                  00003620    000000e0     pid.o (.text.speed_pid_task)
                  00003700    000000dc     driverlib.a : dl_sysctl_mspm0g1x0x_g3x0x.o (.text.DL_SYSCTL_configSYSPLL)
                  000037dc    000000d8     libc.a : s_scalbn.c.obj (.text.scalbn)
                  000038b4    000000d8     libclang_rt.builtins.a : addsf3.S.obj (.text)
                  0000398c    000000b0     motor.o (.text.GROUP1_IRQHandler)
                  00003a3c    000000a2     libclang_rt.builtins.a : udivmoddi4.S.obj (.text)
                  00003ade    00000002                            : aeabi_div0.c.obj (.text.__aeabi_ldiv0)
                  00003ae0    000000a0     oled.o (.text.OLED_DisplayTurn)
                  00003b80    0000009a     libc.a : memcpy16.S.obj (.text:memcpy)
                  00003c1a    00000002     --HOLE-- [fill = 0]
                  00003c1c    00000094     ti_msp_dl_config.o (.text.SYSCFG_DL_TIMG8_PWM_init)
                  00003cb0    00000090     pid.o (.text.servo_x_pid_task)
                  00003d40    00000090     pid.o (.text.servo_y_pid_task)
                  00003dd0    0000008c     oled.o (.text.OLED_ShowString)
                  00003e5c    0000008c     ti_msp_dl_config.o (.text.SYSCFG_DL_TIMG0_PWM_init)
                  00003ee8    0000008c     libclang_rt.builtins.a : mulsf3.S.obj (.text.__mulsf3)
                  00003f74    00000088     ti_msp_dl_config.o (.text.SYSCFG_DL_initPower)
                  00003ffc    00000084     empty.o (.text.disp_process)
                  00004080    00000082     libclang_rt.builtins.a : divsf3.S.obj (.text.__divsf3)
                  00004102    00000002     --HOLE-- [fill = 0]
                  00004104    0000007c     libc.a : copy_decompress_lzss.c.obj (.text:decompress:lzss)
                  00004180    00000074     libclang_rt.builtins.a : comparedf2.c.obj (.text.__gedf2)
                  000041f4    0000000c                            : aeabi_memset.S.obj (.text.__aeabi_memclr)
                  00004200    00000074                            : truncdfsf2.S.obj (.text.__truncdfsf2)
                  00004274    0000006c     ti_msp_dl_config.o (.text.SYSCFG_DL_UART_0_init)
                  000042e0    0000006c     ti_msp_dl_config.o (.text.SYSCFG_DL_UART_2_init)
                  0000434c    00000068     libclang_rt.builtins.a : comparedf2.c.obj (.text.__ledf2)
                  000043b4    00000068     board.o (.text.ek_printf)
                  0000441c    00000068     board.o (.text.lc_printf)
                  00004484    00000066     libc.a : _printfi.c.obj (.text._mcpy)
                  000044ea    00000002     --HOLE-- [fill = 0]
                  000044ec    00000064     ti_msp_dl_config.o (.text.SYSCFG_DL_SYSCTL_init)
                  00004550    00000062     libclang_rt.builtins.a : aeabi_dcmp.S.obj (.text.__aeabi_dcmp)
                  000045b2    00000002     --HOLE-- [fill = 0]
                  000045b4    00000062                            : aeabi_fcmp.S.obj (.text.__aeabi_fcmp)
                  00004616    00000062     libc.a : memset16.S.obj (.text:memset)
                  00004678    00000060     ti_msp_dl_config.o (.text.SYSCFG_DL_UART_1_init)
                  000046d8    00000060     motor.o (.text.Set_Motor_PWM)
                  00004738    00000060     pid.o (.text.turn_pid_task)
                  00004798    0000005c     oled.o (.text.OLED_ColorTurn)
                  000047f4    0000005c     libc.a : s_frexp.c.obj (.text.frexp)
                  00004850    00000058     motor.o (.text.TIMA0_IRQHandler)
                  000048a8    00000058     libc.a : _ltoa.c.obj (.text.__TI_ltoa)
                  00004900    00000058            : _printfi.c.obj (.text._pconv_f)
                  00004958    00000056     libclang_rt.builtins.a : aeabi_idivmod.S.obj (.text.__aeabi_idivmod)
                  000049ae    00000002     --HOLE-- [fill = 0]
                  000049b0    00000054     ti_msp_dl_config.o (.text.SYSCFG_DL_init)
                  00004a04    00000054     task.o (.text.TIMA1_IRQHandler)
                  00004a58    00000052     libc.a : _printfi.c.obj (.text._ecpy)
                  00004aaa    00000002     --HOLE-- [fill = 0]
                  00004aac    00000050     gray.o (.text.gray_read)
                  00004afc    0000004c     ti_msp_dl_config.o (.text.SYSCFG_DL_SPI_OLED_init)
                  00004b48    0000004c     pid.o (.text.speed_pid_init)
                  00004b94    0000004a     libclang_rt.builtins.a : fixdfsi.S.obj (.text.__fixdfsi)
                  00004bde    00000002     --HOLE-- [fill = 0]
                  00004be0    00000048     driverlib.a : dl_uart.o (.text.DL_UART_init)
                  00004c28    00000044                 : dl_spi.o (.text.DL_SPI_init)
                  00004c6c    00000044                 : dl_sysctl_mspm0g1x0x_g3x0x.o (.text.DL_SYSCTL_switchMCLKfromSYSOSCtoHSCLK)
                  00004cb0    00000042     libclang_rt.builtins.a : fixunsdfsi.S.obj (.text.__fixunsdfsi)
                  00004cf2    00000002     --HOLE-- [fill = 0]
                  00004cf4    00000040                            : aeabi_uidivmod.S.obj (.text.__aeabi_uidivmod)
                  00004d34    00000040                            : extendsfdf2.S.obj (.text.__extendsfdf2)
                  00004d74    00000040     libc.a : atoi.c.obj (.text.atoi)
                  00004db4    00000040            : vsnprintf.c.obj (.text.vsnprintf)
                  00004df4    0000003c     libclang_rt.builtins.a : floatsisf.S.obj (.text.__floatsisf)
                  00004e30    0000003c                            : comparesf2.S.obj (.text.__gtsf2)
                  00004e6c    0000003c     libc.a : autoinit.c.obj (.text:__TI_auto_init_nobinit_nopinit)
                  00004ea8    0000003a     libclang_rt.builtins.a : comparesf2.S.obj (.text.__eqsf2)
                  00004ee2    00000002     --HOLE-- [fill = 0]
                  00004ee4    0000003a                            : muldsi3.S.obj (.text.__muldsi3)
                  00004f1e    00000002     --HOLE-- [fill = 0]
                  00004f20    00000038     ti_msp_dl_config.o (.text.SYSCFG_DL_TIMA0_IC_init)
                  00004f58    00000038     ti_msp_dl_config.o (.text.SYSCFG_DL_TIMA1_IT_init)
                  00004f90    00000038     libclang_rt.builtins.a : fixsfsi.S.obj (.text.__fixsfsi)
                  00004fc8    00000034     pid.o (.text.turn_pid_init)
                  00004ffc    00000030     ti_msp_dl_config.o (.text.SYSCFG_DL_SYSTICK_init)
                  0000502c    00000030     libc.a : _printfi.c.obj (.text._fcpy)
                  0000505c    00000030            : vsnprintf.c.obj (.text._outs)
                  0000508c    0000002c     libclang_rt.builtins.a : floatsidf.S.obj (.text.__floatsidf)
                  000050b8    00000028     com_jy61p.o (.text.UART2_IRQHandler)
                  000050e0    00000028     libclang_rt.builtins.a : floatunsisf.S.obj (.text.__floatunsisf)
                  00005108    00000028     libc.a : boot_cortex_m.c.obj (.text:_c_int00_noargs)
                  00005130    00000024     libclang_rt.builtins.a : floatunsidf.S.obj (.text.__floatunsidf)
                  00005154    00000024                            : muldi3.S.obj (.text.__muldi3)
                  00005178    00000024     misc_bsp.o (.text.key_read)
                  0000519c    00000022     libc.a : memccpy.c.obj (.text.memccpy)
                  000051be    00000002     --HOLE-- [fill = 0]
                  000051c0    00000020     task.o (.text.task1)
                  000051e0    0000001e     libclang_rt.builtins.a : ashldi3.S.obj (.text.__ashldi3)
                  000051fe    00000002     --HOLE-- [fill = 0]
                  00005200    0000001c     driverlib.a : dl_timer.o (.text.DL_Timer_setCaptCompUpdateMethod)
                  0000521c    0000001c                 : dl_timer.o (.text.DL_Timer_setClockConfig)
                  00005238    0000001c     board.o (.text.delay_ms)
                  00005254    00000018     driverlib.a : dl_timer.o (.text.DL_Timer_setCaptureCompareOutCtl)
                  0000526c    00000018     libc.a : vsnprintf.c.obj (.text._outc)
                  00005284    00000018     misc_bsp.o (.text.buzzer_on)
                  0000529c    00000018     task.o (.text.task2)
                  000052b4    00000014     board.o (.text.SysTick_Handler)
                  000052c8    00000014     libclang_rt.builtins.a : aeabi_uldivmod.S.obj (.text.__aeabi_uldivmod)
                  000052dc    00000014     libc.a : _printfi.c.obj (.text.strchr)
                  000052f0    00000012     driverlib.a : dl_spi.o (.text.DL_SPI_setClockConfig)
                  00005302    00000012                 : dl_uart.o (.text.DL_UART_setClockConfig)
                  00005314    00000012     libc.a : copy_decompress_none.c.obj (.text:decompress:none)
                  00005326    00000002     --HOLE-- [fill = 0]
                  00005328    00000010     driverlib.a : dl_timer.o (.text.DL_Timer_setCaptureCompareValue)
                  00005338    00000010     libc.a : wcslen.c.obj (.text.wcslen)
                  00005348    00000010            : copy_zero_init.c.obj (.text:decompress:ZI)
                  00005358    0000000e     libclang_rt.builtins.a : aeabi_memset.S.obj (.text.__aeabi_memset)
                  00005366    0000000e     libc.a : _printfi.c.obj (.text.strlen)
                  00005374    0000000a     driverlib.a : dl_common.o (.text.DL_Common_delayCycles)
                  0000537e    0000000a     libc.a : _printfi.c.obj (.text.OUTLINED_FUNCTION_0)
                  00005388    00000010     libclang_rt.builtins.a : adddf3.S.obj (.tramp.__aeabi_dsub.1)
                  00005398    0000000a     libc.a : _printfi.c.obj (.text.OUTLINED_FUNCTION_1)
                  000053a2    00000002     --HOLE-- [fill = 0]
                  000053a4    00000008            : aeabi_portable.c.obj (.text.__aeabi_errno_addr)
                  000053ac    00000008     libclang_rt.builtins.a : aeabi_memcpy.S.obj (.text.__aeabi_memcpy)
                  000053b4    00000006     libc.a : exit.c.obj (.text:abort)
                  000053ba    00000004     libsysbm.a : hostexit.c.obj (.text.HOSTexit)
                  000053be    00000004     startup_mspm0g350x_ticlang.o (.text.Reset_Handler)
                  000053c2    00000004     libc.a : pre_init.c.obj (.text._system_pre_init)
                  000053c6    0000000a     --HOLE-- [fill = 0]

.cinit     0    00006ff0    00000040     
                  00006ff0    00000016     (.cinit..data.load) [load image, compression = lzss]
                  00007006    00000002     --HOLE-- [fill = 0]
                  00007008    0000000c     (__TI_handler_table)
                  00007014    00000008     (.cinit..bss.load) [load image, compression = zero_init]
                  0000701c    00000010     (__TI_cinit_table)
                  0000702c    00000004     --HOLE-- [fill = 0]

.rodata    0    000053d0    00001c20     
                  000053d0    00000d5c     oled.o (.rodata.asc2_2412)
                  0000612c    000005f0     oled.o (.rodata.asc2_1608)
                  0000671c    00000474     oled.o (.rodata.asc2_1206)
                  00006b90    00000228     oled.o (.rodata.asc2_0806)
                  00006db8    00000008     ti_msp_dl_config.o (.rodata.gTIMG0_PWMConfig)
                  00006dc0    00000101     libc.a : aeabi_ctype.S.obj (.rodata:__aeabi_ctype_table_)
                  00006ec1    00000003     ti_msp_dl_config.o (.rodata.gTIMA0_ICClockConfig)
                  00006ec4    00000028     ti_msp_dl_config.o (.rodata.gSYSPLLConfig)
                  00006eec    00000016     empty.o (.rodata.str1.7401042497206923953.1)
                  00006f02    00000002     ti_msp_dl_config.o (.rodata.gSPI_OLED_clockConfig)
                  00006f04    00000014     ti_msp_dl_config.o (.rodata.gTIMA0_ICTimerConfig)
                  00006f18    00000014     ti_msp_dl_config.o (.rodata.gTIMA1_ITTimerConfig)
                  00006f2c    00000012     empty.o (.rodata.str1.16704889451495720520.1)
                  00006f3e    00000011     libc.a : _printfi.c.obj (.rodata.str1.10348868589481759720.1)
                  00006f4f    00000011            : _printfi.c.obj (.rodata.str1.15363888844622738466.1)
                  00006f60    0000000e     empty.o (.rodata.str1.11898133897667081452.1)
                  00006f6e    0000000e     task.o (.rodata.str1.13327075223462700773.1)
                  00006f7c    0000000c     com_jy61p.o (.rodata.str1.5148321755829237278.1)
                  00006f88    0000000a     ti_msp_dl_config.o (.rodata.gSPI_OLED_config)
                  00006f92    0000000a     ti_msp_dl_config.o (.rodata.gUART_0Config)
                  00006f9c    0000000a     ti_msp_dl_config.o (.rodata.gUART_1Config)
                  00006fa6    0000000a     ti_msp_dl_config.o (.rodata.gUART_2Config)
                  00006fb0    0000000a     empty.o (.rodata.str1.254342170260855183.1)
                  00006fba    00000002     ti_msp_dl_config.o (.rodata.gUART_0ClockConfig)
                  00006fbc    00000008     ti_msp_dl_config.o (.rodata.gTIMG8_PWMConfig)
                  00006fc4    00000007     empty.o (.rodata.str1.14685083708502177989.1)
                  00006fcb    00000007     empty.o (.rodata.str1.17669528882079347314.1)
                  00006fd2    00000007     empty.o (.rodata.str1.9517790425240694019.1)
                  00006fd9    00000003     ti_msp_dl_config.o (.rodata.gTIMA1_ITClockConfig)
                  00006fdc    00000003     ti_msp_dl_config.o (.rodata.gTIMG0_PWMClockConfig)
                  00006fdf    00000003     ti_msp_dl_config.o (.rodata.gTIMG8_PWMClockConfig)
                  00006fe2    00000002     ti_msp_dl_config.o (.rodata.gUART_1ClockConfig)
                  00006fe4    00000002     ti_msp_dl_config.o (.rodata.gUART_2ClockConfig)
                  00006fe6    0000000a     --HOLE-- [fill = 0]

.init_array 
*          0    00000000    00000000     UNINITIALIZED

.binit     0    00000000    00000000     

.bss       0    20200000    00000715     UNINITIALIZED
                  20200000    00000480     (.common:OLED_GRAM)
                  20200480    000000bc     (.common:gTIMA0_ICBackup)
                  2020053c    000000bc     (.common:gTIMA1_ITBackup)
                  202005f8    0000003c     (.common:speed_pid)
                  20200634    0000003c     (.common:turn_pid)
                  20200670    00000028     (.common:gSPI_OLEDBackup)
                  20200698    0000001c     (.common:gray_sensor)
                  202006b4    0000000b     (.common:RxBuffer)
                  202006bf    00000001     task.o (.bss.is_task1)
                  202006c0    00000008     (.common:MAX_OFFSET_ANGLE)
                  202006c8    00000008     (.common:pulse_1)
                  202006d0    00000008     (.common:pulse_2)
                  202006d8    00000004     (.common:Get_Encoder1_count)
                  202006dc    00000004     (.common:Get_Encoder2_count)
                  202006e0    00000004     (.common:Pitch)
                  202006e4    00000004     (.common:Roll)
                  202006e8    00000004     (.common:Yaw)
                  202006ec    00000004     (.common:encoder1_cnt)
                  202006f0    00000004     (.common:encoder1_cnt_all)
                  202006f4    00000004     (.common:encoder2_cnt)
                  202006f8    00000004     (.common:encoder2_cnt_all)
                  202006fc    00000004     (.common:gpio_interrup1)
                  20200700    00000004     (.common:gpio_interrup2)
                  20200704    00000002     (.common:ERROR_THRESHOLD_X)
                  20200706    00000002     (.common:ERROR_THRESHOLD_Y)
                  20200708    00000002     (.common:center_x)
                  2020070a    00000002     (.common:center_y)
                  2020070c    00000002     (.common:uv_x)
                  2020070e    00000002     (.common:uv_y)
                  20200710    00000001     task.o (.bss.is_task2)
                  20200711    00000001     task.o (.bss.task1_time)
                  20200712    00000001     task.o (.bss.task2_time)
                  20200713    00000001     (.common:TASK_INDEX)
                  20200714    00000001     (.common:is_buzzer_on)

.data      0    20200718    0000004e     UNINITIALIZED
                  20200718    00000014     pid.o (.data.servo_x_pid)
                  2020072c    00000014     pid.o (.data.servo_y_pid)
                  20200740    00000008     task.o (.data.angle_x)
                  20200748    00000008     task.o (.data.angle_y)
                  20200750    00000004     libc.a : aeabi_portable.c.obj (.data.__aeabi_errno)
                  20200754    00000004     board.o (.data.delay_times)
                  20200758    00000004     task.o (.data.last_yaw)
                  2020075c    00000004     task.o (.data.yaw_sum)
                  20200760    00000001     com_jy61p.o (.data.RxIndex)
                  20200761    00000001     com_jy61p.o (.data.RxState)
                  20200762    00000001     empty.o (.data.key_process.key_old)
                  20200763    00000001     task.o (.data.laps_count)
                  20200764    00000001     empty.o (.data.set_laps)
                  20200765    00000001     com_jy61p.o (.data.u2_rx_data)

.stack     0    20207e00    00000200     UNINITIALIZED
                  20207e00    00000004     libc.a : boot_cortex_m.c.obj (.stack)
                  20207e04    000001fc     --HOLE--

__llvm_prf_cnts 
*          0    20200000    00000000     UNINITIALIZED

__llvm_prf_bits 
*          0    20200000    00000000     UNINITIALIZED

MODULE SUMMARY

       Module                         code    ro data   rw data
       ------                         ----    -------   -------
    .\
       ti_msp_dl_config.o             1392    156       416    
       empty.o                        408     85        2      
       startup_mspm0g350x_ticlang.o   6       192       0      
    +--+------------------------------+-------+---------+---------+
       Total:                         1806    433       418    
                                                               
    .\BSP\
       task.o                         1008    14        71     
       pid.o                          736     0         160    
       motor.o                        360     0         32     
       com_jy61p.o                    320     12        26     
       gray.o                         316     0         0      
       servo.o                        288     0         16     
       misc_bsp.o                     60      0         0      
       com_k230.o                     0       0         8      
    +--+------------------------------+-------+---------+---------+
       Total:                         3088    26        313    
                                                               
    .\BSP\OLED\
       oled.o                         6342    6632      1152   
    +--+------------------------------+-------+---------+---------+
       Total:                         6342    6632      1152   
                                                               
    .\Board\
       board.o                        256     0         4      
    +--+------------------------------+-------+---------+---------+
       Total:                         256     0         4      
                                                               
    C:/ti/mspm0_sdk_2_05_01_00/source/ti/driverlib/lib/ticlang/m0p/mspm0g1x0x_g3x0x/driverlib.a
       dl_timer.o                     588     0         0      
       dl_sysctl_mspm0g1x0x_g3x0x.o   288     0         0      
       dl_uart.o                      90      0         0      
       dl_spi.o                       86      0         0      
       dl_common.o                    10      0         0      
    +--+------------------------------+-------+---------+---------+
       Total:                         1062    0         0      
                                                               
    C:\ti\ccs2020\ccs\tools\compiler\ti-cgt-armllvm_4.0.3.LTS\lib\armv6m-ti-none-eabi/c/libc.a
       _printfi.c.obj                 4510    34        0      
       aeabi_ctype.S.obj              0       257       0      
       s_scalbn.c.obj                 216     0         0      
       memcpy16.S.obj                 154     0         0      
       vsnprintf.c.obj                136     0         0      
       copy_decompress_lzss.c.obj     124     0         0      
       memset16.S.obj                 98      0         0      
       s_frexp.c.obj                  92      0         0      
       _ltoa.c.obj                    88      0         0      
       atoi.c.obj                     64      0         0      
       autoinit.c.obj                 60      0         0      
       boot_cortex_m.c.obj            40      0         0      
       memccpy.c.obj                  34      0         0      
       copy_decompress_none.c.obj     18      0         0      
       copy_zero_init.c.obj           16      0         0      
       wcslen.c.obj                   16      0         0      
       aeabi_portable.c.obj           8       0         4      
       exit.c.obj                     6       0         0      
       pre_init.c.obj                 4       0         0      
    +--+------------------------------+-------+---------+---------+
       Total:                         5684    291       4      
                                                               
    C:\ti\ccs2020\ccs\tools\compiler\ti-cgt-armllvm_4.0.3.LTS\lib\armv6m-ti-none-eabi/c/libsysbm.a
       hostexit.c.obj                 4       0         0      
    +--+------------------------------+-------+---------+---------+
       Total:                         4       0         0      
                                                               
    C:\ti\ccs2020\ccs\tools\compiler\ti-cgt-armllvm_4.0.3.LTS\lib\armv6m-ti-none-eabi/libclang_rt.builtins.a
       adddf3.S.obj                   418     0         0      
       divdf3.S.obj                   268     0         0      
       muldf3.S.obj                   228     0         0      
       comparedf2.c.obj               220     0         0      
       addsf3.S.obj                   216     0         0      
       udivmoddi4.S.obj               162     0         0      
       mulsf3.S.obj                   140     0         0      
       divsf3.S.obj                   130     0         0      
       comparesf2.S.obj               118     0         0      
       truncdfsf2.S.obj               116     0         0      
       aeabi_dcmp.S.obj               98      0         0      
       aeabi_fcmp.S.obj               98      0         0      
       aeabi_idivmod.S.obj            86      0         0      
       fixdfsi.S.obj                  74      0         0      
       fixunsdfsi.S.obj               66      0         0      
       aeabi_uidivmod.S.obj           64      0         0      
       extendsfdf2.S.obj              64      0         0      
       floatsisf.S.obj                60      0         0      
       muldsi3.S.obj                  58      0         0      
       fixsfsi.S.obj                  56      0         0      
       floatsidf.S.obj                44      0         0      
       floatunsisf.S.obj              40      0         0      
       floatunsidf.S.obj              36      0         0      
       muldi3.S.obj                   36      0         0      
       ashldi3.S.obj                  30      0         0      
       aeabi_memset.S.obj             26      0         0      
       aeabi_uldivmod.S.obj           20      0         0      
       aeabi_memcpy.S.obj             8       0         0      
       aeabi_div0.c.obj               4       0         0      
    +--+------------------------------+-------+---------+---------+
       Total:                         2984    0         0      
                                                               
       Stack:                         0       0         512    
       Linker Generated:              0       58        0      
    +--+------------------------------+-------+---------+---------+
       Grand Total:                   21226   7440      2403   


LINKER GENERATED COPY TABLES

__TI_cinit_table @ 0000701c records: 2, size/record: 8, table size: 16
	.data: load addr=00006ff0, load size=00000016 bytes, run addr=20200718, run size=0000004e bytes, compression=lzss
	.bss: load addr=00007014, load size=00000008 bytes, run addr=20200000, run size=00000715 bytes, compression=zero_init


LINKER GENERATED HANDLER TABLE

__TI_handler_table @ 00007008 records: 3, size/record: 4, table size: 12
	index: 0, handler: __TI_decompress_lzss
	index: 1, handler: __TI_decompress_none
	index: 2, handler: __TI_zero_init


FAR CALL TRAMPOLINES

callee name               trampoline name
   callee addr  tramp addr   call addr  call info
--------------  -----------  ---------  ----------------
__aeabi_dsub              $Tramp$TT$L$PI$$__aeabi_dsub
   0000267d     00005388     00005386   libc.a : _printfi.c.obj (.text.OUTLINED_FUNCTION_0)

[1 trampolines]
[1 trampoline calls]


GLOBAL SYMBOLS: SORTED ALPHABETICALLY BY Name 

address   name                                 
-------   ----                                 
00001a5b  ADC0_IRQHandler                      
00001a5b  ADC1_IRQHandler                      
00001a5b  AES_IRQHandler                       
000053ba  C$$EXIT                              
00001a5b  CANFD0_IRQHandler                    
00001a5b  DAC0_IRQHandler                      
00005375  DL_Common_delayCycles                
00004c29  DL_SPI_init                          
000052f1  DL_SPI_setClockConfig                
00003701  DL_SYSCTL_configSYSPLL               
00004c6d  DL_SYSCTL_switchMCLKfromSYSOSCtoHSCLK
00003179  DL_Timer_initFourCCPWMMode           
00003455  DL_Timer_initTimerMode               
00005201  DL_Timer_setCaptCompUpdateMethod     
00005255  DL_Timer_setCaptureCompareOutCtl     
00005329  DL_Timer_setCaptureCompareValue      
0000521d  DL_Timer_setClockConfig              
00004be1  DL_UART_init                         
00005303  DL_UART_setClockConfig               
00001a5b  DMA_IRQHandler                       
00001a5b  Default_Handler                      
20200704  ERROR_THRESHOLD_X                    
20200706  ERROR_THRESHOLD_Y                    
00001a5b  GROUP0_IRQHandler                    
0000398d  GROUP1_IRQHandler                    
202006d8  Get_Encoder1_count                   
202006dc  Get_Encoder2_count                   
000053bb  HOSTexit                             
00001a5b  HardFault_Handler                    
00001a5b  I2C0_IRQHandler                      
00001a5b  I2C1_IRQHandler                      
202006c0  MAX_OFFSET_ANGLE                     
00001a5b  NMI_Handler                          
000000c1  OLED_Clear                           
00004799  OLED_ColorTurn                       
00003ae1  OLED_DisplayTurn                     
20200000  OLED_GRAM                            
00001a5d  OLED_Init                            
00002811  OLED_Refresh                         
00001dd1  OLED_ShowChar                        
000016b1  OLED_ShowNum                         
00003dd1  OLED_ShowString                      
00001a5b  PendSV_Handler                       
202006e0  Pitch                                
00001a5b  RTC_IRQHandler                       
000053bf  Reset_Handler                        
202006e4  Roll                                 
202006b4  RxBuffer                             
00001a5b  SPI0_IRQHandler                      
00001a5b  SPI1_IRQHandler                      
00001a5b  SVC_Handler                          
0000327d  SYSCFG_DL_GPIO_init                  
00004afd  SYSCFG_DL_SPI_OLED_init              
000044ed  SYSCFG_DL_SYSCTL_init                
00004ffd  SYSCFG_DL_SYSTICK_init               
00004f21  SYSCFG_DL_TIMA0_IC_init              
00004f59  SYSCFG_DL_TIMA1_IT_init              
00003e5d  SYSCFG_DL_TIMG0_PWM_init             
00003c1d  SYSCFG_DL_TIMG8_PWM_init             
00004275  SYSCFG_DL_UART_0_init                
00004679  SYSCFG_DL_UART_1_init                
000042e1  SYSCFG_DL_UART_2_init                
000049b1  SYSCFG_DL_init                       
00003f75  SYSCFG_DL_initPower                  
000046d9  Set_Motor_PWM                        
000052b5  SysTick_Handler                      
20200713  TASK_INDEX                           
00004851  TIMA0_IRQHandler                     
00004a05  TIMA1_IRQHandler                     
00001a5b  TIMG0_IRQHandler                     
00001a5b  TIMG12_IRQHandler                    
00001a5b  TIMG6_IRQHandler                     
00001a5b  TIMG7_IRQHandler                     
00001a5b  TIMG8_IRQHandler                     
00001a5b  UART0_IRQHandler                     
00001a5b  UART1_IRQHandler                     
000050b9  UART2_IRQHandler                     
00001a5b  UART3_IRQHandler                     
202006e8  Yaw                                  
20208000  __STACK_END                          
00000200  __STACK_SIZE                         
00000000  __TI_ATRegion0_region_sz             
00000000  __TI_ATRegion0_src_addr              
00000000  __TI_ATRegion0_trg_addr              
00000000  __TI_ATRegion1_region_sz             
00000000  __TI_ATRegion1_src_addr              
00000000  __TI_ATRegion1_trg_addr              
00000000  __TI_ATRegion2_region_sz             
00000000  __TI_ATRegion2_src_addr              
00000000  __TI_ATRegion2_trg_addr              
0000701c  __TI_CINIT_Base                      
0000702c  __TI_CINIT_Limit                     
0000702c  __TI_CINIT_Warm                      
00007008  __TI_Handler_Table_Base              
00007014  __TI_Handler_Table_Limit             
00004e6d  __TI_auto_init_nobinit_nopinit       
00004105  __TI_decompress_lzss                 
00005315  __TI_decompress_none                 
000048a9  __TI_ltoa                            
ffffffff  __TI_pprof_out_hndl                  
00000ce1  __TI_printfi                         
ffffffff  __TI_prof_data_size                  
ffffffff  __TI_prof_data_start                 
00000000  __TI_static_base__                   
00005349  __TI_zero_init                       
00002687  __adddf3                             
000038bf  __addsf3                             
00006dc0  __aeabi_ctype_table_                 
00006dc0  __aeabi_ctype_table_C                
00004201  __aeabi_d2f                          
00004b95  __aeabi_d2iz                         
00004cb1  __aeabi_d2uiz                        
00002687  __aeabi_dadd                         
00004551  __aeabi_dcmpeq                       
0000458d  __aeabi_dcmpge                       
000045a1  __aeabi_dcmpgt                       
00004579  __aeabi_dcmple                       
00004565  __aeabi_dcmplt                       
0000306d  __aeabi_ddiv                         
0000353d  __aeabi_dmul                         
0000267d  __aeabi_dsub                         
20200750  __aeabi_errno                        
000053a5  __aeabi_errno_addr                   
00004d35  __aeabi_f2d                          
00004f91  __aeabi_f2iz                         
000038bf  __aeabi_fadd                         
000045b5  __aeabi_fcmpeq                       
000045f1  __aeabi_fcmpge                       
00004605  __aeabi_fcmpgt                       
000045dd  __aeabi_fcmple                       
000045c9  __aeabi_fcmplt                       
00004081  __aeabi_fdiv                         
00003ee9  __aeabi_fmul                         
000038b5  __aeabi_fsub                         
0000508d  __aeabi_i2d                          
00004df5  __aeabi_i2f                          
00004959  __aeabi_idiv                         
0000280f  __aeabi_idiv0                        
00004959  __aeabi_idivmod                      
00003adf  __aeabi_ldiv0                        
000051e1  __aeabi_llsl                         
00005155  __aeabi_lmul                         
000041f5  __aeabi_memclr                       
000041f5  __aeabi_memclr4                      
000041f5  __aeabi_memclr8                      
000053ad  __aeabi_memcpy                       
000053ad  __aeabi_memcpy4                      
000053ad  __aeabi_memcpy8                      
00005359  __aeabi_memset                       
00005359  __aeabi_memset4                      
00005359  __aeabi_memset8                      
00005131  __aeabi_ui2d                         
000050e1  __aeabi_ui2f                         
00004cf5  __aeabi_uidiv                        
00004cf5  __aeabi_uidivmod                     
000052c9  __aeabi_uldivmod                     
000051e1  __ashldi3                            
ffffffff  __binit__                            
0000434d  __cmpdf2                             
00004ea9  __cmpsf2                             
0000306d  __divdf3                             
00004081  __divsf3                             
0000434d  __eqdf2                              
00004ea9  __eqsf2                              
00004d35  __extendsfdf2                        
00004b95  __fixdfsi                            
00004f91  __fixsfsi                            
00004cb1  __fixunsdfsi                         
0000508d  __floatsidf                          
00004df5  __floatsisf                          
00005131  __floatunsidf                        
000050e1  __floatunsisf                        
00004181  __gedf2                              
00004e31  __gesf2                              
00004181  __gtdf2                              
00004e31  __gtsf2                              
0000434d  __ledf2                              
00004ea9  __lesf2                              
0000434d  __ltdf2                              
00004ea9  __ltsf2                              
UNDEFED   __mpu_init                           
0000353d  __muldf3                             
00005155  __muldi3                             
00004ee5  __muldsi3                            
00003ee9  __mulsf3                             
0000434d  __nedf2                              
00004ea9  __nesf2                              
20207e00  __stack                              
20200000  __start___llvm_prf_bits              
20200000  __start___llvm_prf_cnts              
20200000  __stop___llvm_prf_bits               
20200000  __stop___llvm_prf_cnts               
0000267d  __subdf3                             
000038b5  __subsf3                             
00004201  __truncdfsf2                         
00003a3d  __udivmoddi4                         
00005109  _c_int00_noargs                      
UNDEFED   _system_post_cinit                   
000053c3  _system_pre_init                     
000053b5  abort                                
20200740  angle_x                              
20200748  angle_y                              
00006b90  asc2_0806                            
0000671c  asc2_1206                            
0000612c  asc2_1608                            
000053d0  asc2_2412                            
00004d75  atoi                                 
ffffffff  binit                                
00005285  buzzer_on                            
00003369  calculate_tracking_error             
20200708  center_x                             
2020070a  center_y                             
00005239  delay_ms                             
20200754  delay_times                          
00003ffd  disp_process                         
000043b5  ek_printf                            
202006ec  encoder1_cnt                         
202006f0  encoder1_cnt_all                     
202006f4  encoder2_cnt                         
202006f8  encoder2_cnt_all                     
000047f5  frexp                                
000047f5  frexpl                               
20200670  gSPI_OLEDBackup                      
20200480  gTIMA0_ICBackup                      
2020053c  gTIMA1_ITBackup                      
202006fc  gpio_interrup1                       
20200700  gpio_interrup2                       
00004aad  gray_read                            
20200698  gray_sensor                          
00000000  interruptVectors                     
20200714  is_buzzer_on                         
00002e41  jy61p_ReceiveData                    
00005179  key_read                             
20200763  laps_count                           
20200758  last_yaw                             
0000441d  lc_printf                            
000037dd  ldexp                                
000037dd  ldexpl                               
00002f59  main                                 
0000519d  memccpy                              
00003b81  memcpy                               
00004617  memset                               
00002add  motor_pid_task                       
202006c8  pulse_1                              
202006d0  pulse_2                              
00002041  reset_to_center                      
000037dd  scalbn                               
000037dd  scalbnl                              
20200718  servo_x_pid                          
00003cb1  servo_x_pid_task                     
2020072c  servo_y_pid                          
00003d41  servo_y_pid_task                     
00002d21  set_angle                            
20200764  set_laps                             
202005f8  speed_pid                            
00004b49  speed_pid_init                       
00003621  speed_pid_task                       
000051c1  task1                                
0000529d  task2                                
20200634  turn_pid                             
00004fc9  turn_pid_init                        
00004739  turn_pid_task                        
20200765  u2_rx_data                           
2020070c  uv_x                                 
2020070e  uv_y                                 
00004db5  vsnprintf                            
00005339  wcslen                               
2020075c  yaw_sum                              


GLOBAL SYMBOLS: SORTED BY Symbol Address 

address   name                                 
-------   ----                                 
00000000  __TI_ATRegion0_region_sz             
00000000  __TI_ATRegion0_src_addr              
00000000  __TI_ATRegion0_trg_addr              
00000000  __TI_ATRegion1_region_sz             
00000000  __TI_ATRegion1_src_addr              
00000000  __TI_ATRegion1_trg_addr              
00000000  __TI_ATRegion2_region_sz             
00000000  __TI_ATRegion2_src_addr              
00000000  __TI_ATRegion2_trg_addr              
00000000  __TI_static_base__                   
00000000  interruptVectors                     
000000c1  OLED_Clear                           
00000200  __STACK_SIZE                         
00000ce1  __TI_printfi                         
000016b1  OLED_ShowNum                         
00001a5b  ADC0_IRQHandler                      
00001a5b  ADC1_IRQHandler                      
00001a5b  AES_IRQHandler                       
00001a5b  CANFD0_IRQHandler                    
00001a5b  DAC0_IRQHandler                      
00001a5b  DMA_IRQHandler                       
00001a5b  Default_Handler                      
00001a5b  GROUP0_IRQHandler                    
00001a5b  HardFault_Handler                    
00001a5b  I2C0_IRQHandler                      
00001a5b  I2C1_IRQHandler                      
00001a5b  NMI_Handler                          
00001a5b  PendSV_Handler                       
00001a5b  RTC_IRQHandler                       
00001a5b  SPI0_IRQHandler                      
00001a5b  SPI1_IRQHandler                      
00001a5b  SVC_Handler                          
00001a5b  TIMG0_IRQHandler                     
00001a5b  TIMG12_IRQHandler                    
00001a5b  TIMG6_IRQHandler                     
00001a5b  TIMG7_IRQHandler                     
00001a5b  TIMG8_IRQHandler                     
00001a5b  UART0_IRQHandler                     
00001a5b  UART1_IRQHandler                     
00001a5b  UART3_IRQHandler                     
00001a5d  OLED_Init                            
00001dd1  OLED_ShowChar                        
00002041  reset_to_center                      
0000267d  __aeabi_dsub                         
0000267d  __subdf3                             
00002687  __adddf3                             
00002687  __aeabi_dadd                         
0000280f  __aeabi_idiv0                        
00002811  OLED_Refresh                         
00002add  motor_pid_task                       
00002d21  set_angle                            
00002e41  jy61p_ReceiveData                    
00002f59  main                                 
0000306d  __aeabi_ddiv                         
0000306d  __divdf3                             
00003179  DL_Timer_initFourCCPWMMode           
0000327d  SYSCFG_DL_GPIO_init                  
00003369  calculate_tracking_error             
00003455  DL_Timer_initTimerMode               
0000353d  __aeabi_dmul                         
0000353d  __muldf3                             
00003621  speed_pid_task                       
00003701  DL_SYSCTL_configSYSPLL               
000037dd  ldexp                                
000037dd  ldexpl                               
000037dd  scalbn                               
000037dd  scalbnl                              
000038b5  __aeabi_fsub                         
000038b5  __subsf3                             
000038bf  __addsf3                             
000038bf  __aeabi_fadd                         
0000398d  GROUP1_IRQHandler                    
00003a3d  __udivmoddi4                         
00003adf  __aeabi_ldiv0                        
00003ae1  OLED_DisplayTurn                     
00003b81  memcpy                               
00003c1d  SYSCFG_DL_TIMG8_PWM_init             
00003cb1  servo_x_pid_task                     
00003d41  servo_y_pid_task                     
00003dd1  OLED_ShowString                      
00003e5d  SYSCFG_DL_TIMG0_PWM_init             
00003ee9  __aeabi_fmul                         
00003ee9  __mulsf3                             
00003f75  SYSCFG_DL_initPower                  
00003ffd  disp_process                         
00004081  __aeabi_fdiv                         
00004081  __divsf3                             
00004105  __TI_decompress_lzss                 
00004181  __gedf2                              
00004181  __gtdf2                              
000041f5  __aeabi_memclr                       
000041f5  __aeabi_memclr4                      
000041f5  __aeabi_memclr8                      
00004201  __aeabi_d2f                          
00004201  __truncdfsf2                         
00004275  SYSCFG_DL_UART_0_init                
000042e1  SYSCFG_DL_UART_2_init                
0000434d  __cmpdf2                             
0000434d  __eqdf2                              
0000434d  __ledf2                              
0000434d  __ltdf2                              
0000434d  __nedf2                              
000043b5  ek_printf                            
0000441d  lc_printf                            
000044ed  SYSCFG_DL_SYSCTL_init                
00004551  __aeabi_dcmpeq                       
00004565  __aeabi_dcmplt                       
00004579  __aeabi_dcmple                       
0000458d  __aeabi_dcmpge                       
000045a1  __aeabi_dcmpgt                       
000045b5  __aeabi_fcmpeq                       
000045c9  __aeabi_fcmplt                       
000045dd  __aeabi_fcmple                       
000045f1  __aeabi_fcmpge                       
00004605  __aeabi_fcmpgt                       
00004617  memset                               
00004679  SYSCFG_DL_UART_1_init                
000046d9  Set_Motor_PWM                        
00004739  turn_pid_task                        
00004799  OLED_ColorTurn                       
000047f5  frexp                                
000047f5  frexpl                               
00004851  TIMA0_IRQHandler                     
000048a9  __TI_ltoa                            
00004959  __aeabi_idiv                         
00004959  __aeabi_idivmod                      
000049b1  SYSCFG_DL_init                       
00004a05  TIMA1_IRQHandler                     
00004aad  gray_read                            
00004afd  SYSCFG_DL_SPI_OLED_init              
00004b49  speed_pid_init                       
00004b95  __aeabi_d2iz                         
00004b95  __fixdfsi                            
00004be1  DL_UART_init                         
00004c29  DL_SPI_init                          
00004c6d  DL_SYSCTL_switchMCLKfromSYSOSCtoHSCLK
00004cb1  __aeabi_d2uiz                        
00004cb1  __fixunsdfsi                         
00004cf5  __aeabi_uidiv                        
00004cf5  __aeabi_uidivmod                     
00004d35  __aeabi_f2d                          
00004d35  __extendsfdf2                        
00004d75  atoi                                 
00004db5  vsnprintf                            
00004df5  __aeabi_i2f                          
00004df5  __floatsisf                          
00004e31  __gesf2                              
00004e31  __gtsf2                              
00004e6d  __TI_auto_init_nobinit_nopinit       
00004ea9  __cmpsf2                             
00004ea9  __eqsf2                              
00004ea9  __lesf2                              
00004ea9  __ltsf2                              
00004ea9  __nesf2                              
00004ee5  __muldsi3                            
00004f21  SYSCFG_DL_TIMA0_IC_init              
00004f59  SYSCFG_DL_TIMA1_IT_init              
00004f91  __aeabi_f2iz                         
00004f91  __fixsfsi                            
00004fc9  turn_pid_init                        
00004ffd  SYSCFG_DL_SYSTICK_init               
0000508d  __aeabi_i2d                          
0000508d  __floatsidf                          
000050b9  UART2_IRQHandler                     
000050e1  __aeabi_ui2f                         
000050e1  __floatunsisf                        
00005109  _c_int00_noargs                      
00005131  __aeabi_ui2d                         
00005131  __floatunsidf                        
00005155  __aeabi_lmul                         
00005155  __muldi3                             
00005179  key_read                             
0000519d  memccpy                              
000051c1  task1                                
000051e1  __aeabi_llsl                         
000051e1  __ashldi3                            
00005201  DL_Timer_setCaptCompUpdateMethod     
0000521d  DL_Timer_setClockConfig              
00005239  delay_ms                             
00005255  DL_Timer_setCaptureCompareOutCtl     
00005285  buzzer_on                            
0000529d  task2                                
000052b5  SysTick_Handler                      
000052c9  __aeabi_uldivmod                     
000052f1  DL_SPI_setClockConfig                
00005303  DL_UART_setClockConfig               
00005315  __TI_decompress_none                 
00005329  DL_Timer_setCaptureCompareValue      
00005339  wcslen                               
00005349  __TI_zero_init                       
00005359  __aeabi_memset                       
00005359  __aeabi_memset4                      
00005359  __aeabi_memset8                      
00005375  DL_Common_delayCycles                
000053a5  __aeabi_errno_addr                   
000053ad  __aeabi_memcpy                       
000053ad  __aeabi_memcpy4                      
000053ad  __aeabi_memcpy8                      
000053b5  abort                                
000053ba  C$$EXIT                              
000053bb  HOSTexit                             
000053bf  Reset_Handler                        
000053c3  _system_pre_init                     
000053d0  asc2_2412                            
0000612c  asc2_1608                            
0000671c  asc2_1206                            
00006b90  asc2_0806                            
00006dc0  __aeabi_ctype_table_                 
00006dc0  __aeabi_ctype_table_C                
00007008  __TI_Handler_Table_Base              
00007014  __TI_Handler_Table_Limit             
0000701c  __TI_CINIT_Base                      
0000702c  __TI_CINIT_Limit                     
0000702c  __TI_CINIT_Warm                      
20200000  OLED_GRAM                            
20200000  __start___llvm_prf_bits              
20200000  __start___llvm_prf_cnts              
20200000  __stop___llvm_prf_bits               
20200000  __stop___llvm_prf_cnts               
20200480  gTIMA0_ICBackup                      
2020053c  gTIMA1_ITBackup                      
202005f8  speed_pid                            
20200634  turn_pid                             
20200670  gSPI_OLEDBackup                      
20200698  gray_sensor                          
202006b4  RxBuffer                             
202006c0  MAX_OFFSET_ANGLE                     
202006c8  pulse_1                              
202006d0  pulse_2                              
202006d8  Get_Encoder1_count                   
202006dc  Get_Encoder2_count                   
202006e0  Pitch                                
202006e4  Roll                                 
202006e8  Yaw                                  
202006ec  encoder1_cnt                         
202006f0  encoder1_cnt_all                     
202006f4  encoder2_cnt                         
202006f8  encoder2_cnt_all                     
202006fc  gpio_interrup1                       
20200700  gpio_interrup2                       
20200704  ERROR_THRESHOLD_X                    
20200706  ERROR_THRESHOLD_Y                    
20200708  center_x                             
2020070a  center_y                             
2020070c  uv_x                                 
2020070e  uv_y                                 
20200713  TASK_INDEX                           
20200714  is_buzzer_on                         
20200718  servo_x_pid                          
2020072c  servo_y_pid                          
20200740  angle_x                              
20200748  angle_y                              
20200750  __aeabi_errno                        
20200754  delay_times                          
20200758  last_yaw                             
2020075c  yaw_sum                              
20200763  laps_count                           
20200764  set_laps                             
20200765  u2_rx_data                           
20207e00  __stack                              
20208000  __STACK_END                          
ffffffff  __TI_pprof_out_hndl                  
ffffffff  __TI_prof_data_size                  
ffffffff  __TI_prof_data_start                 
ffffffff  __binit__                            
ffffffff  binit                                
UNDEFED   __mpu_init                           
UNDEFED   _system_post_cinit                   

[268 symbols]
