******************************************************************************
            TI ARM Clang Linker PC v4.0.3                      
******************************************************************************
>> Linked Sat Aug  2 01:23:56 2025

OUTPUT FILE NAME:   <ds25_e_v1.2.out>
ENTRY POINT SYMBOL: "_c_int00_noargs"  address: 00005099


MEMORY CONFIGURATION

         name            origin    length      used     unused   attr    fill
----------------------  --------  ---------  --------  --------  ----  --------
  FLASH                 00000000   00020000  00007050  00018fb0  R  X
  SRAM                  20200000   00008000  00000957  000076a9  RW X
  BCR_CONFIG            41c00000   000000ff  00000000  000000ff  R   
  BSL_CONFIG            41c00100   00000080  00000000  00000080  R   


SEGMENT ALLOCATION MAP

run origin  load origin   length   init length attrs members
----------  ----------- ---------- ----------- ----- -------
00000000    00000000    00007050   00007050    r-x
  00000000    00000000    000000c0   000000c0    r-- .intvecs
  000000c0    000000c0    000052a0   000052a0    r-x .text
  00005360    00005360    00001cb0   00001cb0    r-- .rodata
  00007010    00007010    00000040   00000040    r-- .cinit
20200000    20200000    0000075a   00000000    rw-
  20200000    20200000    00000705   00000000    rw- .bss
  20200708    20200708    00000052   00000000    rw- .data
20207e00    20207e00    00000200   00000000    rw-
  20207e00    20207e00    00000200   00000000    rw- .stack


SECTION ALLOCATION MAP

 output                                  attributes/
section   page    origin      length       input sections
--------  ----  ----------  ----------   ----------------
.intvecs   0    00000000    000000c0     
                  00000000    000000c0     startup_mspm0g350x_ticlang.o (.intvecs)

.text      0    000000c0    000052a0     
                  000000c0    00000c20     oled.o (.text.OLED_Clear)
                  00000ce0    000009d0     libc.a : _printfi.c.obj (.text:__TI_printfi)
                  000016b0    000003aa     oled.o (.text.OLED_ShowNum)
                  00001a5a    00000002     startup_mspm0g350x_ticlang.o (.text.Default_Handler)
                  00001a5c    00000374     oled.o (.text.OLED_Init)
                  00001dd0    00000270     oled.o (.text.OLED_ShowChar)
                  00002040    00000220     libc.a : _printfi.c.obj (.text._pconv_a)
                  00002260    000001dc            : _printfi.c.obj (.text._pconv_g)
                  0000243c    000001a4     empty.o (.text.main)
                  000025e0    00000192     libclang_rt.builtins.a : adddf3.S.obj (.text.adddf3_subdf3)
                  00002772    00000002                            : aeabi_div0.c.obj (.text.__aeabi_idiv0)
                  00002774    00000190     oled.o (.text.OLED_Refresh)
                  00002904    0000017c     task.o (.text.aiming_system_start)
                  00002a80    0000013c     libc.a : _printfi.c.obj (.text.fcvt)
                  00002bbc    00000120            : _printfi.c.obj (.text._pconv_e)
                  00002cdc    00000120     servo.o (.text.set_angle)
                  00002dfc    0000011c     task.o (.text.motor_pid_task)
                  00002f18    0000010c     libclang_rt.builtins.a : divdf3.S.obj (.text.__divdf3)
                  00003024    00000104     driverlib.a : dl_timer.o (.text.DL_Timer_initFourCCPWMMode)
                  00003128    00000104     com_jy61p.o (.text.jy61p_ReceiveData)
                  0000322c    000000f4     ti_msp_dl_config.o (.text.SYSCFG_DL_GPIO_init)
                  00003320    000000ec     gray.o (.text.calculate_tracking_error)
                  0000340c    000000e8     driverlib.a : dl_timer.o (.text.DL_Timer_initTimerMode)
                  000034f4    000000e4     libclang_rt.builtins.a : muldf3.S.obj (.text.__muldf3)
                  000035d8    000000e0     pid.o (.text.speed_pid_task)
                  000036b8    000000dc     driverlib.a : dl_sysctl_mspm0g1x0x_g3x0x.o (.text.DL_SYSCTL_configSYSPLL)
                  00003794    000000d8     libc.a : s_scalbn.c.obj (.text.scalbn)
                  0000386c    000000d8     libclang_rt.builtins.a : addsf3.S.obj (.text)
                  00003944    000000b0     motor.o (.text.GROUP1_IRQHandler)
                  000039f4    000000b0     com_k230.o (.text.UART0_IRQHandler)
                  00003aa4    000000a2     libclang_rt.builtins.a : udivmoddi4.S.obj (.text)
                  00003b46    00000002                            : aeabi_div0.c.obj (.text.__aeabi_ldiv0)
                  00003b48    000000a0     oled.o (.text.OLED_DisplayTurn)
                  00003be8    0000009a     libc.a : memcpy16.S.obj (.text:memcpy)
                  00003c82    00000002     --HOLE-- [fill = 0]
                  00003c84    00000094     ti_msp_dl_config.o (.text.SYSCFG_DL_TIMG8_PWM_init)
                  00003d18    00000090     pid.o (.text.servo_x_pid_task)
                  00003da8    00000090     pid.o (.text.servo_y_pid_task)
                  00003e38    0000008c     oled.o (.text.OLED_ShowString)
                  00003ec4    0000008c     ti_msp_dl_config.o (.text.SYSCFG_DL_TIMG0_PWM_init)
                  00003f50    0000008c     libclang_rt.builtins.a : mulsf3.S.obj (.text.__mulsf3)
                  00003fdc    00000088     ti_msp_dl_config.o (.text.SYSCFG_DL_initPower)
                  00004064    00000082     libclang_rt.builtins.a : divsf3.S.obj (.text.__divsf3)
                  000040e6    00000002     --HOLE-- [fill = 0]
                  000040e8    0000007c     libc.a : copy_decompress_lzss.c.obj (.text:decompress:lzss)
                  00004164    00000074     libclang_rt.builtins.a : comparedf2.c.obj (.text.__gedf2)
                  000041d8    0000006c     ti_msp_dl_config.o (.text.SYSCFG_DL_UART_0_init)
                  00004244    0000006c     ti_msp_dl_config.o (.text.SYSCFG_DL_UART_2_init)
                  000042b0    00000068     libclang_rt.builtins.a : comparedf2.c.obj (.text.__ledf2)
                  00004318    00000068     board.o (.text.ek_printf)
                  00004380    00000068     board.o (.text.lc_printf)
                  000043e8    00000066     libc.a : _printfi.c.obj (.text._mcpy)
                  0000444e    00000002     --HOLE-- [fill = 0]
                  00004450    00000064     ti_msp_dl_config.o (.text.SYSCFG_DL_SYSCTL_init)
                  000044b4    00000062     libclang_rt.builtins.a : aeabi_dcmp.S.obj (.text.__aeabi_dcmp)
                  00004516    00000002     --HOLE-- [fill = 0]
                  00004518    00000062                            : aeabi_fcmp.S.obj (.text.__aeabi_fcmp)
                  0000457a    00000062     libc.a : memset16.S.obj (.text:memset)
                  000045dc    00000060     ti_msp_dl_config.o (.text.SYSCFG_DL_UART_1_init)
                  0000463c    00000060     motor.o (.text.Set_Motor_PWM)
                  0000469c    00000060     pid.o (.text.turn_pid_task)
                  000046fc    0000005c     oled.o (.text.OLED_ColorTurn)
                  00004758    0000005c     libc.a : s_frexp.c.obj (.text.frexp)
                  000047b4    00000058     motor.o (.text.TIMA0_IRQHandler)
                  0000480c    00000058     libc.a : _ltoa.c.obj (.text.__TI_ltoa)
                  00004864    00000058            : _printfi.c.obj (.text._pconv_f)
                  000048bc    00000056     libclang_rt.builtins.a : aeabi_idivmod.S.obj (.text.__aeabi_idivmod)
                  00004912    00000002     --HOLE-- [fill = 0]
                  00004914    00000054     ti_msp_dl_config.o (.text.SYSCFG_DL_init)
                  00004968    00000054     task.o (.text.TIMA1_IRQHandler)
                  000049bc    00000052     libc.a : _printfi.c.obj (.text._ecpy)
                  00004a0e    00000002     --HOLE-- [fill = 0]
                  00004a10    00000050     gray.o (.text.gray_read)
                  00004a60    0000004c     ti_msp_dl_config.o (.text.SYSCFG_DL_SPI_OLED_init)
                  00004aac    0000004c     pid.o (.text.speed_pid_init)
                  00004af8    0000004a     libclang_rt.builtins.a : fixdfsi.S.obj (.text.__fixdfsi)
                  00004b42    00000002     --HOLE-- [fill = 0]
                  00004b44    00000048     driverlib.a : dl_uart.o (.text.DL_UART_init)
                  00004b8c    00000044                 : dl_spi.o (.text.DL_SPI_init)
                  00004bd0    00000044                 : dl_sysctl_mspm0g1x0x_g3x0x.o (.text.DL_SYSCTL_switchMCLKfromSYSOSCtoHSCLK)
                  00004c14    00000042     libclang_rt.builtins.a : fixunsdfsi.S.obj (.text.__fixunsdfsi)
                  00004c56    00000002     --HOLE-- [fill = 0]
                  00004c58    00000040                            : aeabi_uidivmod.S.obj (.text.__aeabi_uidivmod)
                  00004c98    00000040                            : extendsfdf2.S.obj (.text.__extendsfdf2)
                  00004cd8    00000040     libc.a : atoi.c.obj (.text.atoi)
                  00004d18    00000040            : vsnprintf.c.obj (.text.vsnprintf)
                  00004d58    0000003c     libclang_rt.builtins.a : floatsisf.S.obj (.text.__floatsisf)
                  00004d94    0000003c                            : comparesf2.S.obj (.text.__gtsf2)
                  00004dd0    0000003c     libc.a : autoinit.c.obj (.text:__TI_auto_init_nobinit_nopinit)
                  00004e0c    0000003a     libclang_rt.builtins.a : comparesf2.S.obj (.text.__eqsf2)
                  00004e46    00000002     --HOLE-- [fill = 0]
                  00004e48    0000003a                            : muldsi3.S.obj (.text.__muldsi3)
                  00004e82    00000002     --HOLE-- [fill = 0]
                  00004e84    00000038     ti_msp_dl_config.o (.text.SYSCFG_DL_TIMA0_IC_init)
                  00004ebc    00000038     ti_msp_dl_config.o (.text.SYSCFG_DL_TIMA1_IT_init)
                  00004ef4    00000038     libclang_rt.builtins.a : fixsfsi.S.obj (.text.__fixsfsi)
                  00004f2c    00000034     pid.o (.text.turn_pid_init)
                  00004f60    00000030     ti_msp_dl_config.o (.text.SYSCFG_DL_SYSTICK_init)
                  00004f90    00000030     libc.a : _printfi.c.obj (.text._fcpy)
                  00004fc0    00000030            : vsnprintf.c.obj (.text._outs)
                  00004ff0    0000002c     libclang_rt.builtins.a : floatsidf.S.obj (.text.__floatsidf)
                  0000501c    0000002c     task.o (.text.system_init)
                  00005048    00000028     com_jy61p.o (.text.UART2_IRQHandler)
                  00005070    00000028     libclang_rt.builtins.a : floatunsisf.S.obj (.text.__floatunsisf)
                  00005098    00000028     libc.a : boot_cortex_m.c.obj (.text:_c_int00_noargs)
                  000050c0    00000024     libclang_rt.builtins.a : muldi3.S.obj (.text.__muldi3)
                  000050e4    00000024     misc_bsp.o (.text.key_read)
                  00005108    00000022     libc.a : memccpy.c.obj (.text.memccpy)
                  0000512a    00000002     --HOLE-- [fill = 0]
                  0000512c    00000020     task.o (.text.task1)
                  0000514c    0000001e     libclang_rt.builtins.a : ashldi3.S.obj (.text.__ashldi3)
                  0000516a    00000002     --HOLE-- [fill = 0]
                  0000516c    0000001c     driverlib.a : dl_timer.o (.text.DL_Timer_setCaptCompUpdateMethod)
                  00005188    0000001c                 : dl_timer.o (.text.DL_Timer_setClockConfig)
                  000051a4    0000001c     board.o (.text.delay_ms)
                  000051c0    00000018     driverlib.a : dl_timer.o (.text.DL_Timer_setCaptureCompareOutCtl)
                  000051d8    00000018     libc.a : vsnprintf.c.obj (.text._outc)
                  000051f0    00000018     misc_bsp.o (.text.buzzer_on)
                  00005208    00000018     task.o (.text.task2)
                  00005220    00000014     board.o (.text.SysTick_Handler)
                  00005234    00000014     libclang_rt.builtins.a : aeabi_uldivmod.S.obj (.text.__aeabi_uldivmod)
                  00005248    00000014     libc.a : _printfi.c.obj (.text.strchr)
                  0000525c    00000012     driverlib.a : dl_spi.o (.text.DL_SPI_setClockConfig)
                  0000526e    00000012                 : dl_uart.o (.text.DL_UART_setClockConfig)
                  00005280    00000012     libc.a : copy_decompress_none.c.obj (.text:decompress:none)
                  00005292    00000002     --HOLE-- [fill = 0]
                  00005294    00000010     driverlib.a : dl_timer.o (.text.DL_Timer_setCaptureCompareValue)
                  000052a4    00000010     libc.a : wcslen.c.obj (.text.wcslen)
                  000052b4    00000010            : copy_zero_init.c.obj (.text:decompress:ZI)
                  000052c4    0000000e     libclang_rt.builtins.a : aeabi_memset.S.obj (.text.__aeabi_memset)
                  000052d2    0000000e     libc.a : _printfi.c.obj (.text.strlen)
                  000052e0    0000000c     libclang_rt.builtins.a : aeabi_memset.S.obj (.text.__aeabi_memclr)
                  000052ec    0000000c     misc_bsp.o (.text.laser_off)
                  000052f8    0000000c     misc_bsp.o (.text.laser_on)
                  00005304    0000000a     driverlib.a : dl_common.o (.text.DL_Common_delayCycles)
                  0000530e    0000000a     libc.a : _printfi.c.obj (.text.OUTLINED_FUNCTION_0)
                  00005318    00000010     libclang_rt.builtins.a : adddf3.S.obj (.tramp.__aeabi_dsub.1)
                  00005328    0000000a     libc.a : _printfi.c.obj (.text.OUTLINED_FUNCTION_1)
                  00005332    0000000a     pid.o (.text.PID_Init)
                  0000533c    00000008     libc.a : aeabi_portable.c.obj (.text.__aeabi_errno_addr)
                  00005344    00000008     libclang_rt.builtins.a : aeabi_memcpy.S.obj (.text.__aeabi_memcpy)
                  0000534c    00000006     libc.a : exit.c.obj (.text:abort)
                  00005352    00000004     libsysbm.a : hostexit.c.obj (.text.HOSTexit)
                  00005356    00000004     startup_mspm0g350x_ticlang.o (.text.Reset_Handler)
                  0000535a    00000004     libc.a : pre_init.c.obj (.text._system_pre_init)
                  0000535e    00000002     --HOLE-- [fill = 0]

.cinit     0    00007010    00000040     
                  00007010    00000015     (.cinit..data.load) [load image, compression = lzss]
                  00007025    00000003     --HOLE-- [fill = 0]
                  00007028    0000000c     (__TI_handler_table)
                  00007034    00000008     (.cinit..bss.load) [load image, compression = zero_init]
                  0000703c    00000010     (__TI_cinit_table)
                  0000704c    00000004     --HOLE-- [fill = 0]

.rodata    0    00005360    00001cb0     
                  00005360    00000d5c     oled.o (.rodata.asc2_2412)
                  000060bc    000005f0     oled.o (.rodata.asc2_1608)
                  000066ac    00000474     oled.o (.rodata.asc2_1206)
                  00006b20    00000228     oled.o (.rodata.asc2_0806)
                  00006d48    00000008     ti_msp_dl_config.o (.rodata.gTIMG0_PWMConfig)
                  00006d50    00000101     libc.a : aeabi_ctype.S.obj (.rodata:__aeabi_ctype_table_)
                  00006e51    0000002a     task.o (.rodata.str1.4690106646071318724.1)
                  00006e7b    00000001     --HOLE-- [fill = 0]
                  00006e7c    00000028     ti_msp_dl_config.o (.rodata.gSYSPLLConfig)
                  00006ea4    00000021     task.o (.rodata.str1.13213361798633122147.1)
                  00006ec5    00000016     empty.o (.rodata.str1.150872071346279890.1)
                  00006edb    00000001     --HOLE-- [fill = 0]
                  00006edc    00000014     ti_msp_dl_config.o (.rodata.gTIMA0_ICTimerConfig)
                  00006ef0    00000014     ti_msp_dl_config.o (.rodata.gTIMA1_ITTimerConfig)
                  00006f04    00000014     task.o (.rodata.str1.16652707393367077483.1)
                  00006f18    00000012     empty.o (.rodata.str1.15706828512682300538.1)
                  00006f2a    00000011     libc.a : _printfi.c.obj (.rodata.str1.10348868589481759720.1)
                  00006f3b    00000011            : _printfi.c.obj (.rodata.str1.15363888844622738466.1)
                  00006f4c    0000000e     empty.o (.rodata.str1.16704889451495720520.1)
                  00006f5a    0000000d     task.o (.rodata.str1.17524777452183665329.1)
                  00006f67    00000001     --HOLE-- [fill = 0]
                  00006f68    0000000c     empty.o (.rodata..Lswitch.table.main.11)
                  00006f74    0000000c     empty.o (.rodata..Lswitch.table.main.12)
                  00006f80    0000000c     empty.o (.rodata..Lswitch.table.main)
                  00006f8c    0000000b     task.o (.rodata.str1.13327075223462700773.1)
                  00006f97    0000000b     empty.o (.rodata.str1.17669528882079347314.1)
                  00006fa2    0000000a     ti_msp_dl_config.o (.rodata.gSPI_OLED_config)
                  00006fac    0000000a     ti_msp_dl_config.o (.rodata.gUART_0Config)
                  00006fb6    0000000a     ti_msp_dl_config.o (.rodata.gUART_1Config)
                  00006fc0    0000000a     ti_msp_dl_config.o (.rodata.gUART_2Config)
                  00006fca    0000000a     empty.o (.rodata.str1.254342170260855183.1)
                  00006fd4    0000000a     empty.o (.rodata.str1.7401042497206923953.1)
                  00006fde    00000002     ti_msp_dl_config.o (.rodata.gSPI_OLED_clockConfig)
                  00006fe0    00000008     ti_msp_dl_config.o (.rodata.gTIMG8_PWMConfig)
                  00006fe8    00000007     empty.o (.rodata.str1.11898133897667081452.1)
                  00006fef    00000007     empty.o (.rodata.str1.14685083708502177989.1)
                  00006ff6    00000007     empty.o (.rodata.str1.9517790425240694019.1)
                  00006ffd    00000003     ti_msp_dl_config.o (.rodata.gTIMA0_ICClockConfig)
                  00007000    00000003     ti_msp_dl_config.o (.rodata.gTIMA1_ITClockConfig)
                  00007003    00000003     ti_msp_dl_config.o (.rodata.gTIMG0_PWMClockConfig)
                  00007006    00000003     ti_msp_dl_config.o (.rodata.gTIMG8_PWMClockConfig)
                  00007009    00000002     ti_msp_dl_config.o (.rodata.gUART_0ClockConfig)
                  0000700b    00000002     ti_msp_dl_config.o (.rodata.gUART_1ClockConfig)
                  0000700d    00000002     ti_msp_dl_config.o (.rodata.gUART_2ClockConfig)
                  0000700f    00000001     --HOLE-- [fill = 0]

.init_array 
*          0    00000000    00000000     UNINITIALIZED

.binit     0    00000000    00000000     

.bss       0    20200000    00000705     UNINITIALIZED
                  20200000    00000480     (.common:OLED_GRAM)
                  20200480    000000bc     (.common:gTIMA0_ICBackup)
                  2020053c    000000bc     (.common:gTIMA1_ITBackup)
                  202005f8    0000003c     (.common:speed_pid)
                  20200634    0000003c     (.common:turn_pid)
                  20200670    00000028     (.common:gSPI_OLEDBackup)
                  20200698    0000001c     (.common:gray_sensor)
                  202006b4    0000000b     (.common:RxBuffer)
                  202006bf    00000001     task.o (.bss.is_task1)
                  202006c0    00000008     (.common:pulse_1)
                  202006c8    00000008     (.common:pulse_2)
                  202006d0    00000004     (.common:Get_Encoder1_count)
                  202006d4    00000004     (.common:Get_Encoder2_count)
                  202006d8    00000004     (.common:Pitch)
                  202006dc    00000004     (.common:Roll)
                  202006e0    00000004     (.common:Yaw)
                  202006e4    00000004     (.common:encoder1_cnt)
                  202006e8    00000004     (.common:encoder1_cnt_all)
                  202006ec    00000004     (.common:encoder2_cnt)
                  202006f0    00000004     (.common:encoder2_cnt_all)
                  202006f4    00000004     (.common:gpio_interrup1)
                  202006f8    00000004     (.common:gpio_interrup2)
                  202006fc    00000002     (.common:center_x)
                  202006fe    00000002     (.common:center_y)
                  20200700    00000001     task.o (.bss.is_task2)
                  20200701    00000001     task.o (.bss.task1_time)
                  20200702    00000001     task.o (.bss.task2_time)
                  20200703    00000001     (.common:TASK_INDEX)
                  20200704    00000001     (.common:is_buzzer_on)

.data      0    20200708    00000052     UNINITIALIZED
                  20200708    00000014     pid.o (.data.servo_x_pid)
                  2020071c    00000014     pid.o (.data.servo_y_pid)
                  20200730    00000007     com_k230.o (.data.pack_data.rx_buffer)
                  20200737    00000001     com_jy61p.o (.data.RxIndex)
                  20200738    00000004     libc.a : aeabi_portable.c.obj (.data.__aeabi_errno)
                  2020073c    00000004     board.o (.data.delay_times)
                  20200740    00000004     task.o (.data.last_yaw)
                  20200744    00000004     task.o (.data.servo_x_angle)
                  20200748    00000004     task.o (.data.servo_y_angle)
                  2020074c    00000004     task.o (.data.yaw_sum)
                  20200750    00000001     com_jy61p.o (.data.RxState)
                  20200751    00000001     task.o (.data.is_aimed)
                  20200752    00000001     empty.o (.data.key_process.key_old)
                  20200753    00000001     task.o (.data.laps_count)
                  20200754    00000001     com_k230.o (.data.pack_data.rx_counter)
                  20200755    00000001     com_k230.o (.data.pack_data.rx_state)
                  20200756    00000001     empty.o (.data.set_laps)
                  20200757    00000001     com_k230.o (.data.u0_rx_data)
                  20200758    00000001     com_k230.o (.data.u0_rx_ok_flag)
                  20200759    00000001     com_jy61p.o (.data.u2_rx_data)

.stack     0    20207e00    00000200     UNINITIALIZED
                  20207e00    00000004     libc.a : boot_cortex_m.c.obj (.stack)
                  20207e04    000001fc     --HOLE--

__llvm_prf_cnts 
*          0    20200000    00000000     UNINITIALIZED

__llvm_prf_bits 
*          0    20200000    00000000     UNINITIALIZED

MODULE SUMMARY

       Module                         code    ro data   rw data
       ------                         ----    -------   -------
    .\
       ti_msp_dl_config.o             1400    156       416    
       empty.o                        420     142       2      
       startup_mspm0g350x_ticlang.o   6       192       0      
    +--+------------------------------+-------+---------+---------+
       Total:                         1826    490       418    
                                                               
    .\BSP\
       task.o                         848     119       52     
       pid.o                          746     0         160    
       motor.o                        360     0         32     
       com_jy61p.o                    300     0         26     
       gray.o                         316     0         0      
       servo.o                        288     0         16     
       com_k230.o                     176     0         15     
       misc_bsp.o                     84      0         0      
    +--+------------------------------+-------+---------+---------+
       Total:                         3118    119       301    
                                                               
    .\BSP\OLED\
       oled.o                         6342    6632      1152   
    +--+------------------------------+-------+---------+---------+
       Total:                         6342    6632      1152   
                                                               
    .\Board\
       board.o                        256     0         4      
    +--+------------------------------+-------+---------+---------+
       Total:                         256     0         4      
                                                               
    C:/ti/mspm0_sdk_2_05_01_00/source/ti/driverlib/lib/ticlang/m0p/mspm0g1x0x_g3x0x/driverlib.a
       dl_timer.o                     588     0         0      
       dl_sysctl_mspm0g1x0x_g3x0x.o   288     0         0      
       dl_uart.o                      90      0         0      
       dl_spi.o                       86      0         0      
       dl_common.o                    10      0         0      
    +--+------------------------------+-------+---------+---------+
       Total:                         1062    0         0      
                                                               
    C:\ti\ccs2020\ccs\tools\compiler\ti-cgt-armllvm_4.0.3.LTS\lib\armv6m-ti-none-eabi/c/libc.a
       _printfi.c.obj                 4510    34        0      
       aeabi_ctype.S.obj              0       257       0      
       s_scalbn.c.obj                 216     0         0      
       memcpy16.S.obj                 154     0         0      
       vsnprintf.c.obj                136     0         0      
       copy_decompress_lzss.c.obj     124     0         0      
       memset16.S.obj                 98      0         0      
       s_frexp.c.obj                  92      0         0      
       _ltoa.c.obj                    88      0         0      
       atoi.c.obj                     64      0         0      
       autoinit.c.obj                 60      0         0      
       boot_cortex_m.c.obj            40      0         0      
       memccpy.c.obj                  34      0         0      
       copy_decompress_none.c.obj     18      0         0      
       copy_zero_init.c.obj           16      0         0      
       wcslen.c.obj                   16      0         0      
       aeabi_portable.c.obj           8       0         4      
       exit.c.obj                     6       0         0      
       pre_init.c.obj                 4       0         0      
    +--+------------------------------+-------+---------+---------+
       Total:                         5684    291       4      
                                                               
    C:\ti\ccs2020\ccs\tools\compiler\ti-cgt-armllvm_4.0.3.LTS\lib\armv6m-ti-none-eabi/c/libsysbm.a
       hostexit.c.obj                 4       0         0      
    +--+------------------------------+-------+---------+---------+
       Total:                         4       0         0      
                                                               
    C:\ti\ccs2020\ccs\tools\compiler\ti-cgt-armllvm_4.0.3.LTS\lib\armv6m-ti-none-eabi/libclang_rt.builtins.a
       adddf3.S.obj                   418     0         0      
       divdf3.S.obj                   268     0         0      
       muldf3.S.obj                   228     0         0      
       comparedf2.c.obj               220     0         0      
       addsf3.S.obj                   216     0         0      
       udivmoddi4.S.obj               162     0         0      
       mulsf3.S.obj                   140     0         0      
       divsf3.S.obj                   130     0         0      
       comparesf2.S.obj               118     0         0      
       aeabi_dcmp.S.obj               98      0         0      
       aeabi_fcmp.S.obj               98      0         0      
       aeabi_idivmod.S.obj            86      0         0      
       fixdfsi.S.obj                  74      0         0      
       fixunsdfsi.S.obj               66      0         0      
       aeabi_uidivmod.S.obj           64      0         0      
       extendsfdf2.S.obj              64      0         0      
       floatsisf.S.obj                60      0         0      
       muldsi3.S.obj                  58      0         0      
       fixsfsi.S.obj                  56      0         0      
       floatsidf.S.obj                44      0         0      
       floatunsisf.S.obj              40      0         0      
       muldi3.S.obj                   36      0         0      
       ashldi3.S.obj                  30      0         0      
       aeabi_memset.S.obj             26      0         0      
       aeabi_uldivmod.S.obj           20      0         0      
       aeabi_memcpy.S.obj             8       0         0      
       aeabi_div0.c.obj               4       0         0      
    +--+------------------------------+-------+---------+---------+
       Total:                         2832    0         0      
                                                               
       Stack:                         0       0         512    
       Linker Generated:              0       57        0      
    +--+------------------------------+-------+---------+---------+
       Grand Total:                   21124   7589      2391   


LINKER GENERATED COPY TABLES

__TI_cinit_table @ 0000703c records: 2, size/record: 8, table size: 16
	.data: load addr=00007010, load size=00000015 bytes, run addr=20200708, run size=00000052 bytes, compression=lzss
	.bss: load addr=00007034, load size=00000008 bytes, run addr=20200000, run size=00000705 bytes, compression=zero_init


LINKER GENERATED HANDLER TABLE

__TI_handler_table @ 00007028 records: 3, size/record: 4, table size: 12
	index: 0, handler: __TI_decompress_lzss
	index: 1, handler: __TI_decompress_none
	index: 2, handler: __TI_zero_init


FAR CALL TRAMPOLINES

callee name               trampoline name
   callee addr  tramp addr   call addr  call info
--------------  -----------  ---------  ----------------
__aeabi_dsub              $Tramp$TT$L$PI$$__aeabi_dsub
   000025e1     00005318     00005316   libc.a : _printfi.c.obj (.text.OUTLINED_FUNCTION_0)

[1 trampolines]
[1 trampoline calls]


GLOBAL SYMBOLS: SORTED ALPHABETICALLY BY Name 

address   name                                 
-------   ----                                 
00001a5b  ADC0_IRQHandler                      
00001a5b  ADC1_IRQHandler                      
00001a5b  AES_IRQHandler                       
00005352  C$$EXIT                              
00001a5b  CANFD0_IRQHandler                    
00001a5b  DAC0_IRQHandler                      
00005305  DL_Common_delayCycles                
00004b8d  DL_SPI_init                          
0000525d  DL_SPI_setClockConfig                
000036b9  DL_SYSCTL_configSYSPLL               
00004bd1  DL_SYSCTL_switchMCLKfromSYSOSCtoHSCLK
00003025  DL_Timer_initFourCCPWMMode           
0000340d  DL_Timer_initTimerMode               
0000516d  DL_Timer_setCaptCompUpdateMethod     
000051c1  DL_Timer_setCaptureCompareOutCtl     
00005295  DL_Timer_setCaptureCompareValue      
00005189  DL_Timer_setClockConfig              
00004b45  DL_UART_init                         
0000526f  DL_UART_setClockConfig               
00001a5b  DMA_IRQHandler                       
00001a5b  Default_Handler                      
00001a5b  GROUP0_IRQHandler                    
00003945  GROUP1_IRQHandler                    
202006d0  Get_Encoder1_count                   
202006d4  Get_Encoder2_count                   
00005353  HOSTexit                             
00001a5b  HardFault_Handler                    
00001a5b  I2C0_IRQHandler                      
00001a5b  I2C1_IRQHandler                      
00001a5b  NMI_Handler                          
000000c1  OLED_Clear                           
000046fd  OLED_ColorTurn                       
00003b49  OLED_DisplayTurn                     
20200000  OLED_GRAM                            
00001a5d  OLED_Init                            
00002775  OLED_Refresh                         
00001dd1  OLED_ShowChar                        
000016b1  OLED_ShowNum                         
00003e39  OLED_ShowString                      
00005333  PID_Init                             
00001a5b  PendSV_Handler                       
202006d8  Pitch                                
00001a5b  RTC_IRQHandler                       
00005357  Reset_Handler                        
202006dc  Roll                                 
202006b4  RxBuffer                             
00001a5b  SPI0_IRQHandler                      
00001a5b  SPI1_IRQHandler                      
00001a5b  SVC_Handler                          
0000322d  SYSCFG_DL_GPIO_init                  
00004a61  SYSCFG_DL_SPI_OLED_init              
00004451  SYSCFG_DL_SYSCTL_init                
00004f61  SYSCFG_DL_SYSTICK_init               
00004e85  SYSCFG_DL_TIMA0_IC_init              
00004ebd  SYSCFG_DL_TIMA1_IT_init              
00003ec5  SYSCFG_DL_TIMG0_PWM_init             
00003c85  SYSCFG_DL_TIMG8_PWM_init             
000041d9  SYSCFG_DL_UART_0_init                
000045dd  SYSCFG_DL_UART_1_init                
00004245  SYSCFG_DL_UART_2_init                
00004915  SYSCFG_DL_init                       
00003fdd  SYSCFG_DL_initPower                  
0000463d  Set_Motor_PWM                        
00005221  SysTick_Handler                      
20200703  TASK_INDEX                           
000047b5  TIMA0_IRQHandler                     
00004969  TIMA1_IRQHandler                     
00001a5b  TIMG0_IRQHandler                     
00001a5b  TIMG12_IRQHandler                    
00001a5b  TIMG6_IRQHandler                     
00001a5b  TIMG7_IRQHandler                     
00001a5b  TIMG8_IRQHandler                     
000039f5  UART0_IRQHandler                     
00001a5b  UART1_IRQHandler                     
00005049  UART2_IRQHandler                     
00001a5b  UART3_IRQHandler                     
202006e0  Yaw                                  
20208000  __STACK_END                          
00000200  __STACK_SIZE                         
00000000  __TI_ATRegion0_region_sz             
00000000  __TI_ATRegion0_src_addr              
00000000  __TI_ATRegion0_trg_addr              
00000000  __TI_ATRegion1_region_sz             
00000000  __TI_ATRegion1_src_addr              
00000000  __TI_ATRegion1_trg_addr              
00000000  __TI_ATRegion2_region_sz             
00000000  __TI_ATRegion2_src_addr              
00000000  __TI_ATRegion2_trg_addr              
0000703c  __TI_CINIT_Base                      
0000704c  __TI_CINIT_Limit                     
0000704c  __TI_CINIT_Warm                      
00007028  __TI_Handler_Table_Base              
00007034  __TI_Handler_Table_Limit             
00004dd1  __TI_auto_init_nobinit_nopinit       
000040e9  __TI_decompress_lzss                 
00005281  __TI_decompress_none                 
0000480d  __TI_ltoa                            
ffffffff  __TI_pprof_out_hndl                  
00000ce1  __TI_printfi                         
ffffffff  __TI_prof_data_size                  
ffffffff  __TI_prof_data_start                 
00000000  __TI_static_base__                   
000052b5  __TI_zero_init                       
000025eb  __adddf3                             
00003877  __addsf3                             
00006d50  __aeabi_ctype_table_                 
00006d50  __aeabi_ctype_table_C                
00004af9  __aeabi_d2iz                         
00004c15  __aeabi_d2uiz                        
000025eb  __aeabi_dadd                         
000044b5  __aeabi_dcmpeq                       
000044f1  __aeabi_dcmpge                       
00004505  __aeabi_dcmpgt                       
000044dd  __aeabi_dcmple                       
000044c9  __aeabi_dcmplt                       
00002f19  __aeabi_ddiv                         
000034f5  __aeabi_dmul                         
000025e1  __aeabi_dsub                         
20200738  __aeabi_errno                        
0000533d  __aeabi_errno_addr                   
00004c99  __aeabi_f2d                          
00004ef5  __aeabi_f2iz                         
00003877  __aeabi_fadd                         
00004519  __aeabi_fcmpeq                       
00004555  __aeabi_fcmpge                       
00004569  __aeabi_fcmpgt                       
00004541  __aeabi_fcmple                       
0000452d  __aeabi_fcmplt                       
00004065  __aeabi_fdiv                         
00003f51  __aeabi_fmul                         
0000386d  __aeabi_fsub                         
00004ff1  __aeabi_i2d                          
00004d59  __aeabi_i2f                          
000048bd  __aeabi_idiv                         
00002773  __aeabi_idiv0                        
000048bd  __aeabi_idivmod                      
00003b47  __aeabi_ldiv0                        
0000514d  __aeabi_llsl                         
000050c1  __aeabi_lmul                         
000052e1  __aeabi_memclr                       
000052e1  __aeabi_memclr4                      
000052e1  __aeabi_memclr8                      
00005345  __aeabi_memcpy                       
00005345  __aeabi_memcpy4                      
00005345  __aeabi_memcpy8                      
000052c5  __aeabi_memset                       
000052c5  __aeabi_memset4                      
000052c5  __aeabi_memset8                      
00005071  __aeabi_ui2f                         
00004c59  __aeabi_uidiv                        
00004c59  __aeabi_uidivmod                     
00005235  __aeabi_uldivmod                     
0000514d  __ashldi3                            
ffffffff  __binit__                            
000042b1  __cmpdf2                             
00004e0d  __cmpsf2                             
00002f19  __divdf3                             
00004065  __divsf3                             
000042b1  __eqdf2                              
00004e0d  __eqsf2                              
00004c99  __extendsfdf2                        
00004af9  __fixdfsi                            
00004ef5  __fixsfsi                            
00004c15  __fixunsdfsi                         
00004ff1  __floatsidf                          
00004d59  __floatsisf                          
00005071  __floatunsisf                        
00004165  __gedf2                              
00004d95  __gesf2                              
00004165  __gtdf2                              
00004d95  __gtsf2                              
000042b1  __ledf2                              
00004e0d  __lesf2                              
000042b1  __ltdf2                              
00004e0d  __ltsf2                              
UNDEFED   __mpu_init                           
000034f5  __muldf3                             
000050c1  __muldi3                             
00004e49  __muldsi3                            
00003f51  __mulsf3                             
000042b1  __nedf2                              
00004e0d  __nesf2                              
20207e00  __stack                              
20200000  __start___llvm_prf_bits              
20200000  __start___llvm_prf_cnts              
20200000  __stop___llvm_prf_bits               
20200000  __stop___llvm_prf_cnts               
000025e1  __subdf3                             
0000386d  __subsf3                             
00003aa5  __udivmoddi4                         
00005099  _c_int00_noargs                      
UNDEFED   _system_post_cinit                   
0000535b  _system_pre_init                     
0000534d  abort                                
00002905  aiming_system_start                  
00006b20  asc2_0806                            
000066ac  asc2_1206                            
000060bc  asc2_1608                            
00005360  asc2_2412                            
00004cd9  atoi                                 
ffffffff  binit                                
000051f1  buzzer_on                            
00003321  calculate_tracking_error             
202006fc  center_x                             
202006fe  center_y                             
000051a5  delay_ms                             
2020073c  delay_times                          
00004319  ek_printf                            
202006e4  encoder1_cnt                         
202006e8  encoder1_cnt_all                     
202006ec  encoder2_cnt                         
202006f0  encoder2_cnt_all                     
00004759  frexp                                
00004759  frexpl                               
20200670  gSPI_OLEDBackup                      
20200480  gTIMA0_ICBackup                      
2020053c  gTIMA1_ITBackup                      
202006f4  gpio_interrup1                       
202006f8  gpio_interrup2                       
00004a11  gray_read                            
20200698  gray_sensor                          
00000000  interruptVectors                     
20200751  is_aimed                             
20200704  is_buzzer_on                         
00003129  jy61p_ReceiveData                    
000050e5  key_read                             
20200753  laps_count                           
000052ed  laser_off                            
000052f9  laser_on                             
20200740  last_yaw                             
00004381  lc_printf                            
00003795  ldexp                                
00003795  ldexpl                               
0000243d  main                                 
00005109  memccpy                              
00003be9  memcpy                               
0000457b  memset                               
00002dfd  motor_pid_task                       
202006c0  pulse_1                              
202006c8  pulse_2                              
00003795  scalbn                               
00003795  scalbnl                              
20200744  servo_x_angle                        
20200708  servo_x_pid                          
00003d19  servo_x_pid_task                     
20200748  servo_y_angle                        
2020071c  servo_y_pid                          
00003da9  servo_y_pid_task                     
00002cdd  set_angle                            
20200756  set_laps                             
202005f8  speed_pid                            
00004aad  speed_pid_init                       
000035d9  speed_pid_task                       
0000501d  system_init                          
0000512d  task1                                
00005209  task2                                
20200634  turn_pid                             
00004f2d  turn_pid_init                        
0000469d  turn_pid_task                        
20200757  u0_rx_data                           
20200758  u0_rx_ok_flag                        
20200759  u2_rx_data                           
00004d19  vsnprintf                            
000052a5  wcslen                               
2020074c  yaw_sum                              


GLOBAL SYMBOLS: SORTED BY Symbol Address 

address   name                                 
-------   ----                                 
00000000  __TI_ATRegion0_region_sz             
00000000  __TI_ATRegion0_src_addr              
00000000  __TI_ATRegion0_trg_addr              
00000000  __TI_ATRegion1_region_sz             
00000000  __TI_ATRegion1_src_addr              
00000000  __TI_ATRegion1_trg_addr              
00000000  __TI_ATRegion2_region_sz             
00000000  __TI_ATRegion2_src_addr              
00000000  __TI_ATRegion2_trg_addr              
00000000  __TI_static_base__                   
00000000  interruptVectors                     
000000c1  OLED_Clear                           
00000200  __STACK_SIZE                         
00000ce1  __TI_printfi                         
000016b1  OLED_ShowNum                         
00001a5b  ADC0_IRQHandler                      
00001a5b  ADC1_IRQHandler                      
00001a5b  AES_IRQHandler                       
00001a5b  CANFD0_IRQHandler                    
00001a5b  DAC0_IRQHandler                      
00001a5b  DMA_IRQHandler                       
00001a5b  Default_Handler                      
00001a5b  GROUP0_IRQHandler                    
00001a5b  HardFault_Handler                    
00001a5b  I2C0_IRQHandler                      
00001a5b  I2C1_IRQHandler                      
00001a5b  NMI_Handler                          
00001a5b  PendSV_Handler                       
00001a5b  RTC_IRQHandler                       
00001a5b  SPI0_IRQHandler                      
00001a5b  SPI1_IRQHandler                      
00001a5b  SVC_Handler                          
00001a5b  TIMG0_IRQHandler                     
00001a5b  TIMG12_IRQHandler                    
00001a5b  TIMG6_IRQHandler                     
00001a5b  TIMG7_IRQHandler                     
00001a5b  TIMG8_IRQHandler                     
00001a5b  UART1_IRQHandler                     
00001a5b  UART3_IRQHandler                     
00001a5d  OLED_Init                            
00001dd1  OLED_ShowChar                        
0000243d  main                                 
000025e1  __aeabi_dsub                         
000025e1  __subdf3                             
000025eb  __adddf3                             
000025eb  __aeabi_dadd                         
00002773  __aeabi_idiv0                        
00002775  OLED_Refresh                         
00002905  aiming_system_start                  
00002cdd  set_angle                            
00002dfd  motor_pid_task                       
00002f19  __aeabi_ddiv                         
00002f19  __divdf3                             
00003025  DL_Timer_initFourCCPWMMode           
00003129  jy61p_ReceiveData                    
0000322d  SYSCFG_DL_GPIO_init                  
00003321  calculate_tracking_error             
0000340d  DL_Timer_initTimerMode               
000034f5  __aeabi_dmul                         
000034f5  __muldf3                             
000035d9  speed_pid_task                       
000036b9  DL_SYSCTL_configSYSPLL               
00003795  ldexp                                
00003795  ldexpl                               
00003795  scalbn                               
00003795  scalbnl                              
0000386d  __aeabi_fsub                         
0000386d  __subsf3                             
00003877  __addsf3                             
00003877  __aeabi_fadd                         
00003945  GROUP1_IRQHandler                    
000039f5  UART0_IRQHandler                     
00003aa5  __udivmoddi4                         
00003b47  __aeabi_ldiv0                        
00003b49  OLED_DisplayTurn                     
00003be9  memcpy                               
00003c85  SYSCFG_DL_TIMG8_PWM_init             
00003d19  servo_x_pid_task                     
00003da9  servo_y_pid_task                     
00003e39  OLED_ShowString                      
00003ec5  SYSCFG_DL_TIMG0_PWM_init             
00003f51  __aeabi_fmul                         
00003f51  __mulsf3                             
00003fdd  SYSCFG_DL_initPower                  
00004065  __aeabi_fdiv                         
00004065  __divsf3                             
000040e9  __TI_decompress_lzss                 
00004165  __gedf2                              
00004165  __gtdf2                              
000041d9  SYSCFG_DL_UART_0_init                
00004245  SYSCFG_DL_UART_2_init                
000042b1  __cmpdf2                             
000042b1  __eqdf2                              
000042b1  __ledf2                              
000042b1  __ltdf2                              
000042b1  __nedf2                              
00004319  ek_printf                            
00004381  lc_printf                            
00004451  SYSCFG_DL_SYSCTL_init                
000044b5  __aeabi_dcmpeq                       
000044c9  __aeabi_dcmplt                       
000044dd  __aeabi_dcmple                       
000044f1  __aeabi_dcmpge                       
00004505  __aeabi_dcmpgt                       
00004519  __aeabi_fcmpeq                       
0000452d  __aeabi_fcmplt                       
00004541  __aeabi_fcmple                       
00004555  __aeabi_fcmpge                       
00004569  __aeabi_fcmpgt                       
0000457b  memset                               
000045dd  SYSCFG_DL_UART_1_init                
0000463d  Set_Motor_PWM                        
0000469d  turn_pid_task                        
000046fd  OLED_ColorTurn                       
00004759  frexp                                
00004759  frexpl                               
000047b5  TIMA0_IRQHandler                     
0000480d  __TI_ltoa                            
000048bd  __aeabi_idiv                         
000048bd  __aeabi_idivmod                      
00004915  SYSCFG_DL_init                       
00004969  TIMA1_IRQHandler                     
00004a11  gray_read                            
00004a61  SYSCFG_DL_SPI_OLED_init              
00004aad  speed_pid_init                       
00004af9  __aeabi_d2iz                         
00004af9  __fixdfsi                            
00004b45  DL_UART_init                         
00004b8d  DL_SPI_init                          
00004bd1  DL_SYSCTL_switchMCLKfromSYSOSCtoHSCLK
00004c15  __aeabi_d2uiz                        
00004c15  __fixunsdfsi                         
00004c59  __aeabi_uidiv                        
00004c59  __aeabi_uidivmod                     
00004c99  __aeabi_f2d                          
00004c99  __extendsfdf2                        
00004cd9  atoi                                 
00004d19  vsnprintf                            
00004d59  __aeabi_i2f                          
00004d59  __floatsisf                          
00004d95  __gesf2                              
00004d95  __gtsf2                              
00004dd1  __TI_auto_init_nobinit_nopinit       
00004e0d  __cmpsf2                             
00004e0d  __eqsf2                              
00004e0d  __lesf2                              
00004e0d  __ltsf2                              
00004e0d  __nesf2                              
00004e49  __muldsi3                            
00004e85  SYSCFG_DL_TIMA0_IC_init              
00004ebd  SYSCFG_DL_TIMA1_IT_init              
00004ef5  __aeabi_f2iz                         
00004ef5  __fixsfsi                            
00004f2d  turn_pid_init                        
00004f61  SYSCFG_DL_SYSTICK_init               
00004ff1  __aeabi_i2d                          
00004ff1  __floatsidf                          
0000501d  system_init                          
00005049  UART2_IRQHandler                     
00005071  __aeabi_ui2f                         
00005071  __floatunsisf                        
00005099  _c_int00_noargs                      
000050c1  __aeabi_lmul                         
000050c1  __muldi3                             
000050e5  key_read                             
00005109  memccpy                              
0000512d  task1                                
0000514d  __aeabi_llsl                         
0000514d  __ashldi3                            
0000516d  DL_Timer_setCaptCompUpdateMethod     
00005189  DL_Timer_setClockConfig              
000051a5  delay_ms                             
000051c1  DL_Timer_setCaptureCompareOutCtl     
000051f1  buzzer_on                            
00005209  task2                                
00005221  SysTick_Handler                      
00005235  __aeabi_uldivmod                     
0000525d  DL_SPI_setClockConfig                
0000526f  DL_UART_setClockConfig               
00005281  __TI_decompress_none                 
00005295  DL_Timer_setCaptureCompareValue      
000052a5  wcslen                               
000052b5  __TI_zero_init                       
000052c5  __aeabi_memset                       
000052c5  __aeabi_memset4                      
000052c5  __aeabi_memset8                      
000052e1  __aeabi_memclr                       
000052e1  __aeabi_memclr4                      
000052e1  __aeabi_memclr8                      
000052ed  laser_off                            
000052f9  laser_on                             
00005305  DL_Common_delayCycles                
00005333  PID_Init                             
0000533d  __aeabi_errno_addr                   
00005345  __aeabi_memcpy                       
00005345  __aeabi_memcpy4                      
00005345  __aeabi_memcpy8                      
0000534d  abort                                
00005352  C$$EXIT                              
00005353  HOSTexit                             
00005357  Reset_Handler                        
0000535b  _system_pre_init                     
00005360  asc2_2412                            
000060bc  asc2_1608                            
000066ac  asc2_1206                            
00006b20  asc2_0806                            
00006d50  __aeabi_ctype_table_                 
00006d50  __aeabi_ctype_table_C                
00007028  __TI_Handler_Table_Base              
00007034  __TI_Handler_Table_Limit             
0000703c  __TI_CINIT_Base                      
0000704c  __TI_CINIT_Limit                     
0000704c  __TI_CINIT_Warm                      
20200000  OLED_GRAM                            
20200000  __start___llvm_prf_bits              
20200000  __start___llvm_prf_cnts              
20200000  __stop___llvm_prf_bits               
20200000  __stop___llvm_prf_cnts               
20200480  gTIMA0_ICBackup                      
2020053c  gTIMA1_ITBackup                      
202005f8  speed_pid                            
20200634  turn_pid                             
20200670  gSPI_OLEDBackup                      
20200698  gray_sensor                          
202006b4  RxBuffer                             
202006c0  pulse_1                              
202006c8  pulse_2                              
202006d0  Get_Encoder1_count                   
202006d4  Get_Encoder2_count                   
202006d8  Pitch                                
202006dc  Roll                                 
202006e0  Yaw                                  
202006e4  encoder1_cnt                         
202006e8  encoder1_cnt_all                     
202006ec  encoder2_cnt                         
202006f0  encoder2_cnt_all                     
202006f4  gpio_interrup1                       
202006f8  gpio_interrup2                       
202006fc  center_x                             
202006fe  center_y                             
20200703  TASK_INDEX                           
20200704  is_buzzer_on                         
20200708  servo_x_pid                          
2020071c  servo_y_pid                          
20200738  __aeabi_errno                        
2020073c  delay_times                          
20200740  last_yaw                             
20200744  servo_x_angle                        
20200748  servo_y_angle                        
2020074c  yaw_sum                              
20200751  is_aimed                             
20200753  laps_count                           
20200756  set_laps                             
20200757  u0_rx_data                           
20200758  u0_rx_ok_flag                        
20200759  u2_rx_data                           
20207e00  __stack                              
20208000  __STACK_END                          
ffffffff  __TI_pprof_out_hndl                  
ffffffff  __TI_prof_data_size                  
ffffffff  __TI_prof_data_start                 
ffffffff  __binit__                            
ffffffff  binit                                
UNDEFED   __mpu_init                           
UNDEFED   _system_post_cinit                   

[265 symbols]
