******************************************************************************
            TI ARM Clang Linker PC v4.0.3                      
******************************************************************************
>> Linked Wed Jul 30 16:21:44 2025

OUTPUT FILE NAME:   <ds25_e_v1.0.out>
ENTRY POINT SYMBOL: "_c_int00_noargs"  address: 000043f1


MEMORY CONFIGURATION

         name            origin    length      used     unused   attr    fill
----------------------  --------  ---------  --------  --------  ----  --------
  FLASH                 00000000   00020000  000062c0  00019d40  R  X
  SRAM                  20200000   00008000  000008de  00007722  RW X
  BCR_CONFIG            41c00000   000000ff  00000000  000000ff  R   
  BSL_CONFIG            41c00100   00000080  00000000  00000080  R   


SEGMENT ALLOCATION MAP

run origin  load origin   length   init length attrs members
----------  ----------- ---------- ----------- ----- -------
00000000    00000000    000062c0   000062c0    r-x
  00000000    00000000    000000c0   000000c0    r-- .intvecs
  000000c0    000000c0    000045c0   000045c0    r-x .text
  00004680    00004680    00001c10   00001c10    r-- .rodata
  00006290    00006290    00000030   00000030    r-- .cinit
20200000    20200000    000006de   00000000    rw-
  20200000    20200000    000006d4   00000000    rw- .bss
  202006d4    202006d4    0000000a   00000000    rw- .data
20207e00    20207e00    00000200   00000000    rw-
  20207e00    20207e00    00000200   00000000    rw- .stack


SECTION ALLOCATION MAP

 output                                  attributes/
section   page    origin      length       input sections
--------  ----  ----------  ----------   ----------------
.intvecs   0    00000000    000000c0     
                  00000000    000000c0     startup_mspm0g350x_ticlang.o (.intvecs)

.text      0    000000c0    000045c0     
                  000000c0    00000c20     oled.o (.text.OLED_Clear)
                  00000ce0    000009d0     libc.a : _printfi.c.obj (.text:__TI_printfi)
                  000016b0    00000374     oled.o (.text.OLED_Init)
                  00001a24    00000270     oled.o (.text.OLED_ShowChar)
                  00001c94    00000220     libc.a : _printfi.c.obj (.text._pconv_a)
                  00001eb4    000001dc            : _printfi.c.obj (.text._pconv_g)
                  00002090    00000192     libclang_rt.builtins.a : adddf3.S.obj (.text.adddf3_subdf3)
                  00002222    00000002     startup_mspm0g350x_ticlang.o (.text.Default_Handler)
                  00002224    00000190     oled.o (.text.OLED_Refresh)
                  000023b4    0000013c     libc.a : _printfi.c.obj (.text.fcvt)
                  000024f0    00000120            : _printfi.c.obj (.text._pconv_e)
                  00002610    0000010c     libclang_rt.builtins.a : divdf3.S.obj (.text.__divdf3)
                  0000271c    00000104     driverlib.a : dl_timer.o (.text.DL_Timer_initFourCCPWMMode)
                  00002820    000000f0     empty.o (.text.main)
                  00002910    000000e8     driverlib.a : dl_timer.o (.text.DL_Timer_initTimerMode)
                  000029f8    000000e4     libclang_rt.builtins.a : muldf3.S.obj (.text.__muldf3)
                  00002adc    000000e0     pid.o (.text.speed_pid_task)
                  00002bbc    000000dc     driverlib.a : dl_sysctl_mspm0g1x0x_g3x0x.o (.text.DL_SYSCTL_configSYSPLL)
                  00002c98    000000dc     ti_msp_dl_config.o (.text.SYSCFG_DL_GPIO_init)
                  00002d74    000000d8     libc.a : s_scalbn.c.obj (.text.scalbn)
                  00002e4c    000000d8     libclang_rt.builtins.a : addsf3.S.obj (.text)
                  00002f24    000000b0     motor.o (.text.GROUP1_IRQHandler)
                  00002fd4    000000a2     libclang_rt.builtins.a : udivmoddi4.S.obj (.text)
                  00003076    00000002                            : aeabi_div0.c.obj (.text.__aeabi_idiv0)
                  00003078    000000a0     oled.o (.text.OLED_DisplayTurn)
                  00003118    0000009c     gray.o (.text.calculate_tracking_error)
                  000031b4    0000009a     libc.a : memcpy16.S.obj (.text:memcpy)
                  0000324e    00000002     libclang_rt.builtins.a : aeabi_div0.c.obj (.text.__aeabi_ldiv0)
                  00003250    00000090     task.o (.text.task1)
                  000032e0    0000008c     oled.o (.text.OLED_ShowString)
                  0000336c    0000008c     ti_msp_dl_config.o (.text.SYSCFG_DL_TIMG0_PWM_init)
                  000033f8    0000008c     libclang_rt.builtins.a : mulsf3.S.obj (.text.__mulsf3)
                  00003484    00000082                            : divsf3.S.obj (.text.__divsf3)
                  00003506    00000002     --HOLE-- [fill = 0]
                  00003508    0000007c     libc.a : copy_decompress_lzss.c.obj (.text:decompress:lzss)
                  00003584    00000074     libclang_rt.builtins.a : comparedf2.c.obj (.text.__gedf2)
                  000035f8    00000070     ti_msp_dl_config.o (.text.SYSCFG_DL_initPower)
                  00003668    0000006c     ti_msp_dl_config.o (.text.SYSCFG_DL_UART_0_init)
                  000036d4    00000068     libclang_rt.builtins.a : comparedf2.c.obj (.text.__ledf2)
                  0000373c    00000068     board.o (.text.ek_printf)
                  000037a4    00000068     board.o (.text.lc_printf)
                  0000380c    00000066     libc.a : _printfi.c.obj (.text._mcpy)
                  00003872    00000002     --HOLE-- [fill = 0]
                  00003874    00000064     ti_msp_dl_config.o (.text.SYSCFG_DL_SYSCTL_init)
                  000038d8    00000062     libclang_rt.builtins.a : aeabi_dcmp.S.obj (.text.__aeabi_dcmp)
                  0000393a    00000002     --HOLE-- [fill = 0]
                  0000393c    00000062                            : aeabi_fcmp.S.obj (.text.__aeabi_fcmp)
                  0000399e    00000062     libc.a : memset16.S.obj (.text:memset)
                  00003a00    00000060     ti_msp_dl_config.o (.text.SYSCFG_DL_UART_1_init)
                  00003a60    00000060     pid.o (.text.turn_pid_task)
                  00003ac0    0000005c     oled.o (.text.OLED_ColorTurn)
                  00003b1c    0000005c     libc.a : s_frexp.c.obj (.text.frexp)
                  00003b78    00000058     motor.o (.text.TIMA0_IRQHandler)
                  00003bd0    00000058     libc.a : _ltoa.c.obj (.text.__TI_ltoa)
                  00003c28    00000058            : _printfi.c.obj (.text._pconv_f)
                  00003c80    00000056     libclang_rt.builtins.a : aeabi_idivmod.S.obj (.text.__aeabi_idivmod)
                  00003cd6    00000002     --HOLE-- [fill = 0]
                  00003cd8    00000054     motor.o (.text.Set_Motor_PWM)
                  00003d2c    00000054     empty.o (.text.key_process)
                  00003d80    00000052     libc.a : _printfi.c.obj (.text._ecpy)
                  00003dd2    00000002     --HOLE-- [fill = 0]
                  00003dd4    0000004c     ti_msp_dl_config.o (.text.SYSCFG_DL_SPI_OLED_init)
                  00003e20    0000004c     ti_msp_dl_config.o (.text.SYSCFG_DL_init)
                  00003e6c    0000004c     pid.o (.text.speed_pid_init)
                  00003eb8    0000004a     libclang_rt.builtins.a : fixdfsi.S.obj (.text.__fixdfsi)
                  00003f02    00000002     --HOLE-- [fill = 0]
                  00003f04    00000048     driverlib.a : dl_uart.o (.text.DL_UART_init)
                  00003f4c    00000044                 : dl_spi.o (.text.DL_SPI_init)
                  00003f90    00000044                 : dl_sysctl_mspm0g1x0x_g3x0x.o (.text.DL_SYSCTL_switchMCLKfromSYSOSCtoHSCLK)
                  00003fd4    00000040     libclang_rt.builtins.a : aeabi_uidivmod.S.obj (.text.__aeabi_uidivmod)
                  00004014    00000040                            : extendsfdf2.S.obj (.text.__extendsfdf2)
                  00004054    00000040     libc.a : atoi.c.obj (.text.atoi)
                  00004094    00000040            : vsnprintf.c.obj (.text.vsnprintf)
                  000040d4    0000003c     libclang_rt.builtins.a : floatsisf.S.obj (.text.__floatsisf)
                  00004110    0000003c                            : comparesf2.S.obj (.text.__gtsf2)
                  0000414c    0000003c     libc.a : autoinit.c.obj (.text:__TI_auto_init_nobinit_nopinit)
                  00004188    0000003a     libclang_rt.builtins.a : comparesf2.S.obj (.text.__eqsf2)
                  000041c2    00000002     --HOLE-- [fill = 0]
                  000041c4    0000003a                            : muldsi3.S.obj (.text.__muldsi3)
                  000041fe    00000002     --HOLE-- [fill = 0]
                  00004200    00000038     ti_msp_dl_config.o (.text.SYSCFG_DL_TIMA0_IC_init)
                  00004238    00000038     ti_msp_dl_config.o (.text.SYSCFG_DL_TIMA1_IT_init)
                  00004270    00000038     libclang_rt.builtins.a : fixsfsi.S.obj (.text.__fixsfsi)
                  000042a8    00000034     pid.o (.text.turn_pid_init)
                  000042dc    00000030     ti_msp_dl_config.o (.text.SYSCFG_DL_SYSTICK_init)
                  0000430c    00000030     libc.a : _printfi.c.obj (.text._fcpy)
                  0000433c    00000030            : vsnprintf.c.obj (.text._outs)
                  0000436c    00000030     gray.o (.text.gray_read)
                  0000439c    0000002c     libclang_rt.builtins.a : floatsidf.S.obj (.text.__floatsidf)
                  000043c8    00000028                            : floatunsisf.S.obj (.text.__floatunsisf)
                  000043f0    00000028     libc.a : boot_cortex_m.c.obj (.text:_c_int00_noargs)
                  00004418    00000024     libclang_rt.builtins.a : muldi3.S.obj (.text.__muldi3)
                  0000443c    00000024     misc_bsp.o (.text.key_read)
                  00004460    00000022     libc.a : memccpy.c.obj (.text.memccpy)
                  00004482    00000002     --HOLE-- [fill = 0]
                  00004484    0000001e     libclang_rt.builtins.a : ashldi3.S.obj (.text.__ashldi3)
                  000044a2    00000002     --HOLE-- [fill = 0]
                  000044a4    0000001c     driverlib.a : dl_timer.o (.text.DL_Timer_setCaptCompUpdateMethod)
                  000044c0    0000001c                 : dl_timer.o (.text.DL_Timer_setClockConfig)
                  000044dc    0000001c     task.o (.text.TIMA1_IRQHandler)
                  000044f8    0000001c     board.o (.text.delay_ms)
                  00004514    00000018     driverlib.a : dl_timer.o (.text.DL_Timer_setCaptureCompareOutCtl)
                  0000452c    00000018     libc.a : vsnprintf.c.obj (.text._outc)
                  00004544    00000018     misc_bsp.o (.text.buzzer_on)
                  0000455c    00000014     board.o (.text.SysTick_Handler)
                  00004570    00000014     libclang_rt.builtins.a : aeabi_uldivmod.S.obj (.text.__aeabi_uldivmod)
                  00004584    00000014     libc.a : _printfi.c.obj (.text.strchr)
                  00004598    00000012     driverlib.a : dl_spi.o (.text.DL_SPI_setClockConfig)
                  000045aa    00000012                 : dl_uart.o (.text.DL_UART_setClockConfig)
                  000045bc    00000012     libc.a : copy_decompress_none.c.obj (.text:decompress:none)
                  000045ce    00000002     --HOLE-- [fill = 0]
                  000045d0    00000010     driverlib.a : dl_timer.o (.text.DL_Timer_setCaptureCompareValue)
                  000045e0    00000010     libc.a : wcslen.c.obj (.text.wcslen)
                  000045f0    00000010            : copy_zero_init.c.obj (.text:decompress:ZI)
                  00004600    0000000e     libclang_rt.builtins.a : aeabi_memset.S.obj (.text.__aeabi_memset)
                  0000460e    0000000e     libc.a : _printfi.c.obj (.text.strlen)
                  0000461c    0000000c     libclang_rt.builtins.a : aeabi_memset.S.obj (.text.__aeabi_memclr)
                  00004628    0000000a     driverlib.a : dl_common.o (.text.DL_Common_delayCycles)
                  00004632    0000000a     libc.a : _printfi.c.obj (.text.OUTLINED_FUNCTION_0)
                  0000463c    00000010     libclang_rt.builtins.a : adddf3.S.obj (.tramp.__aeabi_dsub.1)
                  0000464c    0000000a     libc.a : _printfi.c.obj (.text.OUTLINED_FUNCTION_1)
                  00004656    00000002     --HOLE-- [fill = 0]
                  00004658    00000008            : aeabi_portable.c.obj (.text.__aeabi_errno_addr)
                  00004660    00000008     libclang_rt.builtins.a : aeabi_memcpy.S.obj (.text.__aeabi_memcpy)
                  00004668    00000006     libc.a : exit.c.obj (.text:abort)
                  0000466e    00000004     libsysbm.a : hostexit.c.obj (.text.HOSTexit)
                  00004672    00000004     startup_mspm0g350x_ticlang.o (.text.Reset_Handler)
                  00004676    00000004     libc.a : pre_init.c.obj (.text._system_pre_init)
                  0000467a    00000006     --HOLE-- [fill = 0]

.cinit     0    00006290    00000030     
                  00006290    0000000c     (__TI_handler_table)
                  0000629c    00000008     (.cinit..bss.load) [load image, compression = zero_init]
                  000062a4    00000007     (.cinit..data.load) [load image, compression = lzss]
                  000062ab    00000001     --HOLE-- [fill = 0]
                  000062ac    00000010     (__TI_cinit_table)
                  000062bc    00000004     --HOLE-- [fill = 0]

.rodata    0    00004680    00001c10     
                  00004680    00000d5c     oled.o (.rodata.asc2_2412)
                  000053dc    000005f0     oled.o (.rodata.asc2_1608)
                  000059cc    00000474     oled.o (.rodata.asc2_1206)
                  00005e40    00000228     oled.o (.rodata.asc2_0806)
                  00006068    00000008     ti_msp_dl_config.o (.rodata.gTIMG0_PWMConfig)
                  00006070    00000101     libc.a : aeabi_ctype.S.obj (.rodata:__aeabi_ctype_table_)
                  00006171    00000003     ti_msp_dl_config.o (.rodata.gTIMA0_ICClockConfig)
                  00006174    00000028     ti_msp_dl_config.o (.rodata.gSYSPLLConfig)
                  0000619c    00000025     empty.o (.rodata.str1.17669528882079347314.1)
                  000061c1    00000016     empty.o (.rodata.str1.11898133897667081452.1)
                  000061d7    00000016     empty.o (.rodata.str1.254342170260855183.1)
                  000061ed    00000003     ti_msp_dl_config.o (.rodata.gTIMA1_ITClockConfig)
                  000061f0    00000014     ti_msp_dl_config.o (.rodata.gTIMA0_ICTimerConfig)
                  00006204    00000014     ti_msp_dl_config.o (.rodata.gTIMA1_ITTimerConfig)
                  00006218    00000012     empty.o (.rodata.str1.14685083708502177989.1)
                  0000622a    00000011     libc.a : _printfi.c.obj (.rodata.str1.10348868589481759720.1)
                  0000623b    00000011            : _printfi.c.obj (.rodata.str1.15363888844622738466.1)
                  0000624c    0000000e     empty.o (.rodata.str1.9517790425240694019.1)
                  0000625a    0000000a     ti_msp_dl_config.o (.rodata.gSPI_OLED_config)
                  00006264    0000000a     ti_msp_dl_config.o (.rodata.gUART_0Config)
                  0000626e    0000000a     ti_msp_dl_config.o (.rodata.gUART_1Config)
                  00006278    00000003     ti_msp_dl_config.o (.rodata.gTIMG0_PWMClockConfig)
                  0000627b    00000002     ti_msp_dl_config.o (.rodata.gSPI_OLED_clockConfig)
                  0000627d    00000002     ti_msp_dl_config.o (.rodata.gUART_0ClockConfig)
                  0000627f    00000002     ti_msp_dl_config.o (.rodata.gUART_1ClockConfig)
                  00006281    0000000f     --HOLE-- [fill = 0]

.init_array 
*          0    00000000    00000000     UNINITIALIZED

.binit     0    00000000    00000000     

.bss       0    20200000    000006d4     UNINITIALIZED
                  20200000    00000480     (.common:OLED_GRAM)
                  20200480    000000bc     (.common:gTIMA0_ICBackup)
                  2020053c    000000bc     (.common:gTIMA1_ITBackup)
                  202005f8    0000003c     (.common:speed_pid)
                  20200634    0000003c     (.common:turn_pid)
                  20200670    00000028     (.common:gSPI_OLEDBackup)
                  20200698    0000001c     (.common:gray_sensor)
                  202006b4    00000004     (.common:Get_Encoder1_count)
                  202006b8    00000004     (.common:Get_Encoder2_count)
                  202006bc    00000004     (.common:encoder1_cnt)
                  202006c0    00000004     (.common:encoder1_cnt_all)
                  202006c4    00000004     (.common:encoder2_cnt)
                  202006c8    00000004     (.common:encoder2_cnt_all)
                  202006cc    00000004     (.common:gpio_interrup1)
                  202006d0    00000004     (.common:gpio_interrup2)

.data      0    202006d4    0000000a     UNINITIALIZED
                  202006d4    00000004     libc.a : aeabi_portable.c.obj (.data.__aeabi_errno)
                  202006d8    00000004     board.o (.data.delay_times)
                  202006dc    00000001     task.o (.data.is_task1_running)
                  202006dd    00000001     empty.o (.data.key_process.key_old)

.stack     0    20207e00    00000200     UNINITIALIZED
                  20207e00    00000004     libc.a : boot_cortex_m.c.obj (.stack)
                  20207e04    000001fc     --HOLE--

__llvm_prf_cnts 
*          0    20200000    00000000     UNINITIALIZED

__llvm_prf_bits 
*          0    20200000    00000000     UNINITIALIZED

MODULE SUMMARY

       Module                         code    ro data   rw data
       ------                         ----    -------   -------
    .\
       ti_msp_dl_config.o             1088    133       416    
       empty.o                        324     113       1      
       startup_mspm0g350x_ticlang.o   6       192       0      
    +--+------------------------------+-------+---------+---------+
       Total:                         1418    438       417    
                                                               
    .\BSP\
       pid.o                          448     0         120    
       motor.o                        348     0         32     
       gray.o                         204     0         0      
       task.o                         172     0         29     
       misc_bsp.o                     60      0         0      
    +--+------------------------------+-------+---------+---------+
       Total:                         1232    0         181    
                                                               
    .\BSP\OLED\
       oled.o                         5404    6632      1152   
    +--+------------------------------+-------+---------+---------+
       Total:                         5404    6632      1152   
                                                               
    .\Board\
       board.o                        256     0         4      
    +--+------------------------------+-------+---------+---------+
       Total:                         256     0         4      
                                                               
    C:/ti/mspm0_sdk_2_05_01_00/source/ti/driverlib/lib/ticlang/m0p/mspm0g1x0x_g3x0x/driverlib.a
       dl_timer.o                     588     0         0      
       dl_sysctl_mspm0g1x0x_g3x0x.o   288     0         0      
       dl_uart.o                      90      0         0      
       dl_spi.o                       86      0         0      
       dl_common.o                    10      0         0      
    +--+------------------------------+-------+---------+---------+
       Total:                         1062    0         0      
                                                               
    C:\ti\ccs2020\ccs\tools\compiler\ti-cgt-armllvm_4.0.3.LTS\lib\armv6m-ti-none-eabi/c/libc.a
       _printfi.c.obj                 4510    34        0      
       aeabi_ctype.S.obj              0       257       0      
       s_scalbn.c.obj                 216     0         0      
       memcpy16.S.obj                 154     0         0      
       vsnprintf.c.obj                136     0         0      
       copy_decompress_lzss.c.obj     124     0         0      
       memset16.S.obj                 98      0         0      
       s_frexp.c.obj                  92      0         0      
       _ltoa.c.obj                    88      0         0      
       atoi.c.obj                     64      0         0      
       autoinit.c.obj                 60      0         0      
       boot_cortex_m.c.obj            40      0         0      
       memccpy.c.obj                  34      0         0      
       copy_decompress_none.c.obj     18      0         0      
       copy_zero_init.c.obj           16      0         0      
       wcslen.c.obj                   16      0         0      
       aeabi_portable.c.obj           8       0         4      
       exit.c.obj                     6       0         0      
       pre_init.c.obj                 4       0         0      
    +--+------------------------------+-------+---------+---------+
       Total:                         5684    291       4      
                                                               
    C:\ti\ccs2020\ccs\tools\compiler\ti-cgt-armllvm_4.0.3.LTS\lib\armv6m-ti-none-eabi/c/libsysbm.a
       hostexit.c.obj                 4       0         0      
    +--+------------------------------+-------+---------+---------+
       Total:                         4       0         0      
                                                               
    C:\ti\ccs2020\ccs\tools\compiler\ti-cgt-armllvm_4.0.3.LTS\lib\armv6m-ti-none-eabi/libclang_rt.builtins.a
       adddf3.S.obj                   418     0         0      
       divdf3.S.obj                   268     0         0      
       muldf3.S.obj                   228     0         0      
       comparedf2.c.obj               220     0         0      
       addsf3.S.obj                   216     0         0      
       udivmoddi4.S.obj               162     0         0      
       mulsf3.S.obj                   140     0         0      
       divsf3.S.obj                   130     0         0      
       comparesf2.S.obj               118     0         0      
       aeabi_dcmp.S.obj               98      0         0      
       aeabi_fcmp.S.obj               98      0         0      
       aeabi_idivmod.S.obj            86      0         0      
       fixdfsi.S.obj                  74      0         0      
       aeabi_uidivmod.S.obj           64      0         0      
       extendsfdf2.S.obj              64      0         0      
       floatsisf.S.obj                60      0         0      
       muldsi3.S.obj                  58      0         0      
       fixsfsi.S.obj                  56      0         0      
       floatsidf.S.obj                44      0         0      
       floatunsisf.S.obj              40      0         0      
       muldi3.S.obj                   36      0         0      
       ashldi3.S.obj                  30      0         0      
       aeabi_memset.S.obj             26      0         0      
       aeabi_uldivmod.S.obj           20      0         0      
       aeabi_memcpy.S.obj             8       0         0      
       aeabi_div0.c.obj               4       0         0      
    +--+------------------------------+-------+---------+---------+
       Total:                         2766    0         0      
                                                               
       Stack:                         0       0         512    
       Linker Generated:              0       43        0      
    +--+------------------------------+-------+---------+---------+
       Grand Total:                   17826   7404      2270   


LINKER GENERATED COPY TABLES

__TI_cinit_table @ 000062ac records: 2, size/record: 8, table size: 16
	.bss: load addr=0000629c, load size=00000008 bytes, run addr=20200000, run size=000006d4 bytes, compression=zero_init
	.data: load addr=000062a4, load size=00000007 bytes, run addr=202006d4, run size=0000000a bytes, compression=lzss


LINKER GENERATED HANDLER TABLE

__TI_handler_table @ 00006290 records: 3, size/record: 4, table size: 12
	index: 0, handler: __TI_decompress_lzss
	index: 1, handler: __TI_decompress_none
	index: 2, handler: __TI_zero_init


FAR CALL TRAMPOLINES

callee name               trampoline name
   callee addr  tramp addr   call addr  call info
--------------  -----------  ---------  ----------------
__aeabi_dsub              $Tramp$TT$L$PI$$__aeabi_dsub
   00002091     0000463c     0000463a   libc.a : _printfi.c.obj (.text.OUTLINED_FUNCTION_0)

[1 trampolines]
[1 trampoline calls]


GLOBAL SYMBOLS: SORTED ALPHABETICALLY BY Name 

address   name                                 
-------   ----                                 
00002223  ADC0_IRQHandler                      
00002223  ADC1_IRQHandler                      
00002223  AES_IRQHandler                       
0000466e  C$$EXIT                              
00002223  CANFD0_IRQHandler                    
00002223  DAC0_IRQHandler                      
00004629  DL_Common_delayCycles                
00003f4d  DL_SPI_init                          
00004599  DL_SPI_setClockConfig                
00002bbd  DL_SYSCTL_configSYSPLL               
00003f91  DL_SYSCTL_switchMCLKfromSYSOSCtoHSCLK
0000271d  DL_Timer_initFourCCPWMMode           
00002911  DL_Timer_initTimerMode               
000044a5  DL_Timer_setCaptCompUpdateMethod     
00004515  DL_Timer_setCaptureCompareOutCtl     
000045d1  DL_Timer_setCaptureCompareValue      
000044c1  DL_Timer_setClockConfig              
00003f05  DL_UART_init                         
000045ab  DL_UART_setClockConfig               
00002223  DMA_IRQHandler                       
00002223  Default_Handler                      
00002223  GROUP0_IRQHandler                    
00002f25  GROUP1_IRQHandler                    
202006b4  Get_Encoder1_count                   
202006b8  Get_Encoder2_count                   
0000466f  HOSTexit                             
00002223  HardFault_Handler                    
00002223  I2C0_IRQHandler                      
00002223  I2C1_IRQHandler                      
00002223  NMI_Handler                          
000000c1  OLED_Clear                           
00003ac1  OLED_ColorTurn                       
00003079  OLED_DisplayTurn                     
20200000  OLED_GRAM                            
000016b1  OLED_Init                            
00002225  OLED_Refresh                         
00001a25  OLED_ShowChar                        
000032e1  OLED_ShowString                      
00002223  PendSV_Handler                       
00002223  RTC_IRQHandler                       
00004673  Reset_Handler                        
00002223  SPI0_IRQHandler                      
00002223  SPI1_IRQHandler                      
00002223  SVC_Handler                          
00002c99  SYSCFG_DL_GPIO_init                  
00003dd5  SYSCFG_DL_SPI_OLED_init              
00003875  SYSCFG_DL_SYSCTL_init                
000042dd  SYSCFG_DL_SYSTICK_init               
00004201  SYSCFG_DL_TIMA0_IC_init              
00004239  SYSCFG_DL_TIMA1_IT_init              
0000336d  SYSCFG_DL_TIMG0_PWM_init             
00003669  SYSCFG_DL_UART_0_init                
00003a01  SYSCFG_DL_UART_1_init                
00003e21  SYSCFG_DL_init                       
000035f9  SYSCFG_DL_initPower                  
00003cd9  Set_Motor_PWM                        
0000455d  SysTick_Handler                      
00003b79  TIMA0_IRQHandler                     
000044dd  TIMA1_IRQHandler                     
00002223  TIMG0_IRQHandler                     
00002223  TIMG12_IRQHandler                    
00002223  TIMG6_IRQHandler                     
00002223  TIMG7_IRQHandler                     
00002223  TIMG8_IRQHandler                     
00002223  UART0_IRQHandler                     
00002223  UART1_IRQHandler                     
00002223  UART2_IRQHandler                     
00002223  UART3_IRQHandler                     
20208000  __STACK_END                          
00000200  __STACK_SIZE                         
00000000  __TI_ATRegion0_region_sz             
00000000  __TI_ATRegion0_src_addr              
00000000  __TI_ATRegion0_trg_addr              
00000000  __TI_ATRegion1_region_sz             
00000000  __TI_ATRegion1_src_addr              
00000000  __TI_ATRegion1_trg_addr              
00000000  __TI_ATRegion2_region_sz             
00000000  __TI_ATRegion2_src_addr              
00000000  __TI_ATRegion2_trg_addr              
000062ac  __TI_CINIT_Base                      
000062bc  __TI_CINIT_Limit                     
000062bc  __TI_CINIT_Warm                      
00006290  __TI_Handler_Table_Base              
0000629c  __TI_Handler_Table_Limit             
0000414d  __TI_auto_init_nobinit_nopinit       
00003509  __TI_decompress_lzss                 
000045bd  __TI_decompress_none                 
00003bd1  __TI_ltoa                            
ffffffff  __TI_pprof_out_hndl                  
00000ce1  __TI_printfi                         
ffffffff  __TI_prof_data_size                  
ffffffff  __TI_prof_data_start                 
00000000  __TI_static_base__                   
000045f1  __TI_zero_init                       
0000209b  __adddf3                             
00002e57  __addsf3                             
00006070  __aeabi_ctype_table_                 
00006070  __aeabi_ctype_table_C                
00003eb9  __aeabi_d2iz                         
0000209b  __aeabi_dadd                         
000038d9  __aeabi_dcmpeq                       
00003915  __aeabi_dcmpge                       
00003929  __aeabi_dcmpgt                       
00003901  __aeabi_dcmple                       
000038ed  __aeabi_dcmplt                       
00002611  __aeabi_ddiv                         
000029f9  __aeabi_dmul                         
00002091  __aeabi_dsub                         
202006d4  __aeabi_errno                        
00004659  __aeabi_errno_addr                   
00004015  __aeabi_f2d                          
00004271  __aeabi_f2iz                         
00002e57  __aeabi_fadd                         
0000393d  __aeabi_fcmpeq                       
00003979  __aeabi_fcmpge                       
0000398d  __aeabi_fcmpgt                       
00003965  __aeabi_fcmple                       
00003951  __aeabi_fcmplt                       
00003485  __aeabi_fdiv                         
000033f9  __aeabi_fmul                         
00002e4d  __aeabi_fsub                         
0000439d  __aeabi_i2d                          
000040d5  __aeabi_i2f                          
00003c81  __aeabi_idiv                         
00003077  __aeabi_idiv0                        
00003c81  __aeabi_idivmod                      
0000324f  __aeabi_ldiv0                        
00004485  __aeabi_llsl                         
00004419  __aeabi_lmul                         
0000461d  __aeabi_memclr                       
0000461d  __aeabi_memclr4                      
0000461d  __aeabi_memclr8                      
00004661  __aeabi_memcpy                       
00004661  __aeabi_memcpy4                      
00004661  __aeabi_memcpy8                      
00004601  __aeabi_memset                       
00004601  __aeabi_memset4                      
00004601  __aeabi_memset8                      
000043c9  __aeabi_ui2f                         
00003fd5  __aeabi_uidiv                        
00003fd5  __aeabi_uidivmod                     
00004571  __aeabi_uldivmod                     
00004485  __ashldi3                            
ffffffff  __binit__                            
000036d5  __cmpdf2                             
00004189  __cmpsf2                             
00002611  __divdf3                             
00003485  __divsf3                             
000036d5  __eqdf2                              
00004189  __eqsf2                              
00004015  __extendsfdf2                        
00003eb9  __fixdfsi                            
00004271  __fixsfsi                            
0000439d  __floatsidf                          
000040d5  __floatsisf                          
000043c9  __floatunsisf                        
00003585  __gedf2                              
00004111  __gesf2                              
00003585  __gtdf2                              
00004111  __gtsf2                              
000036d5  __ledf2                              
00004189  __lesf2                              
000036d5  __ltdf2                              
00004189  __ltsf2                              
UNDEFED   __mpu_init                           
000029f9  __muldf3                             
00004419  __muldi3                             
000041c5  __muldsi3                            
000033f9  __mulsf3                             
000036d5  __nedf2                              
00004189  __nesf2                              
20207e00  __stack                              
20200000  __start___llvm_prf_bits              
20200000  __start___llvm_prf_cnts              
20200000  __stop___llvm_prf_bits               
20200000  __stop___llvm_prf_cnts               
00002091  __subdf3                             
00002e4d  __subsf3                             
00002fd5  __udivmoddi4                         
000043f1  _c_int00_noargs                      
UNDEFED   _system_post_cinit                   
00004677  _system_pre_init                     
00004669  abort                                
00005e40  asc2_0806                            
000059cc  asc2_1206                            
000053dc  asc2_1608                            
00004680  asc2_2412                            
00004055  atoi                                 
ffffffff  binit                                
00004545  buzzer_on                            
00003119  calculate_tracking_error             
000044f9  delay_ms                             
202006d8  delay_times                          
0000373d  ek_printf                            
202006bc  encoder1_cnt                         
202006c0  encoder1_cnt_all                     
202006c4  encoder2_cnt                         
202006c8  encoder2_cnt_all                     
00003b1d  frexp                                
00003b1d  frexpl                               
20200670  gSPI_OLEDBackup                      
20200480  gTIMA0_ICBackup                      
2020053c  gTIMA1_ITBackup                      
202006cc  gpio_interrup1                       
202006d0  gpio_interrup2                       
0000436d  gray_read                            
20200698  gray_sensor                          
00000000  interruptVectors                     
202006dc  is_task1_running                     
00003d2d  key_process                          
0000443d  key_read                             
000037a5  lc_printf                            
00002d75  ldexp                                
00002d75  ldexpl                               
00002821  main                                 
00004461  memccpy                              
000031b5  memcpy                               
0000399f  memset                               
00002d75  scalbn                               
00002d75  scalbnl                              
202005f8  speed_pid                            
00003e6d  speed_pid_init                       
00002add  speed_pid_task                       
00003251  task1                                
20200634  turn_pid                             
000042a9  turn_pid_init                        
00003a61  turn_pid_task                        
00004095  vsnprintf                            
000045e1  wcslen                               


GLOBAL SYMBOLS: SORTED BY Symbol Address 

address   name                                 
-------   ----                                 
00000000  __TI_ATRegion0_region_sz             
00000000  __TI_ATRegion0_src_addr              
00000000  __TI_ATRegion0_trg_addr              
00000000  __TI_ATRegion1_region_sz             
00000000  __TI_ATRegion1_src_addr              
00000000  __TI_ATRegion1_trg_addr              
00000000  __TI_ATRegion2_region_sz             
00000000  __TI_ATRegion2_src_addr              
00000000  __TI_ATRegion2_trg_addr              
00000000  __TI_static_base__                   
00000000  interruptVectors                     
000000c1  OLED_Clear                           
00000200  __STACK_SIZE                         
00000ce1  __TI_printfi                         
000016b1  OLED_Init                            
00001a25  OLED_ShowChar                        
00002091  __aeabi_dsub                         
00002091  __subdf3                             
0000209b  __adddf3                             
0000209b  __aeabi_dadd                         
00002223  ADC0_IRQHandler                      
00002223  ADC1_IRQHandler                      
00002223  AES_IRQHandler                       
00002223  CANFD0_IRQHandler                    
00002223  DAC0_IRQHandler                      
00002223  DMA_IRQHandler                       
00002223  Default_Handler                      
00002223  GROUP0_IRQHandler                    
00002223  HardFault_Handler                    
00002223  I2C0_IRQHandler                      
00002223  I2C1_IRQHandler                      
00002223  NMI_Handler                          
00002223  PendSV_Handler                       
00002223  RTC_IRQHandler                       
00002223  SPI0_IRQHandler                      
00002223  SPI1_IRQHandler                      
00002223  SVC_Handler                          
00002223  TIMG0_IRQHandler                     
00002223  TIMG12_IRQHandler                    
00002223  TIMG6_IRQHandler                     
00002223  TIMG7_IRQHandler                     
00002223  TIMG8_IRQHandler                     
00002223  UART0_IRQHandler                     
00002223  UART1_IRQHandler                     
00002223  UART2_IRQHandler                     
00002223  UART3_IRQHandler                     
00002225  OLED_Refresh                         
00002611  __aeabi_ddiv                         
00002611  __divdf3                             
0000271d  DL_Timer_initFourCCPWMMode           
00002821  main                                 
00002911  DL_Timer_initTimerMode               
000029f9  __aeabi_dmul                         
000029f9  __muldf3                             
00002add  speed_pid_task                       
00002bbd  DL_SYSCTL_configSYSPLL               
00002c99  SYSCFG_DL_GPIO_init                  
00002d75  ldexp                                
00002d75  ldexpl                               
00002d75  scalbn                               
00002d75  scalbnl                              
00002e4d  __aeabi_fsub                         
00002e4d  __subsf3                             
00002e57  __addsf3                             
00002e57  __aeabi_fadd                         
00002f25  GROUP1_IRQHandler                    
00002fd5  __udivmoddi4                         
00003077  __aeabi_idiv0                        
00003079  OLED_DisplayTurn                     
00003119  calculate_tracking_error             
000031b5  memcpy                               
0000324f  __aeabi_ldiv0                        
00003251  task1                                
000032e1  OLED_ShowString                      
0000336d  SYSCFG_DL_TIMG0_PWM_init             
000033f9  __aeabi_fmul                         
000033f9  __mulsf3                             
00003485  __aeabi_fdiv                         
00003485  __divsf3                             
00003509  __TI_decompress_lzss                 
00003585  __gedf2                              
00003585  __gtdf2                              
000035f9  SYSCFG_DL_initPower                  
00003669  SYSCFG_DL_UART_0_init                
000036d5  __cmpdf2                             
000036d5  __eqdf2                              
000036d5  __ledf2                              
000036d5  __ltdf2                              
000036d5  __nedf2                              
0000373d  ek_printf                            
000037a5  lc_printf                            
00003875  SYSCFG_DL_SYSCTL_init                
000038d9  __aeabi_dcmpeq                       
000038ed  __aeabi_dcmplt                       
00003901  __aeabi_dcmple                       
00003915  __aeabi_dcmpge                       
00003929  __aeabi_dcmpgt                       
0000393d  __aeabi_fcmpeq                       
00003951  __aeabi_fcmplt                       
00003965  __aeabi_fcmple                       
00003979  __aeabi_fcmpge                       
0000398d  __aeabi_fcmpgt                       
0000399f  memset                               
00003a01  SYSCFG_DL_UART_1_init                
00003a61  turn_pid_task                        
00003ac1  OLED_ColorTurn                       
00003b1d  frexp                                
00003b1d  frexpl                               
00003b79  TIMA0_IRQHandler                     
00003bd1  __TI_ltoa                            
00003c81  __aeabi_idiv                         
00003c81  __aeabi_idivmod                      
00003cd9  Set_Motor_PWM                        
00003d2d  key_process                          
00003dd5  SYSCFG_DL_SPI_OLED_init              
00003e21  SYSCFG_DL_init                       
00003e6d  speed_pid_init                       
00003eb9  __aeabi_d2iz                         
00003eb9  __fixdfsi                            
00003f05  DL_UART_init                         
00003f4d  DL_SPI_init                          
00003f91  DL_SYSCTL_switchMCLKfromSYSOSCtoHSCLK
00003fd5  __aeabi_uidiv                        
00003fd5  __aeabi_uidivmod                     
00004015  __aeabi_f2d                          
00004015  __extendsfdf2                        
00004055  atoi                                 
00004095  vsnprintf                            
000040d5  __aeabi_i2f                          
000040d5  __floatsisf                          
00004111  __gesf2                              
00004111  __gtsf2                              
0000414d  __TI_auto_init_nobinit_nopinit       
00004189  __cmpsf2                             
00004189  __eqsf2                              
00004189  __lesf2                              
00004189  __ltsf2                              
00004189  __nesf2                              
000041c5  __muldsi3                            
00004201  SYSCFG_DL_TIMA0_IC_init              
00004239  SYSCFG_DL_TIMA1_IT_init              
00004271  __aeabi_f2iz                         
00004271  __fixsfsi                            
000042a9  turn_pid_init                        
000042dd  SYSCFG_DL_SYSTICK_init               
0000436d  gray_read                            
0000439d  __aeabi_i2d                          
0000439d  __floatsidf                          
000043c9  __aeabi_ui2f                         
000043c9  __floatunsisf                        
000043f1  _c_int00_noargs                      
00004419  __aeabi_lmul                         
00004419  __muldi3                             
0000443d  key_read                             
00004461  memccpy                              
00004485  __aeabi_llsl                         
00004485  __ashldi3                            
000044a5  DL_Timer_setCaptCompUpdateMethod     
000044c1  DL_Timer_setClockConfig              
000044dd  TIMA1_IRQHandler                     
000044f9  delay_ms                             
00004515  DL_Timer_setCaptureCompareOutCtl     
00004545  buzzer_on                            
0000455d  SysTick_Handler                      
00004571  __aeabi_uldivmod                     
00004599  DL_SPI_setClockConfig                
000045ab  DL_UART_setClockConfig               
000045bd  __TI_decompress_none                 
000045d1  DL_Timer_setCaptureCompareValue      
000045e1  wcslen                               
000045f1  __TI_zero_init                       
00004601  __aeabi_memset                       
00004601  __aeabi_memset4                      
00004601  __aeabi_memset8                      
0000461d  __aeabi_memclr                       
0000461d  __aeabi_memclr4                      
0000461d  __aeabi_memclr8                      
00004629  DL_Common_delayCycles                
00004659  __aeabi_errno_addr                   
00004661  __aeabi_memcpy                       
00004661  __aeabi_memcpy4                      
00004661  __aeabi_memcpy8                      
00004669  abort                                
0000466e  C$$EXIT                              
0000466f  HOSTexit                             
00004673  Reset_Handler                        
00004677  _system_pre_init                     
00004680  asc2_2412                            
000053dc  asc2_1608                            
000059cc  asc2_1206                            
00005e40  asc2_0806                            
00006070  __aeabi_ctype_table_                 
00006070  __aeabi_ctype_table_C                
00006290  __TI_Handler_Table_Base              
0000629c  __TI_Handler_Table_Limit             
000062ac  __TI_CINIT_Base                      
000062bc  __TI_CINIT_Limit                     
000062bc  __TI_CINIT_Warm                      
20200000  OLED_GRAM                            
20200000  __start___llvm_prf_bits              
20200000  __start___llvm_prf_cnts              
20200000  __stop___llvm_prf_bits               
20200000  __stop___llvm_prf_cnts               
20200480  gTIMA0_ICBackup                      
2020053c  gTIMA1_ITBackup                      
202005f8  speed_pid                            
20200634  turn_pid                             
20200670  gSPI_OLEDBackup                      
20200698  gray_sensor                          
202006b4  Get_Encoder1_count                   
202006b8  Get_Encoder2_count                   
202006bc  encoder1_cnt                         
202006c0  encoder1_cnt_all                     
202006c4  encoder2_cnt                         
202006c8  encoder2_cnt_all                     
202006cc  gpio_interrup1                       
202006d0  gpio_interrup2                       
202006d4  __aeabi_errno                        
202006d8  delay_times                          
202006dc  is_task1_running                     
20207e00  __stack                              
20208000  __STACK_END                          
ffffffff  __TI_pprof_out_hndl                  
ffffffff  __TI_prof_data_size                  
ffffffff  __TI_prof_data_start                 
ffffffff  __binit__                            
ffffffff  binit                                
UNDEFED   __mpu_init                           
UNDEFED   _system_post_cinit                   

[229 symbols]
