******************************************************************************
            TI ARM Clang Linker PC v4.0.3                      
******************************************************************************
>> Linked Tue Aug 19 18:13:05 2025

OUTPUT FILE NAME:   <ds25_e_v1.3.out>
ENTRY POINT SYMBOL: "_c_int00_noargs"  address: 000052c5


MEMORY CONFIGURATION

         name            origin    length      used     unused   attr    fill
----------------------  --------  ---------  --------  --------  ----  --------
  FLASH                 00000000   00020000  000072e8  00018d18  R  X
  SRAM                  20200000   00008000  00000960  000076a0  RW X
  BCR_CONFIG            41c00000   000000ff  00000000  000000ff  R   
  BSL_CONFIG            41c00100   00000080  00000000  00000080  R   


SEGMENT ALLOCATION MAP

run origin  load origin   length   init length attrs members
----------  ----------- ---------- ----------- ----- -------
00000000    00000000    000055a8   000055a8    r-x
  00000000    00000000    000000c0   000000c0    r-- .intvecs
  000000c0    000000c0    000054e8   000054e8    r-x .text
000055b0    000055b0    00001d40   00001d40    r--
  000055b0    000055b0    00001d00   00001d00    r-- .rodata
  000072b0    000072b0    00000040   00000040    r-- .cinit
20200000    20200000    00000762   00000000    rw-
  20200000    20200000    0000070a   00000000    rw- .bss
  2020070c    2020070c    00000056   00000000    rw- .data
20207e00    20207e00    00000200   00000000    rw-
  20207e00    20207e00    00000200   00000000    rw- .stack


SECTION ALLOCATION MAP

 output                                  attributes/
section   page    origin      length       input sections
--------  ----  ----------  ----------   ----------------
.intvecs   0    00000000    000000c0     
                  00000000    000000c0     startup_mspm0g350x_ticlang.o (.intvecs)

.text      0    000000c0    000054e8     
                  000000c0    00000c20     oled.o (.text.OLED_Clear)
                  00000ce0    000009d0     libc.a : _printfi.c.obj (.text:__TI_printfi)
                  000016b0    000003aa     oled.o (.text.OLED_ShowNum)
                  00001a5a    00000002     startup_mspm0g350x_ticlang.o (.text.Default_Handler)
                  00001a5c    00000374     oled.o (.text.OLED_Init)
                  00001dd0    00000270     oled.o (.text.OLED_ShowChar)
                  00002040    00000220     libc.a : _printfi.c.obj (.text._pconv_a)
                  00002260    000001dc            : _printfi.c.obj (.text._pconv_g)
                  0000243c    000001bc     task.o (.text.aiming_system_start_0)
                  000025f8    00000192     libclang_rt.builtins.a : adddf3.S.obj (.text.adddf3_subdf3)
                  0000278a    00000002                            : aeabi_div0.c.obj (.text.__aeabi_idiv0)
                  0000278c    00000190     oled.o (.text.OLED_Refresh)
                  0000291c    00000190     task.o (.text.aiming_system_start)
                  00002aac    00000154     empty.o (.text.main)
                  00002c00    0000013c     libc.a : _printfi.c.obj (.text.fcvt)
                  00002d3c    00000120            : _printfi.c.obj (.text._pconv_e)
                  00002e5c    00000120     servo.o (.text.set_angle)
                  00002f7c    0000011c     task.o (.text.motor_pid_task)
                  00003098    00000118     com_jy61p.o (.text.jy61p_ReceiveData)
                  000031b0    0000010c     libclang_rt.builtins.a : divdf3.S.obj (.text.__divdf3)
                  000032bc    00000104     driverlib.a : dl_timer.o (.text.DL_Timer_initFourCCPWMMode)
                  000033c0    000000f4     ti_msp_dl_config.o (.text.SYSCFG_DL_GPIO_init)
                  000034b4    000000ec     gray.o (.text.calculate_tracking_error)
                  000035a0    000000e8     driverlib.a : dl_timer.o (.text.DL_Timer_initTimerMode)
                  00003688    000000e4     libclang_rt.builtins.a : muldf3.S.obj (.text.__muldf3)
                  0000376c    000000e0     pid.o (.text.speed_pid_task)
                  0000384c    000000dc     driverlib.a : dl_sysctl_mspm0g1x0x_g3x0x.o (.text.DL_SYSCTL_configSYSPLL)
                  00003928    000000d8     libc.a : s_scalbn.c.obj (.text.scalbn)
                  00003a00    000000d8     libclang_rt.builtins.a : addsf3.S.obj (.text)
                  00003ad8    000000b8     com_k230.o (.text.UART0_IRQHandler)
                  00003b90    000000b0     motor.o (.text.GROUP1_IRQHandler)
                  00003c40    000000a2     libclang_rt.builtins.a : udivmoddi4.S.obj (.text)
                  00003ce2    00000002                            : aeabi_div0.c.obj (.text.__aeabi_ldiv0)
                  00003ce4    000000a0     oled.o (.text.OLED_DisplayTurn)
                  00003d84    0000009a     libc.a : memcpy16.S.obj (.text:memcpy)
                  00003e1e    00000002     --HOLE-- [fill = 0]
                  00003e20    00000094     ti_msp_dl_config.o (.text.SYSCFG_DL_TIMG8_PWM_init)
                  00003eb4    00000090     pid.o (.text.servo_x_pid_task)
                  00003f44    00000090     pid.o (.text.servo_y_pid_task)
                  00003fd4    0000008c     oled.o (.text.OLED_ShowString)
                  00004060    0000008c     ti_msp_dl_config.o (.text.SYSCFG_DL_TIMG0_PWM_init)
                  000040ec    0000008c     libclang_rt.builtins.a : mulsf3.S.obj (.text.__mulsf3)
                  00004178    00000088     ti_msp_dl_config.o (.text.SYSCFG_DL_initPower)
                  00004200    00000082     libclang_rt.builtins.a : divsf3.S.obj (.text.__divsf3)
                  00004282    00000002     --HOLE-- [fill = 0]
                  00004284    0000007c     libc.a : copy_decompress_lzss.c.obj (.text:decompress:lzss)
                  00004300    00000074     libclang_rt.builtins.a : comparedf2.c.obj (.text.__gedf2)
                  00004374    00000070     task.o (.text.TIMA1_IRQHandler)
                  000043e4    00000070     empty.o (.text.key_process)
                  00004454    0000006c     ti_msp_dl_config.o (.text.SYSCFG_DL_UART_0_init)
                  000044c0    0000006c     ti_msp_dl_config.o (.text.SYSCFG_DL_UART_2_init)
                  0000452c    00000068     libclang_rt.builtins.a : comparedf2.c.obj (.text.__ledf2)
                  00004594    00000068     board.o (.text.ek_printf)
                  000045fc    00000068     board.o (.text.lc_printf)
                  00004664    00000066     libc.a : _printfi.c.obj (.text._mcpy)
                  000046ca    00000002     --HOLE-- [fill = 0]
                  000046cc    00000064     ti_msp_dl_config.o (.text.SYSCFG_DL_SYSCTL_init)
                  00004730    00000062     libclang_rt.builtins.a : aeabi_dcmp.S.obj (.text.__aeabi_dcmp)
                  00004792    00000002     --HOLE-- [fill = 0]
                  00004794    00000062                            : aeabi_fcmp.S.obj (.text.__aeabi_fcmp)
                  000047f6    00000062     libc.a : memset16.S.obj (.text:memset)
                  00004858    00000060     ti_msp_dl_config.o (.text.SYSCFG_DL_UART_1_init)
                  000048b8    00000060     motor.o (.text.Set_Motor_PWM)
                  00004918    00000060     pid.o (.text.turn_pid_task)
                  00004978    0000005c     oled.o (.text.OLED_ColorTurn)
                  000049d4    0000005c     libc.a : s_frexp.c.obj (.text.frexp)
                  00004a30    00000058     motor.o (.text.TIMA0_IRQHandler)
                  00004a88    00000058     libc.a : _ltoa.c.obj (.text.__TI_ltoa)
                  00004ae0    00000058            : _printfi.c.obj (.text._pconv_f)
                  00004b38    00000056     libclang_rt.builtins.a : aeabi_idivmod.S.obj (.text.__aeabi_idivmod)
                  00004b8e    00000002     --HOLE-- [fill = 0]
                  00004b90    00000054     ti_msp_dl_config.o (.text.SYSCFG_DL_init)
                  00004be4    00000052     libc.a : _printfi.c.obj (.text._ecpy)
                  00004c36    00000002     --HOLE-- [fill = 0]
                  00004c38    00000050     gray.o (.text.gray_read)
                  00004c88    0000004c     ti_msp_dl_config.o (.text.SYSCFG_DL_SPI_OLED_init)
                  00004cd4    0000004c     pid.o (.text.speed_pid_init)
                  00004d20    0000004a     libclang_rt.builtins.a : fixdfsi.S.obj (.text.__fixdfsi)
                  00004d6a    00000002     --HOLE-- [fill = 0]
                  00004d6c    00000048     driverlib.a : dl_uart.o (.text.DL_UART_init)
                  00004db4    00000044                 : dl_spi.o (.text.DL_SPI_init)
                  00004df8    00000044                 : dl_sysctl_mspm0g1x0x_g3x0x.o (.text.DL_SYSCTL_switchMCLKfromSYSOSCtoHSCLK)
                  00004e3c    00000042     libclang_rt.builtins.a : fixunsdfsi.S.obj (.text.__fixunsdfsi)
                  00004e7e    00000002     --HOLE-- [fill = 0]
                  00004e80    00000040                            : aeabi_uidivmod.S.obj (.text.__aeabi_uidivmod)
                  00004ec0    00000040                            : extendsfdf2.S.obj (.text.__extendsfdf2)
                  00004f00    00000040     libc.a : atoi.c.obj (.text.atoi)
                  00004f40    00000040            : vsnprintf.c.obj (.text.vsnprintf)
                  00004f80    0000003c     libclang_rt.builtins.a : floatsisf.S.obj (.text.__floatsisf)
                  00004fbc    0000003c                            : comparesf2.S.obj (.text.__gtsf2)
                  00004ff8    0000003c     libc.a : autoinit.c.obj (.text:__TI_auto_init_nobinit_nopinit)
                  00005034    0000003a     libclang_rt.builtins.a : comparesf2.S.obj (.text.__eqsf2)
                  0000506e    00000002     --HOLE-- [fill = 0]
                  00005070    0000003a                            : muldsi3.S.obj (.text.__muldsi3)
                  000050aa    00000002     --HOLE-- [fill = 0]
                  000050ac    00000038     ti_msp_dl_config.o (.text.SYSCFG_DL_TIMA0_IC_init)
                  000050e4    00000038     ti_msp_dl_config.o (.text.SYSCFG_DL_TIMA1_IT_init)
                  0000511c    00000038     libclang_rt.builtins.a : fixsfsi.S.obj (.text.__fixsfsi)
                  00005154    00000034     pid.o (.text.turn_pid_init)
                  00005188    00000030     ti_msp_dl_config.o (.text.SYSCFG_DL_SYSTICK_init)
                  000051b8    00000030     libc.a : _printfi.c.obj (.text._fcpy)
                  000051e8    00000030            : vsnprintf.c.obj (.text._outs)
                  00005218    00000030     task.o (.text.system_init)
                  00005248    0000002c     libclang_rt.builtins.a : floatsidf.S.obj (.text.__floatsidf)
                  00005274    00000028     com_jy61p.o (.text.UART2_IRQHandler)
                  0000529c    00000028     libclang_rt.builtins.a : floatunsisf.S.obj (.text.__floatunsisf)
                  000052c4    00000028     libc.a : boot_cortex_m.c.obj (.text:_c_int00_noargs)
                  000052ec    00000024     libclang_rt.builtins.a : muldi3.S.obj (.text.__muldi3)
                  00005310    00000024     misc_bsp.o (.text.key_read)
                  00005334    00000022     libc.a : memccpy.c.obj (.text.memccpy)
                  00005356    00000002     --HOLE-- [fill = 0]
                  00005358    00000020     task.o (.text.task1)
                  00005378    0000001e     libclang_rt.builtins.a : ashldi3.S.obj (.text.__ashldi3)
                  00005396    00000002     --HOLE-- [fill = 0]
                  00005398    0000001c     driverlib.a : dl_timer.o (.text.DL_Timer_setCaptCompUpdateMethod)
                  000053b4    0000001c                 : dl_timer.o (.text.DL_Timer_setClockConfig)
                  000053d0    0000001c     board.o (.text.delay_ms)
                  000053ec    00000018     driverlib.a : dl_timer.o (.text.DL_Timer_setCaptureCompareOutCtl)
                  00005404    00000018     libc.a : vsnprintf.c.obj (.text._outc)
                  0000541c    00000018     misc_bsp.o (.text.buzzer_on)
                  00005434    00000018     task.o (.text.task2)
                  0000544c    00000018     task.o (.text.task3)
                  00005464    00000014     board.o (.text.SysTick_Handler)
                  00005478    00000014     libclang_rt.builtins.a : aeabi_uldivmod.S.obj (.text.__aeabi_uldivmod)
                  0000548c    00000014     libc.a : _printfi.c.obj (.text.strchr)
                  000054a0    00000012     driverlib.a : dl_spi.o (.text.DL_SPI_setClockConfig)
                  000054b2    00000012                 : dl_uart.o (.text.DL_UART_setClockConfig)
                  000054c4    00000012     libc.a : copy_decompress_none.c.obj (.text:decompress:none)
                  000054d6    00000002     --HOLE-- [fill = 0]
                  000054d8    00000010     driverlib.a : dl_timer.o (.text.DL_Timer_setCaptureCompareValue)
                  000054e8    00000010     libc.a : wcslen.c.obj (.text.wcslen)
                  000054f8    00000010            : copy_zero_init.c.obj (.text:decompress:ZI)
                  00005508    0000000e     libclang_rt.builtins.a : aeabi_memset.S.obj (.text.__aeabi_memset)
                  00005516    0000000e     libc.a : _printfi.c.obj (.text.strlen)
                  00005524    0000000c     libclang_rt.builtins.a : aeabi_memset.S.obj (.text.__aeabi_memclr)
                  00005530    0000000c     misc_bsp.o (.text.laser_off)
                  0000553c    0000000c     misc_bsp.o (.text.laser_on)
                  00005548    0000000a     driverlib.a : dl_common.o (.text.DL_Common_delayCycles)
                  00005552    0000000a     libc.a : _printfi.c.obj (.text.OUTLINED_FUNCTION_0)
                  0000555c    00000010     libclang_rt.builtins.a : adddf3.S.obj (.tramp.__aeabi_dsub.1)
                  0000556c    0000000a     libc.a : _printfi.c.obj (.text.OUTLINED_FUNCTION_1)
                  00005576    0000000a     pid.o (.text.PID_Init)
                  00005580    00000008     libc.a : aeabi_portable.c.obj (.text.__aeabi_errno_addr)
                  00005588    00000008     libclang_rt.builtins.a : aeabi_memcpy.S.obj (.text.__aeabi_memcpy)
                  00005590    00000006     libc.a : exit.c.obj (.text:abort)
                  00005596    00000004     libsysbm.a : hostexit.c.obj (.text.HOSTexit)
                  0000559a    00000004     startup_mspm0g350x_ticlang.o (.text.Reset_Handler)
                  0000559e    00000004     libc.a : pre_init.c.obj (.text._system_pre_init)
                  000055a2    00000006     --HOLE-- [fill = 0]

.cinit     0    000072b0    00000040     
                  000072b0    00000015     (.cinit..data.load) [load image, compression = lzss]
                  000072c5    00000003     --HOLE-- [fill = 0]
                  000072c8    0000000c     (__TI_handler_table)
                  000072d4    00000008     (.cinit..bss.load) [load image, compression = zero_init]
                  000072dc    00000010     (__TI_cinit_table)
                  000072ec    00000004     --HOLE-- [fill = 0]

.rodata    0    000055b0    00001d00     
                  000055b0    00000d5c     oled.o (.rodata.asc2_2412)
                  0000630c    000005f0     oled.o (.rodata.asc2_1608)
                  000068fc    00000474     oled.o (.rodata.asc2_1206)
                  00006d70    00000228     oled.o (.rodata.asc2_0806)
                  00006f98    00000008     ti_msp_dl_config.o (.rodata.gTIMG0_PWMConfig)
                  00006fa0    00000101     libc.a : aeabi_ctype.S.obj (.rodata:__aeabi_ctype_table_)
                  000070a1    0000002f     task.o (.rodata.str1.5773734370468920607.1)
                  000070d0    0000002a     task.o (.rodata.str1.4690106646071318724.1)
                  000070fa    00000002     ti_msp_dl_config.o (.rodata.gSPI_OLED_clockConfig)
                  000070fc    00000028     ti_msp_dl_config.o (.rodata.gSYSPLLConfig)
                  00007124    00000021     task.o (.rodata.str1.13213361798633122147.1)
                  00007145    00000016     empty.o (.rodata.str1.16704889451495720520.1)
                  0000715b    00000015     task.o (.rodata.str1.14640997927617905496.1)
                  00007170    00000014     ti_msp_dl_config.o (.rodata.gTIMA0_ICTimerConfig)
                  00007184    00000014     ti_msp_dl_config.o (.rodata.gTIMA1_ITTimerConfig)
                  00007198    00000014     task.o (.rodata.str1.16652707393367077483.1)
                  000071ac    00000012     empty.o (.rodata.str1.150872071346279890.1)
                  000071be    00000011     libc.a : _printfi.c.obj (.rodata.str1.10348868589481759720.1)
                  000071cf    00000011            : _printfi.c.obj (.rodata.str1.15363888844622738466.1)
                  000071e0    0000000e     empty.o (.rodata.str1.7401042497206923953.1)
                  000071ee    0000000d     task.o (.rodata.str1.17524777452183665329.1)
                  000071fb    00000001     --HOLE-- [fill = 0]
                  000071fc    0000000c     empty.o (.rodata..Lswitch.table.main.10)
                  00007208    0000000c     empty.o (.rodata..Lswitch.table.main.11)
                  00007214    0000000c     empty.o (.rodata..Lswitch.table.main)
                  00007220    0000000c     com_jy61p.o (.rodata.str1.5148321755829237278.1)
                  0000722c    0000000b     task.o (.rodata.str1.13327075223462700773.1)
                  00007237    0000000b     empty.o (.rodata.str1.254342170260855183.1)
                  00007242    0000000a     ti_msp_dl_config.o (.rodata.gSPI_OLED_config)
                  0000724c    0000000a     ti_msp_dl_config.o (.rodata.gUART_0Config)
                  00007256    0000000a     ti_msp_dl_config.o (.rodata.gUART_1Config)
                  00007260    0000000a     ti_msp_dl_config.o (.rodata.gUART_2Config)
                  0000726a    0000000a     empty.o (.rodata.str1.17669528882079347314.1)
                  00007274    00000008     ti_msp_dl_config.o (.rodata.gTIMG8_PWMConfig)
                  0000727c    00000007     empty.o (.rodata.str1.11898133897667081452.1)
                  00007283    00000007     empty.o (.rodata.str1.14685083708502177989.1)
                  0000728a    00000007     empty.o (.rodata.str1.9517790425240694019.1)
                  00007291    00000003     ti_msp_dl_config.o (.rodata.gTIMA0_ICClockConfig)
                  00007294    00000003     ti_msp_dl_config.o (.rodata.gTIMA1_ITClockConfig)
                  00007297    00000003     ti_msp_dl_config.o (.rodata.gTIMG0_PWMClockConfig)
                  0000729a    00000003     ti_msp_dl_config.o (.rodata.gTIMG8_PWMClockConfig)
                  0000729d    00000002     ti_msp_dl_config.o (.rodata.gUART_0ClockConfig)
                  0000729f    00000002     ti_msp_dl_config.o (.rodata.gUART_1ClockConfig)
                  000072a1    00000002     ti_msp_dl_config.o (.rodata.gUART_2ClockConfig)
                  000072a3    0000000d     --HOLE-- [fill = 0]

.init_array 
*          0    00000000    00000000     UNINITIALIZED

.binit     0    00000000    00000000     

.bss       0    20200000    0000070a     UNINITIALIZED
                  20200000    00000480     (.common:OLED_GRAM)
                  20200480    000000bc     (.common:gTIMA0_ICBackup)
                  2020053c    000000bc     (.common:gTIMA1_ITBackup)
                  202005f8    0000003c     (.common:speed_pid)
                  20200634    0000003c     (.common:turn_pid)
                  20200670    00000028     (.common:gSPI_OLEDBackup)
                  20200698    0000001c     (.common:gray_sensor)
                  202006b4    0000000b     (.common:RxBuffer)
                  202006bf    00000001     task.o (.bss.is_task1)
                  202006c0    00000008     (.common:pulse_1)
                  202006c8    00000008     (.common:pulse_2)
                  202006d0    00000004     (.common:Get_Encoder1_count)
                  202006d4    00000004     (.common:Get_Encoder2_count)
                  202006d8    00000004     (.common:Pitch)
                  202006dc    00000004     (.common:Roll)
                  202006e0    00000004     (.common:Yaw)
                  202006e4    00000004     (.common:encoder1_cnt)
                  202006e8    00000004     (.common:encoder1_cnt_all)
                  202006ec    00000004     (.common:encoder2_cnt)
                  202006f0    00000004     (.common:encoder2_cnt_all)
                  202006f4    00000004     (.common:gpio_interrup1)
                  202006f8    00000004     (.common:gpio_interrup2)
                  202006fc    00000002     (.common:center_x)
                  202006fe    00000002     (.common:center_y)
                  20200700    00000002     (.common:lost)
                  20200702    00000001     task.o (.bss.is_task2)
                  20200703    00000001     task.o (.bss.is_task3)
                  20200704    00000001     task.o (.bss.task1_time)
                  20200705    00000001     task.o (.bss.task2_time)
                  20200706    00000001     task.o (.bss.task3_time)
                  20200707    00000001     (.common:TASK_INDEX)
                  20200708    00000001     (.common:is_buzzer_on)
                  20200709    00000001     (.common:is_lost)

.data      0    2020070c    00000056     UNINITIALIZED
                  2020070c    00000014     pid.o (.data.servo_x_pid)
                  20200720    00000014     pid.o (.data.servo_y_pid)
                  20200734    00000008     com_k230.o (.data.pack_data.rx_buffer)
                  2020073c    00000004     libc.a : aeabi_portable.c.obj (.data.__aeabi_errno)
                  20200740    00000004     board.o (.data.delay_times)
                  20200744    00000004     task.o (.data.last_yaw)
                  20200748    00000004     task.o (.data.servo_x_angle)
                  2020074c    00000004     task.o (.data.servo_y_angle)
                  20200750    00000004     task.o (.data.yaw_sum)
                  20200754    00000001     com_jy61p.o (.data.RxIndex)
                  20200755    00000001     com_jy61p.o (.data.RxState)
                  20200756    00000001     task.o (.data.is_aimed)
                  20200757    00000001     empty.o (.data.is_task_start)
                  20200758    00000001     empty.o (.data.key_process.key_old)
                  20200759    00000001     task.o (.data.laps_count)
                  2020075a    00000001     com_k230.o (.data.pack_data.rx_counter)
                  2020075b    00000001     com_k230.o (.data.pack_data.rx_state)
                  2020075c    00000001     task.o (.data.scan_right)
                  2020075d    00000001     task.o (.data.searching)
                  2020075e    00000001     empty.o (.data.set_laps)
                  2020075f    00000001     com_k230.o (.data.u0_rx_data)
                  20200760    00000001     com_k230.o (.data.u0_rx_ok_flag)
                  20200761    00000001     com_jy61p.o (.data.u2_rx_data)

.stack     0    20207e00    00000200     UNINITIALIZED
                  20207e00    00000004     libc.a : boot_cortex_m.c.obj (.stack)
                  20207e04    000001fc     --HOLE--

__llvm_prf_cnts 
*          0    20200000    00000000     UNINITIALIZED

__llvm_prf_bits 
*          0    20200000    00000000     UNINITIALIZED

MODULE SUMMARY

       Module                         code    ro data   rw data
       ------                         ----    -------   -------
    .\
       ti_msp_dl_config.o             1400    156       416    
       empty.o                        452     132       3      
       startup_mspm0g350x_ticlang.o   6       192       0      
    +--+------------------------------+-------+---------+---------+
       Total:                         1858    480       419    
                                                               
    .\BSP\
       task.o                         1368    187       57     
       pid.o                          746     0         160    
       motor.o                        360     0         32     
       com_jy61p.o                    320     12        26     
       gray.o                         316     0         0      
       servo.o                        288     0         16     
       com_k230.o                     184     0         18     
       misc_bsp.o                     84      0         0      
    +--+------------------------------+-------+---------+---------+
       Total:                         3666    199       309    
                                                               
    .\BSP\OLED\
       oled.o                         6342    6632      1152   
    +--+------------------------------+-------+---------+---------+
       Total:                         6342    6632      1152   
                                                               
    .\Board\
       board.o                        256     0         4      
    +--+------------------------------+-------+---------+---------+
       Total:                         256     0         4      
                                                               
    C:/ti/mspm0_sdk_2_05_01_00/source/ti/driverlib/lib/ticlang/m0p/mspm0g1x0x_g3x0x/driverlib.a
       dl_timer.o                     588     0         0      
       dl_sysctl_mspm0g1x0x_g3x0x.o   288     0         0      
       dl_uart.o                      90      0         0      
       dl_spi.o                       86      0         0      
       dl_common.o                    10      0         0      
    +--+------------------------------+-------+---------+---------+
       Total:                         1062    0         0      
                                                               
    C:\ti\ccs2020\ccs\tools\compiler\ti-cgt-armllvm_4.0.3.LTS\lib\armv6m-ti-none-eabi/c/libc.a
       _printfi.c.obj                 4510    34        0      
       aeabi_ctype.S.obj              0       257       0      
       s_scalbn.c.obj                 216     0         0      
       memcpy16.S.obj                 154     0         0      
       vsnprintf.c.obj                136     0         0      
       copy_decompress_lzss.c.obj     124     0         0      
       memset16.S.obj                 98      0         0      
       s_frexp.c.obj                  92      0         0      
       _ltoa.c.obj                    88      0         0      
       atoi.c.obj                     64      0         0      
       autoinit.c.obj                 60      0         0      
       boot_cortex_m.c.obj            40      0         0      
       memccpy.c.obj                  34      0         0      
       copy_decompress_none.c.obj     18      0         0      
       copy_zero_init.c.obj           16      0         0      
       wcslen.c.obj                   16      0         0      
       aeabi_portable.c.obj           8       0         4      
       exit.c.obj                     6       0         0      
       pre_init.c.obj                 4       0         0      
    +--+------------------------------+-------+---------+---------+
       Total:                         5684    291       4      
                                                               
    C:\ti\ccs2020\ccs\tools\compiler\ti-cgt-armllvm_4.0.3.LTS\lib\armv6m-ti-none-eabi/c/libsysbm.a
       hostexit.c.obj                 4       0         0      
    +--+------------------------------+-------+---------+---------+
       Total:                         4       0         0      
                                                               
    C:\ti\ccs2020\ccs\tools\compiler\ti-cgt-armllvm_4.0.3.LTS\lib\armv6m-ti-none-eabi/libclang_rt.builtins.a
       adddf3.S.obj                   418     0         0      
       divdf3.S.obj                   268     0         0      
       muldf3.S.obj                   228     0         0      
       comparedf2.c.obj               220     0         0      
       addsf3.S.obj                   216     0         0      
       udivmoddi4.S.obj               162     0         0      
       mulsf3.S.obj                   140     0         0      
       divsf3.S.obj                   130     0         0      
       comparesf2.S.obj               118     0         0      
       aeabi_dcmp.S.obj               98      0         0      
       aeabi_fcmp.S.obj               98      0         0      
       aeabi_idivmod.S.obj            86      0         0      
       fixdfsi.S.obj                  74      0         0      
       fixunsdfsi.S.obj               66      0         0      
       aeabi_uidivmod.S.obj           64      0         0      
       extendsfdf2.S.obj              64      0         0      
       floatsisf.S.obj                60      0         0      
       muldsi3.S.obj                  58      0         0      
       fixsfsi.S.obj                  56      0         0      
       floatsidf.S.obj                44      0         0      
       floatunsisf.S.obj              40      0         0      
       muldi3.S.obj                   36      0         0      
       ashldi3.S.obj                  30      0         0      
       aeabi_memset.S.obj             26      0         0      
       aeabi_uldivmod.S.obj           20      0         0      
       aeabi_memcpy.S.obj             8       0         0      
       aeabi_div0.c.obj               4       0         0      
    +--+------------------------------+-------+---------+---------+
       Total:                         2832    0         0      
                                                               
       Stack:                         0       0         512    
       Linker Generated:              0       57        0      
    +--+------------------------------+-------+---------+---------+
       Grand Total:                   21704   7659      2400   


LINKER GENERATED COPY TABLES

__TI_cinit_table @ 000072dc records: 2, size/record: 8, table size: 16
	.data: load addr=000072b0, load size=00000015 bytes, run addr=2020070c, run size=00000056 bytes, compression=lzss
	.bss: load addr=000072d4, load size=00000008 bytes, run addr=20200000, run size=0000070a bytes, compression=zero_init


LINKER GENERATED HANDLER TABLE

__TI_handler_table @ 000072c8 records: 3, size/record: 4, table size: 12
	index: 0, handler: __TI_decompress_lzss
	index: 1, handler: __TI_decompress_none
	index: 2, handler: __TI_zero_init


FAR CALL TRAMPOLINES

callee name               trampoline name
   callee addr  tramp addr   call addr  call info
--------------  -----------  ---------  ----------------
__aeabi_dsub              $Tramp$TT$L$PI$$__aeabi_dsub
   000025f9     0000555c     0000555a   libc.a : _printfi.c.obj (.text.OUTLINED_FUNCTION_0)

[1 trampolines]
[1 trampoline calls]


GLOBAL SYMBOLS: SORTED ALPHABETICALLY BY Name 

address   name                                 
-------   ----                                 
00001a5b  ADC0_IRQHandler                      
00001a5b  ADC1_IRQHandler                      
00001a5b  AES_IRQHandler                       
00005596  C$$EXIT                              
00001a5b  CANFD0_IRQHandler                    
00001a5b  DAC0_IRQHandler                      
00005549  DL_Common_delayCycles                
00004db5  DL_SPI_init                          
000054a1  DL_SPI_setClockConfig                
0000384d  DL_SYSCTL_configSYSPLL               
00004df9  DL_SYSCTL_switchMCLKfromSYSOSCtoHSCLK
000032bd  DL_Timer_initFourCCPWMMode           
000035a1  DL_Timer_initTimerMode               
00005399  DL_Timer_setCaptCompUpdateMethod     
000053ed  DL_Timer_setCaptureCompareOutCtl     
000054d9  DL_Timer_setCaptureCompareValue      
000053b5  DL_Timer_setClockConfig              
00004d6d  DL_UART_init                         
000054b3  DL_UART_setClockConfig               
00001a5b  DMA_IRQHandler                       
00001a5b  Default_Handler                      
00001a5b  GROUP0_IRQHandler                    
00003b91  GROUP1_IRQHandler                    
202006d0  Get_Encoder1_count                   
202006d4  Get_Encoder2_count                   
00005597  HOSTexit                             
00001a5b  HardFault_Handler                    
00001a5b  I2C0_IRQHandler                      
00001a5b  I2C1_IRQHandler                      
00001a5b  NMI_Handler                          
000000c1  OLED_Clear                           
00004979  OLED_ColorTurn                       
00003ce5  OLED_DisplayTurn                     
20200000  OLED_GRAM                            
00001a5d  OLED_Init                            
0000278d  OLED_Refresh                         
00001dd1  OLED_ShowChar                        
000016b1  OLED_ShowNum                         
00003fd5  OLED_ShowString                      
00005577  PID_Init                             
00001a5b  PendSV_Handler                       
202006d8  Pitch                                
00001a5b  RTC_IRQHandler                       
0000559b  Reset_Handler                        
202006dc  Roll                                 
202006b4  RxBuffer                             
00001a5b  SPI0_IRQHandler                      
00001a5b  SPI1_IRQHandler                      
00001a5b  SVC_Handler                          
000033c1  SYSCFG_DL_GPIO_init                  
00004c89  SYSCFG_DL_SPI_OLED_init              
000046cd  SYSCFG_DL_SYSCTL_init                
00005189  SYSCFG_DL_SYSTICK_init               
000050ad  SYSCFG_DL_TIMA0_IC_init              
000050e5  SYSCFG_DL_TIMA1_IT_init              
00004061  SYSCFG_DL_TIMG0_PWM_init             
00003e21  SYSCFG_DL_TIMG8_PWM_init             
00004455  SYSCFG_DL_UART_0_init                
00004859  SYSCFG_DL_UART_1_init                
000044c1  SYSCFG_DL_UART_2_init                
00004b91  SYSCFG_DL_init                       
00004179  SYSCFG_DL_initPower                  
000048b9  Set_Motor_PWM                        
00005465  SysTick_Handler                      
20200707  TASK_INDEX                           
00004a31  TIMA0_IRQHandler                     
00004375  TIMA1_IRQHandler                     
00001a5b  TIMG0_IRQHandler                     
00001a5b  TIMG12_IRQHandler                    
00001a5b  TIMG6_IRQHandler                     
00001a5b  TIMG7_IRQHandler                     
00001a5b  TIMG8_IRQHandler                     
00003ad9  UART0_IRQHandler                     
00001a5b  UART1_IRQHandler                     
00005275  UART2_IRQHandler                     
00001a5b  UART3_IRQHandler                     
202006e0  Yaw                                  
20208000  __STACK_END                          
00000200  __STACK_SIZE                         
00000000  __TI_ATRegion0_region_sz             
00000000  __TI_ATRegion0_src_addr              
00000000  __TI_ATRegion0_trg_addr              
00000000  __TI_ATRegion1_region_sz             
00000000  __TI_ATRegion1_src_addr              
00000000  __TI_ATRegion1_trg_addr              
00000000  __TI_ATRegion2_region_sz             
00000000  __TI_ATRegion2_src_addr              
00000000  __TI_ATRegion2_trg_addr              
000072dc  __TI_CINIT_Base                      
000072ec  __TI_CINIT_Limit                     
000072ec  __TI_CINIT_Warm                      
000072c8  __TI_Handler_Table_Base              
000072d4  __TI_Handler_Table_Limit             
00004ff9  __TI_auto_init_nobinit_nopinit       
00004285  __TI_decompress_lzss                 
000054c5  __TI_decompress_none                 
00004a89  __TI_ltoa                            
ffffffff  __TI_pprof_out_hndl                  
00000ce1  __TI_printfi                         
ffffffff  __TI_prof_data_size                  
ffffffff  __TI_prof_data_start                 
00000000  __TI_static_base__                   
000054f9  __TI_zero_init                       
00002603  __adddf3                             
00003a0b  __addsf3                             
00006fa0  __aeabi_ctype_table_                 
00006fa0  __aeabi_ctype_table_C                
00004d21  __aeabi_d2iz                         
00004e3d  __aeabi_d2uiz                        
00002603  __aeabi_dadd                         
00004731  __aeabi_dcmpeq                       
0000476d  __aeabi_dcmpge                       
00004781  __aeabi_dcmpgt                       
00004759  __aeabi_dcmple                       
00004745  __aeabi_dcmplt                       
000031b1  __aeabi_ddiv                         
00003689  __aeabi_dmul                         
000025f9  __aeabi_dsub                         
2020073c  __aeabi_errno                        
00005581  __aeabi_errno_addr                   
00004ec1  __aeabi_f2d                          
0000511d  __aeabi_f2iz                         
00003a0b  __aeabi_fadd                         
00004795  __aeabi_fcmpeq                       
000047d1  __aeabi_fcmpge                       
000047e5  __aeabi_fcmpgt                       
000047bd  __aeabi_fcmple                       
000047a9  __aeabi_fcmplt                       
00004201  __aeabi_fdiv                         
000040ed  __aeabi_fmul                         
00003a01  __aeabi_fsub                         
00005249  __aeabi_i2d                          
00004f81  __aeabi_i2f                          
00004b39  __aeabi_idiv                         
0000278b  __aeabi_idiv0                        
00004b39  __aeabi_idivmod                      
00003ce3  __aeabi_ldiv0                        
00005379  __aeabi_llsl                         
000052ed  __aeabi_lmul                         
00005525  __aeabi_memclr                       
00005525  __aeabi_memclr4                      
00005525  __aeabi_memclr8                      
00005589  __aeabi_memcpy                       
00005589  __aeabi_memcpy4                      
00005589  __aeabi_memcpy8                      
00005509  __aeabi_memset                       
00005509  __aeabi_memset4                      
00005509  __aeabi_memset8                      
0000529d  __aeabi_ui2f                         
00004e81  __aeabi_uidiv                        
00004e81  __aeabi_uidivmod                     
00005479  __aeabi_uldivmod                     
00005379  __ashldi3                            
ffffffff  __binit__                            
0000452d  __cmpdf2                             
00005035  __cmpsf2                             
000031b1  __divdf3                             
00004201  __divsf3                             
0000452d  __eqdf2                              
00005035  __eqsf2                              
00004ec1  __extendsfdf2                        
00004d21  __fixdfsi                            
0000511d  __fixsfsi                            
00004e3d  __fixunsdfsi                         
00005249  __floatsidf                          
00004f81  __floatsisf                          
0000529d  __floatunsisf                        
00004301  __gedf2                              
00004fbd  __gesf2                              
00004301  __gtdf2                              
00004fbd  __gtsf2                              
0000452d  __ledf2                              
00005035  __lesf2                              
0000452d  __ltdf2                              
00005035  __ltsf2                              
UNDEFED   __mpu_init                           
00003689  __muldf3                             
000052ed  __muldi3                             
00005071  __muldsi3                            
000040ed  __mulsf3                             
0000452d  __nedf2                              
00005035  __nesf2                              
20207e00  __stack                              
20200000  __start___llvm_prf_bits              
20200000  __start___llvm_prf_cnts              
20200000  __stop___llvm_prf_bits               
20200000  __stop___llvm_prf_cnts               
000025f9  __subdf3                             
00003a01  __subsf3                             
00003c41  __udivmoddi4                         
000052c5  _c_int00_noargs                      
UNDEFED   _system_post_cinit                   
0000559f  _system_pre_init                     
00005591  abort                                
0000291d  aiming_system_start                  
0000243d  aiming_system_start_0                
00006d70  asc2_0806                            
000068fc  asc2_1206                            
0000630c  asc2_1608                            
000055b0  asc2_2412                            
00004f01  atoi                                 
ffffffff  binit                                
0000541d  buzzer_on                            
000034b5  calculate_tracking_error             
202006fc  center_x                             
202006fe  center_y                             
000053d1  delay_ms                             
20200740  delay_times                          
00004595  ek_printf                            
202006e4  encoder1_cnt                         
202006e8  encoder1_cnt_all                     
202006ec  encoder2_cnt                         
202006f0  encoder2_cnt_all                     
000049d5  frexp                                
000049d5  frexpl                               
20200670  gSPI_OLEDBackup                      
20200480  gTIMA0_ICBackup                      
2020053c  gTIMA1_ITBackup                      
202006f4  gpio_interrup1                       
202006f8  gpio_interrup2                       
00004c39  gray_read                            
20200698  gray_sensor                          
00000000  interruptVectors                     
20200756  is_aimed                             
20200708  is_buzzer_on                         
20200709  is_lost                              
20200757  is_task_start                        
00003099  jy61p_ReceiveData                    
000043e5  key_process                          
00005311  key_read                             
20200759  laps_count                           
00005531  laser_off                            
0000553d  laser_on                             
20200744  last_yaw                             
000045fd  lc_printf                            
00003929  ldexp                                
00003929  ldexpl                               
20200700  lost                                 
00002aad  main                                 
00005335  memccpy                              
00003d85  memcpy                               
000047f7  memset                               
00002f7d  motor_pid_task                       
202006c0  pulse_1                              
202006c8  pulse_2                              
00003929  scalbn                               
00003929  scalbnl                              
20200748  servo_x_angle                        
2020070c  servo_x_pid                          
00003eb5  servo_x_pid_task                     
2020074c  servo_y_angle                        
20200720  servo_y_pid                          
00003f45  servo_y_pid_task                     
00002e5d  set_angle                            
2020075e  set_laps                             
202005f8  speed_pid                            
00004cd5  speed_pid_init                       
0000376d  speed_pid_task                       
00005219  system_init                          
00005359  task1                                
00005435  task2                                
0000544d  task3                                
20200634  turn_pid                             
00005155  turn_pid_init                        
00004919  turn_pid_task                        
2020075f  u0_rx_data                           
20200760  u0_rx_ok_flag                        
20200761  u2_rx_data                           
00004f41  vsnprintf                            
000054e9  wcslen                               
20200750  yaw_sum                              


GLOBAL SYMBOLS: SORTED BY Symbol Address 

address   name                                 
-------   ----                                 
00000000  __TI_ATRegion0_region_sz             
00000000  __TI_ATRegion0_src_addr              
00000000  __TI_ATRegion0_trg_addr              
00000000  __TI_ATRegion1_region_sz             
00000000  __TI_ATRegion1_src_addr              
00000000  __TI_ATRegion1_trg_addr              
00000000  __TI_ATRegion2_region_sz             
00000000  __TI_ATRegion2_src_addr              
00000000  __TI_ATRegion2_trg_addr              
00000000  __TI_static_base__                   
00000000  interruptVectors                     
000000c1  OLED_Clear                           
00000200  __STACK_SIZE                         
00000ce1  __TI_printfi                         
000016b1  OLED_ShowNum                         
00001a5b  ADC0_IRQHandler                      
00001a5b  ADC1_IRQHandler                      
00001a5b  AES_IRQHandler                       
00001a5b  CANFD0_IRQHandler                    
00001a5b  DAC0_IRQHandler                      
00001a5b  DMA_IRQHandler                       
00001a5b  Default_Handler                      
00001a5b  GROUP0_IRQHandler                    
00001a5b  HardFault_Handler                    
00001a5b  I2C0_IRQHandler                      
00001a5b  I2C1_IRQHandler                      
00001a5b  NMI_Handler                          
00001a5b  PendSV_Handler                       
00001a5b  RTC_IRQHandler                       
00001a5b  SPI0_IRQHandler                      
00001a5b  SPI1_IRQHandler                      
00001a5b  SVC_Handler                          
00001a5b  TIMG0_IRQHandler                     
00001a5b  TIMG12_IRQHandler                    
00001a5b  TIMG6_IRQHandler                     
00001a5b  TIMG7_IRQHandler                     
00001a5b  TIMG8_IRQHandler                     
00001a5b  UART1_IRQHandler                     
00001a5b  UART3_IRQHandler                     
00001a5d  OLED_Init                            
00001dd1  OLED_ShowChar                        
0000243d  aiming_system_start_0                
000025f9  __aeabi_dsub                         
000025f9  __subdf3                             
00002603  __adddf3                             
00002603  __aeabi_dadd                         
0000278b  __aeabi_idiv0                        
0000278d  OLED_Refresh                         
0000291d  aiming_system_start                  
00002aad  main                                 
00002e5d  set_angle                            
00002f7d  motor_pid_task                       
00003099  jy61p_ReceiveData                    
000031b1  __aeabi_ddiv                         
000031b1  __divdf3                             
000032bd  DL_Timer_initFourCCPWMMode           
000033c1  SYSCFG_DL_GPIO_init                  
000034b5  calculate_tracking_error             
000035a1  DL_Timer_initTimerMode               
00003689  __aeabi_dmul                         
00003689  __muldf3                             
0000376d  speed_pid_task                       
0000384d  DL_SYSCTL_configSYSPLL               
00003929  ldexp                                
00003929  ldexpl                               
00003929  scalbn                               
00003929  scalbnl                              
00003a01  __aeabi_fsub                         
00003a01  __subsf3                             
00003a0b  __addsf3                             
00003a0b  __aeabi_fadd                         
00003ad9  UART0_IRQHandler                     
00003b91  GROUP1_IRQHandler                    
00003c41  __udivmoddi4                         
00003ce3  __aeabi_ldiv0                        
00003ce5  OLED_DisplayTurn                     
00003d85  memcpy                               
00003e21  SYSCFG_DL_TIMG8_PWM_init             
00003eb5  servo_x_pid_task                     
00003f45  servo_y_pid_task                     
00003fd5  OLED_ShowString                      
00004061  SYSCFG_DL_TIMG0_PWM_init             
000040ed  __aeabi_fmul                         
000040ed  __mulsf3                             
00004179  SYSCFG_DL_initPower                  
00004201  __aeabi_fdiv                         
00004201  __divsf3                             
00004285  __TI_decompress_lzss                 
00004301  __gedf2                              
00004301  __gtdf2                              
00004375  TIMA1_IRQHandler                     
000043e5  key_process                          
00004455  SYSCFG_DL_UART_0_init                
000044c1  SYSCFG_DL_UART_2_init                
0000452d  __cmpdf2                             
0000452d  __eqdf2                              
0000452d  __ledf2                              
0000452d  __ltdf2                              
0000452d  __nedf2                              
00004595  ek_printf                            
000045fd  lc_printf                            
000046cd  SYSCFG_DL_SYSCTL_init                
00004731  __aeabi_dcmpeq                       
00004745  __aeabi_dcmplt                       
00004759  __aeabi_dcmple                       
0000476d  __aeabi_dcmpge                       
00004781  __aeabi_dcmpgt                       
00004795  __aeabi_fcmpeq                       
000047a9  __aeabi_fcmplt                       
000047bd  __aeabi_fcmple                       
000047d1  __aeabi_fcmpge                       
000047e5  __aeabi_fcmpgt                       
000047f7  memset                               
00004859  SYSCFG_DL_UART_1_init                
000048b9  Set_Motor_PWM                        
00004919  turn_pid_task                        
00004979  OLED_ColorTurn                       
000049d5  frexp                                
000049d5  frexpl                               
00004a31  TIMA0_IRQHandler                     
00004a89  __TI_ltoa                            
00004b39  __aeabi_idiv                         
00004b39  __aeabi_idivmod                      
00004b91  SYSCFG_DL_init                       
00004c39  gray_read                            
00004c89  SYSCFG_DL_SPI_OLED_init              
00004cd5  speed_pid_init                       
00004d21  __aeabi_d2iz                         
00004d21  __fixdfsi                            
00004d6d  DL_UART_init                         
00004db5  DL_SPI_init                          
00004df9  DL_SYSCTL_switchMCLKfromSYSOSCtoHSCLK
00004e3d  __aeabi_d2uiz                        
00004e3d  __fixunsdfsi                         
00004e81  __aeabi_uidiv                        
00004e81  __aeabi_uidivmod                     
00004ec1  __aeabi_f2d                          
00004ec1  __extendsfdf2                        
00004f01  atoi                                 
00004f41  vsnprintf                            
00004f81  __aeabi_i2f                          
00004f81  __floatsisf                          
00004fbd  __gesf2                              
00004fbd  __gtsf2                              
00004ff9  __TI_auto_init_nobinit_nopinit       
00005035  __cmpsf2                             
00005035  __eqsf2                              
00005035  __lesf2                              
00005035  __ltsf2                              
00005035  __nesf2                              
00005071  __muldsi3                            
000050ad  SYSCFG_DL_TIMA0_IC_init              
000050e5  SYSCFG_DL_TIMA1_IT_init              
0000511d  __aeabi_f2iz                         
0000511d  __fixsfsi                            
00005155  turn_pid_init                        
00005189  SYSCFG_DL_SYSTICK_init               
00005219  system_init                          
00005249  __aeabi_i2d                          
00005249  __floatsidf                          
00005275  UART2_IRQHandler                     
0000529d  __aeabi_ui2f                         
0000529d  __floatunsisf                        
000052c5  _c_int00_noargs                      
000052ed  __aeabi_lmul                         
000052ed  __muldi3                             
00005311  key_read                             
00005335  memccpy                              
00005359  task1                                
00005379  __aeabi_llsl                         
00005379  __ashldi3                            
00005399  DL_Timer_setCaptCompUpdateMethod     
000053b5  DL_Timer_setClockConfig              
000053d1  delay_ms                             
000053ed  DL_Timer_setCaptureCompareOutCtl     
0000541d  buzzer_on                            
00005435  task2                                
0000544d  task3                                
00005465  SysTick_Handler                      
00005479  __aeabi_uldivmod                     
000054a1  DL_SPI_setClockConfig                
000054b3  DL_UART_setClockConfig               
000054c5  __TI_decompress_none                 
000054d9  DL_Timer_setCaptureCompareValue      
000054e9  wcslen                               
000054f9  __TI_zero_init                       
00005509  __aeabi_memset                       
00005509  __aeabi_memset4                      
00005509  __aeabi_memset8                      
00005525  __aeabi_memclr                       
00005525  __aeabi_memclr4                      
00005525  __aeabi_memclr8                      
00005531  laser_off                            
0000553d  laser_on                             
00005549  DL_Common_delayCycles                
00005577  PID_Init                             
00005581  __aeabi_errno_addr                   
00005589  __aeabi_memcpy                       
00005589  __aeabi_memcpy4                      
00005589  __aeabi_memcpy8                      
00005591  abort                                
00005596  C$$EXIT                              
00005597  HOSTexit                             
0000559b  Reset_Handler                        
0000559f  _system_pre_init                     
000055b0  asc2_2412                            
0000630c  asc2_1608                            
000068fc  asc2_1206                            
00006d70  asc2_0806                            
00006fa0  __aeabi_ctype_table_                 
00006fa0  __aeabi_ctype_table_C                
000072c8  __TI_Handler_Table_Base              
000072d4  __TI_Handler_Table_Limit             
000072dc  __TI_CINIT_Base                      
000072ec  __TI_CINIT_Limit                     
000072ec  __TI_CINIT_Warm                      
20200000  OLED_GRAM                            
20200000  __start___llvm_prf_bits              
20200000  __start___llvm_prf_cnts              
20200000  __stop___llvm_prf_bits               
20200000  __stop___llvm_prf_cnts               
20200480  gTIMA0_ICBackup                      
2020053c  gTIMA1_ITBackup                      
202005f8  speed_pid                            
20200634  turn_pid                             
20200670  gSPI_OLEDBackup                      
20200698  gray_sensor                          
202006b4  RxBuffer                             
202006c0  pulse_1                              
202006c8  pulse_2                              
202006d0  Get_Encoder1_count                   
202006d4  Get_Encoder2_count                   
202006d8  Pitch                                
202006dc  Roll                                 
202006e0  Yaw                                  
202006e4  encoder1_cnt                         
202006e8  encoder1_cnt_all                     
202006ec  encoder2_cnt                         
202006f0  encoder2_cnt_all                     
202006f4  gpio_interrup1                       
202006f8  gpio_interrup2                       
202006fc  center_x                             
202006fe  center_y                             
20200700  lost                                 
20200707  TASK_INDEX                           
20200708  is_buzzer_on                         
20200709  is_lost                              
2020070c  servo_x_pid                          
20200720  servo_y_pid                          
2020073c  __aeabi_errno                        
20200740  delay_times                          
20200744  last_yaw                             
20200748  servo_x_angle                        
2020074c  servo_y_angle                        
20200750  yaw_sum                              
20200756  is_aimed                             
20200757  is_task_start                        
20200759  laps_count                           
2020075e  set_laps                             
2020075f  u0_rx_data                           
20200760  u0_rx_ok_flag                        
20200761  u2_rx_data                           
20207e00  __stack                              
20208000  __STACK_END                          
ffffffff  __TI_pprof_out_hndl                  
ffffffff  __TI_prof_data_size                  
ffffffff  __TI_prof_data_start                 
ffffffff  __binit__                            
ffffffff  binit                                
UNDEFED   __mpu_init                           
UNDEFED   _system_post_cinit                   

[271 symbols]
