<?xml version="1.0" encoding="ISO-8859-1" ?>
<link_info>
   <banner>TI ARM Clang Linker PC v4.0.3.LTS</banner>
   <copyright>Copyright (c) 1996-2018 Texas Instruments Incorporated</copyright>
   <command_line>C:\ti\ccs2020\ccs\tools\compiler\ti-cgt-armllvm_4.0.3.LTS\bin\tiarmlnk -IC:\ti\ccs2020\ccs\tools\compiler\ti-cgt-armllvm_4.0.3.LTS\lib -o ds25_e_v1.3.out -mds25_e_v1.3.map -iC:/ti/mspm0_sdk_2_05_01_00/source -iC:/Users/ek/workspace_ccstheia/ds25_e_v1.3 -iC:/Users/ek/workspace_ccstheia/ds25_e_v1.3/Debug/syscfg -iC:/ti/ccs2020/ccs/tools/compiler/ti-cgt-armllvm_4.0.3.LTS/lib --diag_wrap=off --display_error_number --warn_sections --xml_link_info=ds25_e_v1.3_linkInfo.xml --rom_model ./empty.o ./ti_msp_dl_config.o ./startup_mspm0g350x_ticlang.o ./BSP/OLED/oled.o ./BSP/com_jy61p.o ./BSP/com_k230.o ./BSP/gray.o ./BSP/misc_bsp.o ./BSP/motor.o ./BSP/pid.o ./BSP/servo.o ./BSP/task.o ./Board/board.o -l./device_linker.cmd -ldevice.cmd.genlibs -llibc.a --start-group -llibc++.a -llibc++abi.a -llibc.a -llibsys.a -llibsysbm.a -llibclang_rt.builtins.a -llibclang_rt.profile.a --end-group --cg_opt_level=2</command_line>
   <link_time>0x68a44e31</link_time>
   <link_errors>0x0</link_errors>
   <output_file>C:\Users\ek\workspace_ccstheia\ds25_e_v1.3\Debug\ds25_e_v1.3.out</output_file>
   <entry_point>
      <name>_c_int00_noargs</name>
      <address>0x52c5</address>
   </entry_point>
   <input_file_list>
      <input_file id="fl-1">
         <path>C:\Users\ek\workspace_ccstheia\ds25_e_v1.3\Debug\.\</path>
         <kind>object</kind>
         <file>empty.o</file>
         <name>empty.o</name>
      </input_file>
      <input_file id="fl-2">
         <path>C:\Users\ek\workspace_ccstheia\ds25_e_v1.3\Debug\.\</path>
         <kind>object</kind>
         <file>ti_msp_dl_config.o</file>
         <name>ti_msp_dl_config.o</name>
      </input_file>
      <input_file id="fl-3">
         <path>C:\Users\ek\workspace_ccstheia\ds25_e_v1.3\Debug\.\</path>
         <kind>object</kind>
         <file>startup_mspm0g350x_ticlang.o</file>
         <name>startup_mspm0g350x_ticlang.o</name>
      </input_file>
      <input_file id="fl-4">
         <path>C:\Users\ek\workspace_ccstheia\ds25_e_v1.3\Debug\.\BSP\OLED\</path>
         <kind>object</kind>
         <file>oled.o</file>
         <name>oled.o</name>
      </input_file>
      <input_file id="fl-5">
         <path>C:\Users\ek\workspace_ccstheia\ds25_e_v1.3\Debug\.\BSP\</path>
         <kind>object</kind>
         <file>com_jy61p.o</file>
         <name>com_jy61p.o</name>
      </input_file>
      <input_file id="fl-6">
         <path>C:\Users\ek\workspace_ccstheia\ds25_e_v1.3\Debug\.\BSP\</path>
         <kind>object</kind>
         <file>com_k230.o</file>
         <name>com_k230.o</name>
      </input_file>
      <input_file id="fl-7">
         <path>C:\Users\ek\workspace_ccstheia\ds25_e_v1.3\Debug\.\BSP\</path>
         <kind>object</kind>
         <file>gray.o</file>
         <name>gray.o</name>
      </input_file>
      <input_file id="fl-8">
         <path>C:\Users\ek\workspace_ccstheia\ds25_e_v1.3\Debug\.\BSP\</path>
         <kind>object</kind>
         <file>misc_bsp.o</file>
         <name>misc_bsp.o</name>
      </input_file>
      <input_file id="fl-9">
         <path>C:\Users\ek\workspace_ccstheia\ds25_e_v1.3\Debug\.\BSP\</path>
         <kind>object</kind>
         <file>motor.o</file>
         <name>motor.o</name>
      </input_file>
      <input_file id="fl-a">
         <path>C:\Users\ek\workspace_ccstheia\ds25_e_v1.3\Debug\.\BSP\</path>
         <kind>object</kind>
         <file>pid.o</file>
         <name>pid.o</name>
      </input_file>
      <input_file id="fl-b">
         <path>C:\Users\ek\workspace_ccstheia\ds25_e_v1.3\Debug\.\BSP\</path>
         <kind>object</kind>
         <file>servo.o</file>
         <name>servo.o</name>
      </input_file>
      <input_file id="fl-c">
         <path>C:\Users\ek\workspace_ccstheia\ds25_e_v1.3\Debug\.\BSP\</path>
         <kind>object</kind>
         <file>task.o</file>
         <name>task.o</name>
      </input_file>
      <input_file id="fl-d">
         <path>C:\Users\ek\workspace_ccstheia\ds25_e_v1.3\Debug\.\Board\</path>
         <kind>object</kind>
         <file>board.o</file>
         <name>board.o</name>
      </input_file>
      <input_file id="fl-1a">
         <path>C:\Users\ek\workspace_ccstheia\ds25_e_v1.3\Debug\</path>
         <kind>object</kind>
         <file>&lt;internal&gt;</file>
         <name>&lt;internal&gt;</name>
      </input_file>
      <input_file id="fl-1b">
         <path>C:\ti\mspm0_sdk_2_05_01_00\source\ti\driverlib\lib\ticlang\m0p\mspm0g1x0x_g3x0x\</path>
         <kind>archive</kind>
         <file>driverlib.a</file>
         <name>dl_common.o</name>
      </input_file>
      <input_file id="fl-1c">
         <path>C:\ti\mspm0_sdk_2_05_01_00\source\ti\driverlib\lib\ticlang\m0p\mspm0g1x0x_g3x0x\</path>
         <kind>archive</kind>
         <file>driverlib.a</file>
         <name>dl_spi.o</name>
      </input_file>
      <input_file id="fl-1d">
         <path>C:\ti\mspm0_sdk_2_05_01_00\source\ti\driverlib\lib\ticlang\m0p\mspm0g1x0x_g3x0x\</path>
         <kind>archive</kind>
         <file>driverlib.a</file>
         <name>dl_timer.o</name>
      </input_file>
      <input_file id="fl-1e">
         <path>C:\ti\mspm0_sdk_2_05_01_00\source\ti\driverlib\lib\ticlang\m0p\mspm0g1x0x_g3x0x\</path>
         <kind>archive</kind>
         <file>driverlib.a</file>
         <name>dl_uart.o</name>
      </input_file>
      <input_file id="fl-1f">
         <path>C:\ti\mspm0_sdk_2_05_01_00\source\ti\driverlib\lib\ticlang\m0p\mspm0g1x0x_g3x0x\</path>
         <kind>archive</kind>
         <file>driverlib.a</file>
         <name>dl_sysctl_mspm0g1x0x_g3x0x.o</name>
      </input_file>
      <input_file id="fl-36">
         <path>C:\ti\ccs2020\ccs\tools\compiler\ti-cgt-armllvm_4.0.3.LTS\lib\armv6m-ti-none-eabi\c\</path>
         <kind>archive</kind>
         <file>libc.a</file>
         <name>sprintf.c.obj</name>
      </input_file>
      <input_file id="fl-37">
         <path>C:\ti\ccs2020\ccs\tools\compiler\ti-cgt-armllvm_4.0.3.LTS\lib\armv6m-ti-none-eabi\c\</path>
         <kind>archive</kind>
         <file>libc.a</file>
         <name>vsnprintf.c.obj</name>
      </input_file>
      <input_file id="fl-38">
         <path>C:\ti\ccs2020\ccs\tools\compiler\ti-cgt-armllvm_4.0.3.LTS\lib\armv6m-ti-none-eabi\c\</path>
         <kind>archive</kind>
         <file>libc.a</file>
         <name>boot_cortex_m.c.obj</name>
      </input_file>
      <input_file id="fl-39">
         <path>C:\ti\ccs2020\ccs\tools\compiler\ti-cgt-armllvm_4.0.3.LTS\lib\armv6m-ti-none-eabi\c\</path>
         <kind>archive</kind>
         <file>libc.a</file>
         <name>mathacl_init.c.obj</name>
      </input_file>
      <input_file id="fl-3a">
         <path>C:\ti\ccs2020\ccs\tools\compiler\ti-cgt-armllvm_4.0.3.LTS\lib\armv6m-ti-none-eabi\c\</path>
         <kind>archive</kind>
         <file>libc.a</file>
         <name>autoinit.c.obj</name>
      </input_file>
      <input_file id="fl-3b">
         <path>C:\ti\ccs2020\ccs\tools\compiler\ti-cgt-armllvm_4.0.3.LTS\lib\armv6m-ti-none-eabi\c\</path>
         <kind>archive</kind>
         <file>libc.a</file>
         <name>pre_init.c.obj</name>
      </input_file>
      <input_file id="fl-3c">
         <path>C:\ti\ccs2020\ccs\tools\compiler\ti-cgt-armllvm_4.0.3.LTS\lib\armv6m-ti-none-eabi\c\</path>
         <kind>archive</kind>
         <file>libc.a</file>
         <name>cpy_tbl.c.obj</name>
      </input_file>
      <input_file id="fl-3d">
         <path>C:\ti\ccs2020\ccs\tools\compiler\ti-cgt-armllvm_4.0.3.LTS\lib\armv6m-ti-none-eabi\c\</path>
         <kind>archive</kind>
         <file>libc.a</file>
         <name>copy_zero_init.c.obj</name>
      </input_file>
      <input_file id="fl-3e">
         <path>C:\ti\ccs2020\ccs\tools\compiler\ti-cgt-armllvm_4.0.3.LTS\lib\armv6m-ti-none-eabi\c\</path>
         <kind>archive</kind>
         <file>libc.a</file>
         <name>copy_decompress_none.c.obj</name>
      </input_file>
      <input_file id="fl-3f">
         <path>C:\ti\ccs2020\ccs\tools\compiler\ti-cgt-armllvm_4.0.3.LTS\lib\armv6m-ti-none-eabi\c\</path>
         <kind>archive</kind>
         <file>libc.a</file>
         <name>copy_decompress_lzss.c.obj</name>
      </input_file>
      <input_file id="fl-40">
         <path>C:\ti\ccs2020\ccs\tools\compiler\ti-cgt-armllvm_4.0.3.LTS\lib\armv6m-ti-none-eabi\c\</path>
         <kind>archive</kind>
         <file>libc.a</file>
         <name>_printfi.c.obj</name>
      </input_file>
      <input_file id="fl-41">
         <path>C:\ti\ccs2020\ccs\tools\compiler\ti-cgt-armllvm_4.0.3.LTS\lib\armv6m-ti-none-eabi\c\</path>
         <kind>archive</kind>
         <file>libc.a</file>
         <name>s_frexp.c.obj</name>
      </input_file>
      <input_file id="fl-42">
         <path>C:\ti\ccs2020\ccs\tools\compiler\ti-cgt-armllvm_4.0.3.LTS\lib\armv6m-ti-none-eabi\c\</path>
         <kind>archive</kind>
         <file>libc.a</file>
         <name>s_scalbn.c.obj</name>
      </input_file>
      <input_file id="fl-43">
         <path>C:\ti\ccs2020\ccs\tools\compiler\ti-cgt-armllvm_4.0.3.LTS\lib\armv6m-ti-none-eabi\c\</path>
         <kind>archive</kind>
         <file>libc.a</file>
         <name>wcslen.c.obj</name>
      </input_file>
      <input_file id="fl-44">
         <path>C:\ti\ccs2020\ccs\tools\compiler\ti-cgt-armllvm_4.0.3.LTS\lib\armv6m-ti-none-eabi\c\</path>
         <kind>archive</kind>
         <file>libc.a</file>
         <name>aeabi_portable.c.obj</name>
      </input_file>
      <input_file id="fl-45">
         <path>C:\ti\ccs2020\ccs\tools\compiler\ti-cgt-armllvm_4.0.3.LTS\lib\armv6m-ti-none-eabi\c\</path>
         <kind>archive</kind>
         <file>libc.a</file>
         <name>exit.c.obj</name>
      </input_file>
      <input_file id="fl-46">
         <path>C:\ti\ccs2020\ccs\tools\compiler\ti-cgt-armllvm_4.0.3.LTS\lib\armv6m-ti-none-eabi\c\</path>
         <kind>archive</kind>
         <file>libc.a</file>
         <name>_lock.c.obj</name>
      </input_file>
      <input_file id="fl-47">
         <path>C:\ti\ccs2020\ccs\tools\compiler\ti-cgt-armllvm_4.0.3.LTS\lib\armv6m-ti-none-eabi\c\</path>
         <kind>archive</kind>
         <file>libc.a</file>
         <name>_ltoa.c.obj</name>
      </input_file>
      <input_file id="fl-48">
         <path>C:\ti\ccs2020\ccs\tools\compiler\ti-cgt-armllvm_4.0.3.LTS\lib\armv6m-ti-none-eabi\c\</path>
         <kind>archive</kind>
         <file>libc.a</file>
         <name>args_main.c.obj</name>
      </input_file>
      <input_file id="fl-49">
         <path>C:\ti\ccs2020\ccs\tools\compiler\ti-cgt-armllvm_4.0.3.LTS\lib\armv6m-ti-none-eabi\c\</path>
         <kind>archive</kind>
         <file>libc.a</file>
         <name>assert.c.obj</name>
      </input_file>
      <input_file id="fl-4a">
         <path>C:\ti\ccs2020\ccs\tools\compiler\ti-cgt-armllvm_4.0.3.LTS\lib\armv6m-ti-none-eabi\c\</path>
         <kind>archive</kind>
         <file>libc.a</file>
         <name>atoi.c.obj</name>
      </input_file>
      <input_file id="fl-4b">
         <path>C:\ti\ccs2020\ccs\tools\compiler\ti-cgt-armllvm_4.0.3.LTS\lib\armv6m-ti-none-eabi\c\</path>
         <kind>archive</kind>
         <file>libc.a</file>
         <name>defs.c.obj</name>
      </input_file>
      <input_file id="fl-4c">
         <path>C:\ti\ccs2020\ccs\tools\compiler\ti-cgt-armllvm_4.0.3.LTS\lib\armv6m-ti-none-eabi\c\</path>
         <kind>archive</kind>
         <file>libc.a</file>
         <name>memccpy.c.obj</name>
      </input_file>
      <input_file id="fl-4d">
         <path>C:\ti\ccs2020\ccs\tools\compiler\ti-cgt-armllvm_4.0.3.LTS\lib\armv6m-ti-none-eabi\c\</path>
         <kind>archive</kind>
         <file>libc.a</file>
         <name>memory.c.obj</name>
      </input_file>
      <input_file id="fl-4e">
         <path>C:\ti\ccs2020\ccs\tools\compiler\ti-cgt-armllvm_4.0.3.LTS\lib\armv6m-ti-none-eabi\c\</path>
         <kind>archive</kind>
         <file>libc.a</file>
         <name>fflush.c.obj</name>
      </input_file>
      <input_file id="fl-4f">
         <path>C:\ti\ccs2020\ccs\tools\compiler\ti-cgt-armllvm_4.0.3.LTS\lib\armv6m-ti-none-eabi\c\</path>
         <kind>archive</kind>
         <file>libc.a</file>
         <name>fputs.c.obj</name>
      </input_file>
      <input_file id="fl-50">
         <path>C:\ti\ccs2020\ccs\tools\compiler\ti-cgt-armllvm_4.0.3.LTS\lib\armv6m-ti-none-eabi\c\</path>
         <kind>archive</kind>
         <file>libc.a</file>
         <name>_io_perm.c.obj</name>
      </input_file>
      <input_file id="fl-51">
         <path>C:\ti\ccs2020\ccs\tools\compiler\ti-cgt-armllvm_4.0.3.LTS\lib\armv6m-ti-none-eabi\c\</path>
         <kind>archive</kind>
         <file>libc.a</file>
         <name>setvbuf.c.obj</name>
      </input_file>
      <input_file id="fl-52">
         <path>C:\ti\ccs2020\ccs\tools\compiler\ti-cgt-armllvm_4.0.3.LTS\lib\armv6m-ti-none-eabi\c\</path>
         <kind>archive</kind>
         <file>libc.a</file>
         <name>aeabi_ctype.S.obj</name>
      </input_file>
      <input_file id="fl-53">
         <path>C:\ti\ccs2020\ccs\tools\compiler\ti-cgt-armllvm_4.0.3.LTS\lib\armv6m-ti-none-eabi\c\</path>
         <kind>archive</kind>
         <file>libc.a</file>
         <name>fopen.c.obj</name>
      </input_file>
      <input_file id="fl-54">
         <path>C:\ti\ccs2020\ccs\tools\compiler\ti-cgt-armllvm_4.0.3.LTS\lib\armv6m-ti-none-eabi\c\</path>
         <kind>archive</kind>
         <file>libc.a</file>
         <name>fseek.c.obj</name>
      </input_file>
      <input_file id="fl-55">
         <path>C:\ti\ccs2020\ccs\tools\compiler\ti-cgt-armllvm_4.0.3.LTS\lib\armv6m-ti-none-eabi\c\</path>
         <kind>archive</kind>
         <file>libc.a</file>
         <name>fclose.c.obj</name>
      </input_file>
      <input_file id="fl-f5">
         <path>C:\ti\ccs2020\ccs\tools\compiler\ti-cgt-armllvm_4.0.3.LTS\lib\armv6m-ti-none-eabi\c\</path>
         <kind>archive</kind>
         <file>libsysbm.a</file>
         <name>hostexit.c.obj</name>
      </input_file>
      <input_file id="fl-f6">
         <path>C:\ti\ccs2020\ccs\tools\compiler\ti-cgt-armllvm_4.0.3.LTS\lib\armv6m-ti-none-eabi\c\</path>
         <kind>archive</kind>
         <file>libsysbm.a</file>
         <name>write.c.obj</name>
      </input_file>
      <input_file id="fl-f7">
         <path>C:\ti\ccs2020\ccs\tools\compiler\ti-cgt-armllvm_4.0.3.LTS\lib\armv6m-ti-none-eabi\c\</path>
         <kind>archive</kind>
         <file>libsysbm.a</file>
         <name>host_device.c.obj</name>
      </input_file>
      <input_file id="fl-f8">
         <path>C:\ti\ccs2020\ccs\tools\compiler\ti-cgt-armllvm_4.0.3.LTS\lib\armv6m-ti-none-eabi\c\</path>
         <kind>archive</kind>
         <file>libsysbm.a</file>
         <name>remove.c.obj</name>
      </input_file>
      <input_file id="fl-f9">
         <path>C:\ti\ccs2020\ccs\tools\compiler\ti-cgt-armllvm_4.0.3.LTS\lib\armv6m-ti-none-eabi\c\</path>
         <kind>archive</kind>
         <file>libsysbm.a</file>
         <name>open.c.obj</name>
      </input_file>
      <input_file id="fl-fa">
         <path>C:\ti\ccs2020\ccs\tools\compiler\ti-cgt-armllvm_4.0.3.LTS\lib\armv6m-ti-none-eabi\c\</path>
         <kind>archive</kind>
         <file>libsysbm.a</file>
         <name>lseek.c.obj</name>
      </input_file>
      <input_file id="fl-fb">
         <path>C:\ti\ccs2020\ccs\tools\compiler\ti-cgt-armllvm_4.0.3.LTS\lib\armv6m-ti-none-eabi\c\</path>
         <kind>archive</kind>
         <file>libsysbm.a</file>
         <name>close.c.obj</name>
      </input_file>
      <input_file id="fl-fc">
         <path>C:\ti\ccs2020\ccs\tools\compiler\ti-cgt-armllvm_4.0.3.LTS\lib\armv6m-ti-none-eabi\c\</path>
         <kind>archive</kind>
         <file>libsysbm.a</file>
         <name>unlink.c.obj</name>
      </input_file>
      <input_file id="fl-fd">
         <path>C:\ti\ccs2020\ccs\tools\compiler\ti-cgt-armllvm_4.0.3.LTS\lib\armv6m-ti-none-eabi\c\</path>
         <kind>archive</kind>
         <file>libsysbm.a</file>
         <name>hostclose.c.obj</name>
      </input_file>
      <input_file id="fl-fe">
         <path>C:\ti\ccs2020\ccs\tools\compiler\ti-cgt-armllvm_4.0.3.LTS\lib\armv6m-ti-none-eabi\c\</path>
         <kind>archive</kind>
         <file>libsysbm.a</file>
         <name>hostlseek.c.obj</name>
      </input_file>
      <input_file id="fl-ff">
         <path>C:\ti\ccs2020\ccs\tools\compiler\ti-cgt-armllvm_4.0.3.LTS\lib\armv6m-ti-none-eabi\c\</path>
         <kind>archive</kind>
         <file>libsysbm.a</file>
         <name>hostopen.c.obj</name>
      </input_file>
      <input_file id="fl-100">
         <path>C:\ti\ccs2020\ccs\tools\compiler\ti-cgt-armllvm_4.0.3.LTS\lib\armv6m-ti-none-eabi\c\</path>
         <kind>archive</kind>
         <file>libsysbm.a</file>
         <name>hostread.c.obj</name>
      </input_file>
      <input_file id="fl-101">
         <path>C:\ti\ccs2020\ccs\tools\compiler\ti-cgt-armllvm_4.0.3.LTS\lib\armv6m-ti-none-eabi\c\</path>
         <kind>archive</kind>
         <file>libsysbm.a</file>
         <name>hostrename.c.obj</name>
      </input_file>
      <input_file id="fl-102">
         <path>C:\ti\ccs2020\ccs\tools\compiler\ti-cgt-armllvm_4.0.3.LTS\lib\armv6m-ti-none-eabi\c\</path>
         <kind>archive</kind>
         <file>libsysbm.a</file>
         <name>hostunlink.c.obj</name>
      </input_file>
      <input_file id="fl-103">
         <path>C:\ti\ccs2020\ccs\tools\compiler\ti-cgt-armllvm_4.0.3.LTS\lib\armv6m-ti-none-eabi\c\</path>
         <kind>archive</kind>
         <file>libsysbm.a</file>
         <name>hostwrite.c.obj</name>
      </input_file>
      <input_file id="fl-104">
         <path>C:\ti\ccs2020\ccs\tools\compiler\ti-cgt-armllvm_4.0.3.LTS\lib\armv6m-ti-none-eabi\c\</path>
         <kind>archive</kind>
         <file>libsysbm.a</file>
         <name>trgmsg.c.obj</name>
      </input_file>
      <input_file id="fl-105">
         <path>C:\ti\ccs2020\ccs\tools\compiler\ti-cgt-armllvm_4.0.3.LTS\lib\armv6m-ti-none-eabi\</path>
         <kind>archive</kind>
         <file>libclang_rt.builtins.a</file>
         <name>addsf3.S.obj</name>
      </input_file>
      <input_file id="fl-106">
         <path>C:\ti\ccs2020\ccs\tools\compiler\ti-cgt-armllvm_4.0.3.LTS\lib\armv6m-ti-none-eabi\</path>
         <kind>archive</kind>
         <file>libclang_rt.builtins.a</file>
         <name>adddf3.S.obj</name>
      </input_file>
      <input_file id="fl-107">
         <path>C:\ti\ccs2020\ccs\tools\compiler\ti-cgt-armllvm_4.0.3.LTS\lib\armv6m-ti-none-eabi\</path>
         <kind>archive</kind>
         <file>libclang_rt.builtins.a</file>
         <name>muldf3.S.obj</name>
      </input_file>
      <input_file id="fl-108">
         <path>C:\ti\ccs2020\ccs\tools\compiler\ti-cgt-armllvm_4.0.3.LTS\lib\armv6m-ti-none-eabi\</path>
         <kind>archive</kind>
         <file>libclang_rt.builtins.a</file>
         <name>muldsi3.S.obj</name>
      </input_file>
      <input_file id="fl-109">
         <path>C:\ti\ccs2020\ccs\tools\compiler\ti-cgt-armllvm_4.0.3.LTS\lib\armv6m-ti-none-eabi\</path>
         <kind>archive</kind>
         <file>libclang_rt.builtins.a</file>
         <name>mulsf3.S.obj</name>
      </input_file>
      <input_file id="fl-10a">
         <path>C:\ti\ccs2020\ccs\tools\compiler\ti-cgt-armllvm_4.0.3.LTS\lib\armv6m-ti-none-eabi\</path>
         <kind>archive</kind>
         <file>libclang_rt.builtins.a</file>
         <name>divsf3.S.obj</name>
      </input_file>
      <input_file id="fl-10b">
         <path>C:\ti\ccs2020\ccs\tools\compiler\ti-cgt-armllvm_4.0.3.LTS\lib\armv6m-ti-none-eabi\</path>
         <kind>archive</kind>
         <file>libclang_rt.builtins.a</file>
         <name>divdf3.S.obj</name>
      </input_file>
      <input_file id="fl-10c">
         <path>C:\ti\ccs2020\ccs\tools\compiler\ti-cgt-armllvm_4.0.3.LTS\lib\armv6m-ti-none-eabi\</path>
         <kind>archive</kind>
         <file>libclang_rt.builtins.a</file>
         <name>extendsfdf2.S.obj</name>
      </input_file>
      <input_file id="fl-10d">
         <path>C:\ti\ccs2020\ccs\tools\compiler\ti-cgt-armllvm_4.0.3.LTS\lib\armv6m-ti-none-eabi\</path>
         <kind>archive</kind>
         <file>libclang_rt.builtins.a</file>
         <name>fixdfsi.S.obj</name>
      </input_file>
      <input_file id="fl-10e">
         <path>C:\ti\ccs2020\ccs\tools\compiler\ti-cgt-armllvm_4.0.3.LTS\lib\armv6m-ti-none-eabi\</path>
         <kind>archive</kind>
         <file>libclang_rt.builtins.a</file>
         <name>fixsfsi.S.obj</name>
      </input_file>
      <input_file id="fl-10f">
         <path>C:\ti\ccs2020\ccs\tools\compiler\ti-cgt-armllvm_4.0.3.LTS\lib\armv6m-ti-none-eabi\</path>
         <kind>archive</kind>
         <file>libclang_rt.builtins.a</file>
         <name>fixunsdfsi.S.obj</name>
      </input_file>
      <input_file id="fl-110">
         <path>C:\ti\ccs2020\ccs\tools\compiler\ti-cgt-armllvm_4.0.3.LTS\lib\armv6m-ti-none-eabi\</path>
         <kind>archive</kind>
         <file>libclang_rt.builtins.a</file>
         <name>floatsidf.S.obj</name>
      </input_file>
      <input_file id="fl-111">
         <path>C:\ti\ccs2020\ccs\tools\compiler\ti-cgt-armllvm_4.0.3.LTS\lib\armv6m-ti-none-eabi\</path>
         <kind>archive</kind>
         <file>libclang_rt.builtins.a</file>
         <name>floatsisf.S.obj</name>
      </input_file>
      <input_file id="fl-112">
         <path>C:\ti\ccs2020\ccs\tools\compiler\ti-cgt-armllvm_4.0.3.LTS\lib\armv6m-ti-none-eabi\</path>
         <kind>archive</kind>
         <file>libclang_rt.builtins.a</file>
         <name>floatunsisf.S.obj</name>
      </input_file>
      <input_file id="fl-113">
         <path>C:\ti\ccs2020\ccs\tools\compiler\ti-cgt-armllvm_4.0.3.LTS\lib\armv6m-ti-none-eabi\</path>
         <kind>archive</kind>
         <file>libclang_rt.builtins.a</file>
         <name>muldi3.S.obj</name>
      </input_file>
      <input_file id="fl-114">
         <path>C:\ti\ccs2020\ccs\tools\compiler\ti-cgt-armllvm_4.0.3.LTS\lib\armv6m-ti-none-eabi\</path>
         <kind>archive</kind>
         <file>libclang_rt.builtins.a</file>
         <name>aeabi_dcmp.S.obj</name>
      </input_file>
      <input_file id="fl-115">
         <path>C:\ti\ccs2020\ccs\tools\compiler\ti-cgt-armllvm_4.0.3.LTS\lib\armv6m-ti-none-eabi\</path>
         <kind>archive</kind>
         <file>libclang_rt.builtins.a</file>
         <name>aeabi_fcmp.S.obj</name>
      </input_file>
      <input_file id="fl-116">
         <path>C:\ti\ccs2020\ccs\tools\compiler\ti-cgt-armllvm_4.0.3.LTS\lib\armv6m-ti-none-eabi\</path>
         <kind>archive</kind>
         <file>libclang_rt.builtins.a</file>
         <name>aeabi_idivmod.S.obj</name>
      </input_file>
      <input_file id="fl-117">
         <path>C:\ti\ccs2020\ccs\tools\compiler\ti-cgt-armllvm_4.0.3.LTS\lib\armv6m-ti-none-eabi\</path>
         <kind>archive</kind>
         <file>libclang_rt.builtins.a</file>
         <name>aeabi_memcpy.S.obj</name>
      </input_file>
      <input_file id="fl-118">
         <path>C:\ti\ccs2020\ccs\tools\compiler\ti-cgt-armllvm_4.0.3.LTS\lib\armv6m-ti-none-eabi\</path>
         <kind>archive</kind>
         <file>libclang_rt.builtins.a</file>
         <name>aeabi_memset.S.obj</name>
      </input_file>
      <input_file id="fl-119">
         <path>C:\ti\ccs2020\ccs\tools\compiler\ti-cgt-armllvm_4.0.3.LTS\lib\armv6m-ti-none-eabi\</path>
         <kind>archive</kind>
         <file>libclang_rt.builtins.a</file>
         <name>aeabi_uidivmod.S.obj</name>
      </input_file>
      <input_file id="fl-11a">
         <path>C:\ti\ccs2020\ccs\tools\compiler\ti-cgt-armllvm_4.0.3.LTS\lib\armv6m-ti-none-eabi\</path>
         <kind>archive</kind>
         <file>libclang_rt.builtins.a</file>
         <name>aeabi_uldivmod.S.obj</name>
      </input_file>
      <input_file id="fl-11b">
         <path>C:\ti\ccs2020\ccs\tools\compiler\ti-cgt-armllvm_4.0.3.LTS\lib\armv6m-ti-none-eabi\</path>
         <kind>archive</kind>
         <file>libclang_rt.builtins.a</file>
         <name>comparesf2.S.obj</name>
      </input_file>
      <input_file id="fl-11c">
         <path>C:\ti\ccs2020\ccs\tools\compiler\ti-cgt-armllvm_4.0.3.LTS\lib\armv6m-ti-none-eabi\</path>
         <kind>archive</kind>
         <file>libclang_rt.builtins.a</file>
         <name>udivmoddi4.S.obj</name>
      </input_file>
      <input_file id="fl-11d">
         <path>C:\ti\ccs2020\ccs\tools\compiler\ti-cgt-armllvm_4.0.3.LTS\lib\armv6m-ti-none-eabi\</path>
         <kind>archive</kind>
         <file>libclang_rt.builtins.a</file>
         <name>ashldi3.S.obj</name>
      </input_file>
      <input_file id="fl-11e">
         <path>C:\ti\ccs2020\ccs\tools\compiler\ti-cgt-armllvm_4.0.3.LTS\lib\armv6m-ti-none-eabi\</path>
         <kind>archive</kind>
         <file>libclang_rt.builtins.a</file>
         <name>comparedf2.c.obj</name>
      </input_file>
      <input_file id="fl-11f">
         <path>C:\ti\ccs2020\ccs\tools\compiler\ti-cgt-armllvm_4.0.3.LTS\lib\armv6m-ti-none-eabi\</path>
         <kind>archive</kind>
         <file>libclang_rt.builtins.a</file>
         <name>aeabi_div0.c.obj</name>
      </input_file>
      <input_file id="fl-120">
         <path>C:\ti\ccs2020\ccs\tools\compiler\ti-cgt-armllvm_4.0.3.LTS\lib\armv6m-ti-none-eabi\c\</path>
         <kind>archive</kind>
         <file>libc.a</file>
         <name>getdevice.c.obj</name>
      </input_file>
      <input_file id="fl-121">
         <path>C:\ti\ccs2020\ccs\tools\compiler\ti-cgt-armllvm_4.0.3.LTS\lib\armv6m-ti-none-eabi\c\</path>
         <kind>archive</kind>
         <file>libc.a</file>
         <name>memcpy16.S.obj</name>
      </input_file>
      <input_file id="fl-122">
         <path>C:\ti\ccs2020\ccs\tools\compiler\ti-cgt-armllvm_4.0.3.LTS\lib\armv6m-ti-none-eabi\c\</path>
         <kind>archive</kind>
         <file>libc.a</file>
         <name>memset16.S.obj</name>
      </input_file>
      <input_file id="fl-123">
         <path>C:\ti\ccs2020\ccs\tools\compiler\ti-cgt-armllvm_4.0.3.LTS\lib\armv6m-ti-none-eabi\c\</path>
         <kind>archive</kind>
         <file>libc.a</file>
         <name>strcmp-armv6m.S.obj</name>
      </input_file>
   </input_file_list>
   <object_component_list>
      <object_component id="oc-18">
         <name>.intvecs</name>
         <load_address>0x0</load_address>
         <readonly>true</readonly>
         <run_address>0x0</run_address>
         <size>0xc0</size>
         <alignment>0x4</alignment>
         <input_file_ref idref="fl-3"/>
      </object_component>
      <object_component id="oc-df">
         <name>.text.OLED_Clear</name>
         <load_address>0xc0</load_address>
         <readonly>true</readonly>
         <executable>true</executable>
         <run_address>0xc0</run_address>
         <size>0xc20</size>
         <alignment>0x4</alignment>
         <input_file_ref idref="fl-4"/>
      </object_component>
      <object_component id="oc-1f3">
         <name>.text:__TI_printfi</name>
         <load_address>0xce0</load_address>
         <readonly>true</readonly>
         <executable>true</executable>
         <run_address>0xce0</run_address>
         <size>0x9d0</size>
         <alignment>0x4</alignment>
         <input_file_ref idref="fl-40"/>
      </object_component>
      <object_component id="oc-f6">
         <name>.text.OLED_ShowNum</name>
         <load_address>0x16b0</load_address>
         <readonly>true</readonly>
         <executable>true</executable>
         <run_address>0x16b0</run_address>
         <size>0x3aa</size>
         <alignment>0x2</alignment>
         <input_file_ref idref="fl-4"/>
      </object_component>
      <object_component id="oc-33">
         <name>.text.Default_Handler</name>
         <load_address>0x1a5a</load_address>
         <readonly>true</readonly>
         <executable>true</executable>
         <run_address>0x1a5a</run_address>
         <size>0x2</size>
         <alignment>0x2</alignment>
         <input_file_ref idref="fl-3"/>
      </object_component>
      <object_component id="oc-d7">
         <name>.text.OLED_Init</name>
         <load_address>0x1a5c</load_address>
         <readonly>true</readonly>
         <executable>true</executable>
         <run_address>0x1a5c</run_address>
         <size>0x374</size>
         <alignment>0x4</alignment>
         <input_file_ref idref="fl-4"/>
      </object_component>
      <object_component id="oc-146">
         <name>.text.OLED_ShowChar</name>
         <load_address>0x1dd0</load_address>
         <readonly>true</readonly>
         <executable>true</executable>
         <run_address>0x1dd0</run_address>
         <size>0x270</size>
         <alignment>0x4</alignment>
         <input_file_ref idref="fl-4"/>
      </object_component>
      <object_component id="oc-24f">
         <name>.text._pconv_a</name>
         <load_address>0x2040</load_address>
         <readonly>true</readonly>
         <executable>true</executable>
         <run_address>0x2040</run_address>
         <size>0x220</size>
         <alignment>0x4</alignment>
         <input_file_ref idref="fl-40"/>
      </object_component>
      <object_component id="oc-250">
         <name>.text._pconv_g</name>
         <load_address>0x2260</load_address>
         <readonly>true</readonly>
         <executable>true</executable>
         <run_address>0x2260</run_address>
         <size>0x1dc</size>
         <alignment>0x4</alignment>
         <input_file_ref idref="fl-40"/>
      </object_component>
      <object_component id="oc-156">
         <name>.text.aiming_system_start_0</name>
         <load_address>0x243c</load_address>
         <readonly>true</readonly>
         <executable>true</executable>
         <run_address>0x243c</run_address>
         <size>0x1bc</size>
         <alignment>0x4</alignment>
         <input_file_ref idref="fl-c"/>
      </object_component>
      <object_component id="oc-21d">
         <name>.text.adddf3_subdf3</name>
         <load_address>0x25f8</load_address>
         <readonly>true</readonly>
         <executable>true</executable>
         <run_address>0x25f8</run_address>
         <size>0x192</size>
         <alignment>0x4</alignment>
         <input_file_ref idref="fl-106"/>
      </object_component>
      <object_component id="oc-1db">
         <name>.text.__aeabi_idiv0</name>
         <load_address>0x278a</load_address>
         <readonly>true</readonly>
         <executable>true</executable>
         <run_address>0x278a</run_address>
         <size>0x2</size>
         <alignment>0x2</alignment>
         <input_file_ref idref="fl-11f"/>
      </object_component>
      <object_component id="oc-e1">
         <name>.text.OLED_Refresh</name>
         <load_address>0x278c</load_address>
         <readonly>true</readonly>
         <executable>true</executable>
         <run_address>0x278c</run_address>
         <size>0x190</size>
         <alignment>0x4</alignment>
         <input_file_ref idref="fl-4"/>
      </object_component>
      <object_component id="oc-155">
         <name>.text.aiming_system_start</name>
         <load_address>0x291c</load_address>
         <readonly>true</readonly>
         <executable>true</executable>
         <run_address>0x291c</run_address>
         <size>0x190</size>
         <alignment>0x4</alignment>
         <input_file_ref idref="fl-c"/>
      </object_component>
      <object_component id="oc-a5">
         <name>.text.main</name>
         <load_address>0x2aac</load_address>
         <readonly>true</readonly>
         <executable>true</executable>
         <run_address>0x2aac</run_address>
         <size>0x154</size>
         <alignment>0x4</alignment>
         <input_file_ref idref="fl-1"/>
      </object_component>
      <object_component id="oc-290">
         <name>.text.fcvt</name>
         <load_address>0x2c00</load_address>
         <readonly>true</readonly>
         <executable>true</executable>
         <run_address>0x2c00</run_address>
         <size>0x13c</size>
         <alignment>0x4</alignment>
         <input_file_ref idref="fl-40"/>
      </object_component>
      <object_component id="oc-252">
         <name>.text._pconv_e</name>
         <load_address>0x2d3c</load_address>
         <readonly>true</readonly>
         <executable>true</executable>
         <run_address>0x2d3c</run_address>
         <size>0x120</size>
         <alignment>0x4</alignment>
         <input_file_ref idref="fl-40"/>
      </object_component>
      <object_component id="oc-1c9">
         <name>.text.set_angle</name>
         <load_address>0x2e5c</load_address>
         <readonly>true</readonly>
         <executable>true</executable>
         <run_address>0x2e5c</run_address>
         <size>0x120</size>
         <alignment>0x4</alignment>
         <input_file_ref idref="fl-b"/>
      </object_component>
      <object_component id="oc-154">
         <name>.text.motor_pid_task</name>
         <load_address>0x2f7c</load_address>
         <readonly>true</readonly>
         <executable>true</executable>
         <run_address>0x2f7c</run_address>
         <size>0x11c</size>
         <alignment>0x4</alignment>
         <input_file_ref idref="fl-c"/>
      </object_component>
      <object_component id="oc-7c">
         <name>.text.jy61p_ReceiveData</name>
         <load_address>0x3098</load_address>
         <readonly>true</readonly>
         <executable>true</executable>
         <run_address>0x3098</run_address>
         <size>0x118</size>
         <alignment>0x4</alignment>
         <input_file_ref idref="fl-5"/>
      </object_component>
      <object_component id="oc-221">
         <name>.text.__divdf3</name>
         <load_address>0x31b0</load_address>
         <readonly>true</readonly>
         <executable>true</executable>
         <run_address>0x31b0</run_address>
         <size>0x10c</size>
         <alignment>0x4</alignment>
         <input_file_ref idref="fl-10b"/>
      </object_component>
      <object_component id="oc-189">
         <name>.text.DL_Timer_initFourCCPWMMode</name>
         <load_address>0x32bc</load_address>
         <readonly>true</readonly>
         <executable>true</executable>
         <run_address>0x32bc</run_address>
         <size>0x104</size>
         <alignment>0x4</alignment>
         <input_file_ref idref="fl-1d"/>
      </object_component>
      <object_component id="oc-132">
         <name>.text.SYSCFG_DL_GPIO_init</name>
         <load_address>0x33c0</load_address>
         <readonly>true</readonly>
         <executable>true</executable>
         <run_address>0x33c0</run_address>
         <size>0xf4</size>
         <alignment>0x4</alignment>
         <input_file_ref idref="fl-2"/>
      </object_component>
      <object_component id="oc-1b5">
         <name>.text.calculate_tracking_error</name>
         <load_address>0x34b4</load_address>
         <readonly>true</readonly>
         <executable>true</executable>
         <run_address>0x34b4</run_address>
         <size>0xec</size>
         <alignment>0x4</alignment>
         <input_file_ref idref="fl-7"/>
      </object_component>
      <object_component id="oc-191">
         <name>.text.DL_Timer_initTimerMode</name>
         <load_address>0x35a0</load_address>
         <readonly>true</readonly>
         <executable>true</executable>
         <run_address>0x35a0</run_address>
         <size>0xe8</size>
         <alignment>0x4</alignment>
         <input_file_ref idref="fl-1d"/>
      </object_component>
      <object_component id="oc-219">
         <name>.text.__muldf3</name>
         <load_address>0x3688</load_address>
         <readonly>true</readonly>
         <executable>true</executable>
         <run_address>0x3688</run_address>
         <size>0xe4</size>
         <alignment>0x4</alignment>
         <input_file_ref idref="fl-107"/>
      </object_component>
      <object_component id="oc-1bf">
         <name>.text.speed_pid_task</name>
         <load_address>0x376c</load_address>
         <readonly>true</readonly>
         <executable>true</executable>
         <run_address>0x376c</run_address>
         <size>0xe0</size>
         <alignment>0x4</alignment>
         <input_file_ref idref="fl-a"/>
      </object_component>
      <object_component id="oc-17b">
         <name>.text.DL_SYSCTL_configSYSPLL</name>
         <load_address>0x384c</load_address>
         <readonly>true</readonly>
         <executable>true</executable>
         <run_address>0x384c</run_address>
         <size>0xdc</size>
         <alignment>0x4</alignment>
         <input_file_ref idref="fl-1f"/>
      </object_component>
      <object_component id="oc-27b">
         <name>.text.scalbn</name>
         <load_address>0x3928</load_address>
         <readonly>true</readonly>
         <executable>true</executable>
         <run_address>0x3928</run_address>
         <size>0xd8</size>
         <alignment>0x4</alignment>
         <input_file_ref idref="fl-42"/>
      </object_component>
      <object_component id="oc-1b7">
         <name>.text</name>
         <load_address>0x3a00</load_address>
         <readonly>true</readonly>
         <executable>true</executable>
         <run_address>0x3a00</run_address>
         <size>0xd8</size>
         <alignment>0x4</alignment>
         <input_file_ref idref="fl-105"/>
      </object_component>
      <object_component id="oc-43">
         <name>.text.UART0_IRQHandler</name>
         <load_address>0x3ad8</load_address>
         <readonly>true</readonly>
         <executable>true</executable>
         <run_address>0x3ad8</run_address>
         <size>0xb8</size>
         <alignment>0x4</alignment>
         <input_file_ref idref="fl-6"/>
      </object_component>
      <object_component id="oc-39">
         <name>.text.GROUP1_IRQHandler</name>
         <load_address>0x3b90</load_address>
         <readonly>true</readonly>
         <executable>true</executable>
         <run_address>0x3b90</run_address>
         <size>0xb0</size>
         <alignment>0x4</alignment>
         <input_file_ref idref="fl-9"/>
      </object_component>
      <object_component id="oc-272">
         <name>.text</name>
         <load_address>0x3c40</load_address>
         <readonly>true</readonly>
         <executable>true</executable>
         <run_address>0x3c40</run_address>
         <size>0xa2</size>
         <alignment>0x4</alignment>
         <input_file_ref idref="fl-11c"/>
      </object_component>
      <object_component id="oc-294">
         <name>.text.__aeabi_ldiv0</name>
         <load_address>0x3ce2</load_address>
         <readonly>true</readonly>
         <executable>true</executable>
         <run_address>0x3ce2</run_address>
         <size>0x2</size>
         <alignment>0x2</alignment>
         <input_file_ref idref="fl-11f"/>
      </object_component>
      <object_component id="oc-de">
         <name>.text.OLED_DisplayTurn</name>
         <load_address>0x3ce4</load_address>
         <readonly>true</readonly>
         <executable>true</executable>
         <run_address>0x3ce4</run_address>
         <size>0xa0</size>
         <alignment>0x4</alignment>
         <input_file_ref idref="fl-4"/>
      </object_component>
      <object_component id="oc-cd">
         <name>.text:memcpy</name>
         <load_address>0x3d84</load_address>
         <readonly>true</readonly>
         <executable>true</executable>
         <run_address>0x3d84</run_address>
         <size>0x9a</size>
         <alignment>0x1</alignment>
         <input_file_ref idref="fl-121"/>
      </object_component>
      <object_component id="oc-135">
         <name>.text.SYSCFG_DL_TIMG8_PWM_init</name>
         <load_address>0x3e20</load_address>
         <readonly>true</readonly>
         <executable>true</executable>
         <run_address>0x3e20</run_address>
         <size>0x94</size>
         <alignment>0x4</alignment>
         <input_file_ref idref="fl-2"/>
      </object_component>
      <object_component id="oc-1c7">
         <name>.text.servo_x_pid_task</name>
         <load_address>0x3eb4</load_address>
         <readonly>true</readonly>
         <executable>true</executable>
         <run_address>0x3eb4</run_address>
         <size>0x90</size>
         <alignment>0x4</alignment>
         <input_file_ref idref="fl-a"/>
      </object_component>
      <object_component id="oc-1c8">
         <name>.text.servo_y_pid_task</name>
         <load_address>0x3f44</load_address>
         <readonly>true</readonly>
         <executable>true</executable>
         <run_address>0x3f44</run_address>
         <size>0x90</size>
         <alignment>0x4</alignment>
         <input_file_ref idref="fl-a"/>
      </object_component>
      <object_component id="oc-e0">
         <name>.text.OLED_ShowString</name>
         <load_address>0x3fd4</load_address>
         <readonly>true</readonly>
         <executable>true</executable>
         <run_address>0x3fd4</run_address>
         <size>0x8c</size>
         <alignment>0x2</alignment>
         <input_file_ref idref="fl-4"/>
      </object_component>
      <object_component id="oc-134">
         <name>.text.SYSCFG_DL_TIMG0_PWM_init</name>
         <load_address>0x4060</load_address>
         <readonly>true</readonly>
         <executable>true</executable>
         <run_address>0x4060</run_address>
         <size>0x8c</size>
         <alignment>0x4</alignment>
         <input_file_ref idref="fl-2"/>
      </object_component>
      <object_component id="oc-b8">
         <name>.text.__mulsf3</name>
         <load_address>0x40ec</load_address>
         <readonly>true</readonly>
         <executable>true</executable>
         <run_address>0x40ec</run_address>
         <size>0x8c</size>
         <alignment>0x4</alignment>
         <input_file_ref idref="fl-109"/>
      </object_component>
      <object_component id="oc-130">
         <name>.text.SYSCFG_DL_initPower</name>
         <load_address>0x4178</load_address>
         <readonly>true</readonly>
         <executable>true</executable>
         <run_address>0x4178</run_address>
         <size>0x88</size>
         <alignment>0x4</alignment>
         <input_file_ref idref="fl-2"/>
      </object_component>
      <object_component id="oc-205">
         <name>.text.__divsf3</name>
         <load_address>0x4200</load_address>
         <readonly>true</readonly>
         <executable>true</executable>
         <run_address>0x4200</run_address>
         <size>0x82</size>
         <alignment>0x4</alignment>
         <input_file_ref idref="fl-10a"/>
      </object_component>
      <object_component id="oc-1c">
         <name>.text:decompress:lzss</name>
         <load_address>0x4284</load_address>
         <readonly>true</readonly>
         <executable>true</executable>
         <run_address>0x4284</run_address>
         <size>0x7c</size>
         <alignment>0x4</alignment>
         <input_file_ref idref="fl-3f"/>
      </object_component>
      <object_component id="oc-25d">
         <name>.text.__gedf2</name>
         <load_address>0x4300</load_address>
         <readonly>true</readonly>
         <executable>true</executable>
         <run_address>0x4300</run_address>
         <size>0x74</size>
         <alignment>0x4</alignment>
         <input_file_ref idref="fl-11e"/>
      </object_component>
      <object_component id="oc-4a">
         <name>.text.TIMA1_IRQHandler</name>
         <load_address>0x4374</load_address>
         <readonly>true</readonly>
         <executable>true</executable>
         <run_address>0x4374</run_address>
         <size>0x70</size>
         <alignment>0x4</alignment>
         <input_file_ref idref="fl-c"/>
      </object_component>
      <object_component id="oc-f1">
         <name>.text.key_process</name>
         <load_address>0x43e4</load_address>
         <readonly>true</readonly>
         <executable>true</executable>
         <run_address>0x43e4</run_address>
         <size>0x70</size>
         <alignment>0x4</alignment>
         <input_file_ref idref="fl-1"/>
      </object_component>
      <object_component id="oc-138">
         <name>.text.SYSCFG_DL_UART_0_init</name>
         <load_address>0x4454</load_address>
         <readonly>true</readonly>
         <executable>true</executable>
         <run_address>0x4454</run_address>
         <size>0x6c</size>
         <alignment>0x4</alignment>
         <input_file_ref idref="fl-2"/>
      </object_component>
      <object_component id="oc-13a">
         <name>.text.SYSCFG_DL_UART_2_init</name>
         <load_address>0x44c0</load_address>
         <readonly>true</readonly>
         <executable>true</executable>
         <run_address>0x44c0</run_address>
         <size>0x6c</size>
         <alignment>0x4</alignment>
         <input_file_ref idref="fl-2"/>
      </object_component>
      <object_component id="oc-257">
         <name>.text.__ledf2</name>
         <load_address>0x452c</load_address>
         <readonly>true</readonly>
         <executable>true</executable>
         <run_address>0x452c</run_address>
         <size>0x68</size>
         <alignment>0x4</alignment>
         <input_file_ref idref="fl-11e"/>
      </object_component>
      <object_component id="oc-c0">
         <name>.text.ek_printf</name>
         <load_address>0x4594</load_address>
         <readonly>true</readonly>
         <executable>true</executable>
         <run_address>0x4594</run_address>
         <size>0x68</size>
         <alignment>0x4</alignment>
         <input_file_ref idref="fl-d"/>
      </object_component>
      <object_component id="oc-ef">
         <name>.text.lc_printf</name>
         <load_address>0x45fc</load_address>
         <readonly>true</readonly>
         <executable>true</executable>
         <run_address>0x45fc</run_address>
         <size>0x68</size>
         <alignment>0x4</alignment>
         <input_file_ref idref="fl-d"/>
      </object_component>
      <object_component id="oc-28f">
         <name>.text._mcpy</name>
         <load_address>0x4664</load_address>
         <readonly>true</readonly>
         <executable>true</executable>
         <run_address>0x4664</run_address>
         <size>0x66</size>
         <alignment>0x2</alignment>
         <input_file_ref idref="fl-40"/>
      </object_component>
      <object_component id="oc-133">
         <name>.text.SYSCFG_DL_SYSCTL_init</name>
         <load_address>0x46cc</load_address>
         <readonly>true</readonly>
         <executable>true</executable>
         <run_address>0x46cc</run_address>
         <size>0x64</size>
         <alignment>0x4</alignment>
         <input_file_ref idref="fl-2"/>
      </object_component>
      <object_component id="oc-215">
         <name>.text.__aeabi_dcmp</name>
         <load_address>0x4730</load_address>
         <readonly>true</readonly>
         <executable>true</executable>
         <run_address>0x4730</run_address>
         <size>0x62</size>
         <alignment>0x4</alignment>
         <input_file_ref idref="fl-114"/>
      </object_component>
      <object_component id="oc-1bb">
         <name>.text.__aeabi_fcmp</name>
         <load_address>0x4794</load_address>
         <readonly>true</readonly>
         <executable>true</executable>
         <run_address>0x4794</run_address>
         <size>0x62</size>
         <alignment>0x4</alignment>
         <input_file_ref idref="fl-115"/>
      </object_component>
      <object_component id="oc-12f">
         <name>.text:memset</name>
         <load_address>0x47f6</load_address>
         <readonly>true</readonly>
         <executable>true</executable>
         <run_address>0x47f6</run_address>
         <size>0x62</size>
         <alignment>0x1</alignment>
         <input_file_ref idref="fl-122"/>
      </object_component>
      <object_component id="oc-139">
         <name>.text.SYSCFG_DL_UART_1_init</name>
         <load_address>0x4858</load_address>
         <readonly>true</readonly>
         <executable>true</executable>
         <run_address>0x4858</run_address>
         <size>0x60</size>
         <alignment>0x4</alignment>
         <input_file_ref idref="fl-2"/>
      </object_component>
      <object_component id="oc-1c1">
         <name>.text.Set_Motor_PWM</name>
         <load_address>0x48b8</load_address>
         <readonly>true</readonly>
         <executable>true</executable>
         <run_address>0x48b8</run_address>
         <size>0x60</size>
         <alignment>0x4</alignment>
         <input_file_ref idref="fl-9"/>
      </object_component>
      <object_component id="oc-1c0">
         <name>.text.turn_pid_task</name>
         <load_address>0x4918</load_address>
         <readonly>true</readonly>
         <executable>true</executable>
         <run_address>0x4918</run_address>
         <size>0x60</size>
         <alignment>0x4</alignment>
         <input_file_ref idref="fl-a"/>
      </object_component>
      <object_component id="oc-dd">
         <name>.text.OLED_ColorTurn</name>
         <load_address>0x4978</load_address>
         <readonly>true</readonly>
         <executable>true</executable>
         <run_address>0x4978</run_address>
         <size>0x5c</size>
         <alignment>0x4</alignment>
         <input_file_ref idref="fl-4"/>
      </object_component>
      <object_component id="oc-277">
         <name>.text.frexp</name>
         <load_address>0x49d4</load_address>
         <readonly>true</readonly>
         <executable>true</executable>
         <run_address>0x49d4</run_address>
         <size>0x5c</size>
         <alignment>0x4</alignment>
         <input_file_ref idref="fl-41"/>
      </object_component>
      <object_component id="oc-49">
         <name>.text.TIMA0_IRQHandler</name>
         <load_address>0x4a30</load_address>
         <readonly>true</readonly>
         <executable>true</executable>
         <run_address>0x4a30</run_address>
         <size>0x58</size>
         <alignment>0x4</alignment>
         <input_file_ref idref="fl-9"/>
      </object_component>
      <object_component id="oc-283">
         <name>.text.__TI_ltoa</name>
         <load_address>0x4a88</load_address>
         <readonly>true</readonly>
         <executable>true</executable>
         <run_address>0x4a88</run_address>
         <size>0x58</size>
         <alignment>0x2</alignment>
         <input_file_ref idref="fl-47"/>
      </object_component>
      <object_component id="oc-251">
         <name>.text._pconv_f</name>
         <load_address>0x4ae0</load_address>
         <readonly>true</readonly>
         <executable>true</executable>
         <run_address>0x4ae0</run_address>
         <size>0x58</size>
         <alignment>0x2</alignment>
         <input_file_ref idref="fl-40"/>
      </object_component>
      <object_component id="oc-2a1">
         <name>.text.__aeabi_idivmod</name>
         <load_address>0x4b38</load_address>
         <readonly>true</readonly>
         <executable>true</executable>
         <run_address>0x4b38</run_address>
         <size>0x56</size>
         <alignment>0x4</alignment>
         <input_file_ref idref="fl-116"/>
      </object_component>
      <object_component id="oc-d2">
         <name>.text.SYSCFG_DL_init</name>
         <load_address>0x4b90</load_address>
         <readonly>true</readonly>
         <executable>true</executable>
         <run_address>0x4b90</run_address>
         <size>0x54</size>
         <alignment>0x4</alignment>
         <input_file_ref idref="fl-2"/>
      </object_component>
      <object_component id="oc-28d">
         <name>.text._ecpy</name>
         <load_address>0x4be4</load_address>
         <readonly>true</readonly>
         <executable>true</executable>
         <run_address>0x4be4</run_address>
         <size>0x52</size>
         <alignment>0x2</alignment>
         <input_file_ref idref="fl-40"/>
      </object_component>
      <object_component id="oc-1b0">
         <name>.text.gray_read</name>
         <load_address>0x4c38</load_address>
         <readonly>true</readonly>
         <executable>true</executable>
         <run_address>0x4c38</run_address>
         <size>0x50</size>
         <alignment>0x4</alignment>
         <input_file_ref idref="fl-7"/>
      </object_component>
      <object_component id="oc-13b">
         <name>.text.SYSCFG_DL_SPI_OLED_init</name>
         <load_address>0x4c88</load_address>
         <readonly>true</readonly>
         <executable>true</executable>
         <run_address>0x4c88</run_address>
         <size>0x4c</size>
         <alignment>0x4</alignment>
         <input_file_ref idref="fl-2"/>
      </object_component>
      <object_component id="oc-e2">
         <name>.text.speed_pid_init</name>
         <load_address>0x4cd4</load_address>
         <readonly>true</readonly>
         <executable>true</executable>
         <run_address>0x4cd4</run_address>
         <size>0x4c</size>
         <alignment>0x4</alignment>
         <input_file_ref idref="fl-a"/>
      </object_component>
      <object_component id="oc-27f">
         <name>.text.__fixdfsi</name>
         <load_address>0x4d20</load_address>
         <readonly>true</readonly>
         <executable>true</executable>
         <run_address>0x4d20</run_address>
         <size>0x4a</size>
         <alignment>0x4</alignment>
         <input_file_ref idref="fl-10d"/>
      </object_component>
      <object_component id="oc-19c">
         <name>.text.DL_UART_init</name>
         <load_address>0x4d6c</load_address>
         <readonly>true</readonly>
         <executable>true</executable>
         <run_address>0x4d6c</run_address>
         <size>0x48</size>
         <alignment>0x4</alignment>
         <input_file_ref idref="fl-1e"/>
      </object_component>
      <object_component id="oc-1a9">
         <name>.text.DL_SPI_init</name>
         <load_address>0x4db4</load_address>
         <readonly>true</readonly>
         <executable>true</executable>
         <run_address>0x4db4</run_address>
         <size>0x44</size>
         <alignment>0x4</alignment>
         <input_file_ref idref="fl-1c"/>
      </object_component>
      <object_component id="oc-181">
         <name>.text.DL_SYSCTL_switchMCLKfromSYSOSCtoHSCLK</name>
         <load_address>0x4df8</load_address>
         <readonly>true</readonly>
         <executable>true</executable>
         <run_address>0x4df8</run_address>
         <size>0x44</size>
         <alignment>0x4</alignment>
         <input_file_ref idref="fl-1f"/>
      </object_component>
      <object_component id="oc-225">
         <name>.text.__fixunsdfsi</name>
         <load_address>0x4e3c</load_address>
         <readonly>true</readonly>
         <executable>true</executable>
         <run_address>0x4e3c</run_address>
         <size>0x42</size>
         <alignment>0x4</alignment>
         <input_file_ref idref="fl-10f"/>
      </object_component>
      <object_component id="oc-157">
         <name>.text.__aeabi_uidivmod</name>
         <load_address>0x4e80</load_address>
         <readonly>true</readonly>
         <executable>true</executable>
         <run_address>0x4e80</run_address>
         <size>0x40</size>
         <alignment>0x4</alignment>
         <input_file_ref idref="fl-119"/>
      </object_component>
      <object_component id="oc-bc">
         <name>.text.__extendsfdf2</name>
         <load_address>0x4ec0</load_address>
         <readonly>true</readonly>
         <executable>true</executable>
         <run_address>0x4ec0</run_address>
         <size>0x40</size>
         <alignment>0x4</alignment>
         <input_file_ref idref="fl-10c"/>
      </object_component>
      <object_component id="oc-239">
         <name>.text.atoi</name>
         <load_address>0x4f00</load_address>
         <readonly>true</readonly>
         <executable>true</executable>
         <run_address>0x4f00</run_address>
         <size>0x40</size>
         <alignment>0x4</alignment>
         <input_file_ref idref="fl-4a"/>
      </object_component>
      <object_component id="oc-123">
         <name>.text.vsnprintf</name>
         <load_address>0x4f40</load_address>
         <readonly>true</readonly>
         <executable>true</executable>
         <run_address>0x4f40</run_address>
         <size>0x40</size>
         <alignment>0x4</alignment>
         <input_file_ref idref="fl-37"/>
      </object_component>
      <object_component id="oc-b4">
         <name>.text.__floatsisf</name>
         <load_address>0x4f80</load_address>
         <readonly>true</readonly>
         <executable>true</executable>
         <run_address>0x4f80</run_address>
         <size>0x3c</size>
         <alignment>0x4</alignment>
         <input_file_ref idref="fl-111"/>
      </object_component>
      <object_component id="oc-20f">
         <name>.text.__gtsf2</name>
         <load_address>0x4fbc</load_address>
         <readonly>true</readonly>
         <executable>true</executable>
         <run_address>0x4fbc</run_address>
         <size>0x3c</size>
         <alignment>0x4</alignment>
         <input_file_ref idref="fl-11b"/>
      </object_component>
      <object_component id="oc-10a">
         <name>.text:__TI_auto_init_nobinit_nopinit</name>
         <load_address>0x4ff8</load_address>
         <readonly>true</readonly>
         <executable>true</executable>
         <run_address>0x4ff8</run_address>
         <size>0x3c</size>
         <alignment>0x4</alignment>
         <input_file_ref idref="fl-3a"/>
      </object_component>
      <object_component id="oc-20a">
         <name>.text.__eqsf2</name>
         <load_address>0x5034</load_address>
         <readonly>true</readonly>
         <executable>true</executable>
         <run_address>0x5034</run_address>
         <size>0x3a</size>
         <alignment>0x4</alignment>
         <input_file_ref idref="fl-11b"/>
      </object_component>
      <object_component id="oc-11d">
         <name>.text.__muldsi3</name>
         <load_address>0x5070</load_address>
         <readonly>true</readonly>
         <executable>true</executable>
         <run_address>0x5070</run_address>
         <size>0x3a</size>
         <alignment>0x4</alignment>
         <input_file_ref idref="fl-108"/>
      </object_component>
      <object_component id="oc-136">
         <name>.text.SYSCFG_DL_TIMA0_IC_init</name>
         <load_address>0x50ac</load_address>
         <readonly>true</readonly>
         <executable>true</executable>
         <run_address>0x50ac</run_address>
         <size>0x38</size>
         <alignment>0x4</alignment>
         <input_file_ref idref="fl-2"/>
      </object_component>
      <object_component id="oc-137">
         <name>.text.SYSCFG_DL_TIMA1_IT_init</name>
         <load_address>0x50e4</load_address>
         <readonly>true</readonly>
         <executable>true</executable>
         <run_address>0x50e4</run_address>
         <size>0x38</size>
         <alignment>0x4</alignment>
         <input_file_ref idref="fl-2"/>
      </object_component>
      <object_component id="oc-211">
         <name>.text.__fixsfsi</name>
         <load_address>0x511c</load_address>
         <readonly>true</readonly>
         <executable>true</executable>
         <run_address>0x511c</run_address>
         <size>0x38</size>
         <alignment>0x4</alignment>
         <input_file_ref idref="fl-10e"/>
      </object_component>
      <object_component id="oc-e7">
         <name>.text.turn_pid_init</name>
         <load_address>0x5154</load_address>
         <readonly>true</readonly>
         <executable>true</executable>
         <run_address>0x5154</run_address>
         <size>0x34</size>
         <alignment>0x4</alignment>
         <input_file_ref idref="fl-a"/>
      </object_component>
      <object_component id="oc-13c">
         <name>.text.SYSCFG_DL_SYSTICK_init</name>
         <load_address>0x5188</load_address>
         <readonly>true</readonly>
         <executable>true</executable>
         <run_address>0x5188</run_address>
         <size>0x30</size>
         <alignment>0x4</alignment>
         <input_file_ref idref="fl-2"/>
      </object_component>
      <object_component id="oc-28e">
         <name>.text._fcpy</name>
         <load_address>0x51b8</load_address>
         <readonly>true</readonly>
         <executable>true</executable>
         <run_address>0x51b8</run_address>
         <size>0x30</size>
         <alignment>0x2</alignment>
         <input_file_ref idref="fl-40"/>
      </object_component>
      <object_component id="oc-172">
         <name>.text._outs</name>
         <load_address>0x51e8</load_address>
         <readonly>true</readonly>
         <executable>true</executable>
         <run_address>0x51e8</run_address>
         <size>0x30</size>
         <alignment>0x2</alignment>
         <input_file_ref idref="fl-37"/>
      </object_component>
      <object_component id="oc-e8">
         <name>.text.system_init</name>
         <load_address>0x5218</load_address>
         <readonly>true</readonly>
         <executable>true</executable>
         <run_address>0x5218</run_address>
         <size>0x30</size>
         <alignment>0x4</alignment>
         <input_file_ref idref="fl-c"/>
      </object_component>
      <object_component id="oc-287">
         <name>.text.__floatsidf</name>
         <load_address>0x5248</load_address>
         <readonly>true</readonly>
         <executable>true</executable>
         <run_address>0x5248</run_address>
         <size>0x2c</size>
         <alignment>0x4</alignment>
         <input_file_ref idref="fl-110"/>
      </object_component>
      <object_component id="oc-3e">
         <name>.text.UART2_IRQHandler</name>
         <load_address>0x5274</load_address>
         <readonly>true</readonly>
         <executable>true</executable>
         <run_address>0x5274</run_address>
         <size>0x28</size>
         <alignment>0x4</alignment>
         <input_file_ref idref="fl-5"/>
      </object_component>
      <object_component id="oc-201">
         <name>.text.__floatunsisf</name>
         <load_address>0x529c</load_address>
         <readonly>true</readonly>
         <executable>true</executable>
         <run_address>0x529c</run_address>
         <size>0x28</size>
         <alignment>0x4</alignment>
         <input_file_ref idref="fl-112"/>
      </object_component>
      <object_component id="oc-6a">
         <name>.text:_c_int00_noargs</name>
         <load_address>0x52c4</load_address>
         <readonly>true</readonly>
         <executable>true</executable>
         <run_address>0x52c4</run_address>
         <size>0x28</size>
         <alignment>0x4</alignment>
         <input_file_ref idref="fl-38"/>
      </object_component>
      <object_component id="oc-246">
         <name>.text.__muldi3</name>
         <load_address>0x52ec</load_address>
         <readonly>true</readonly>
         <executable>true</executable>
         <run_address>0x52ec</run_address>
         <size>0x24</size>
         <alignment>0x4</alignment>
         <input_file_ref idref="fl-113"/>
      </object_component>
      <object_component id="oc-151">
         <name>.text.key_read</name>
         <load_address>0x5310</load_address>
         <readonly>true</readonly>
         <executable>true</executable>
         <run_address>0x5310</run_address>
         <size>0x24</size>
         <alignment>0x4</alignment>
         <input_file_ref idref="fl-8"/>
      </object_component>
      <object_component id="oc-232">
         <name>.text.memccpy</name>
         <load_address>0x5334</load_address>
         <readonly>true</readonly>
         <executable>true</executable>
         <run_address>0x5334</run_address>
         <size>0x22</size>
         <alignment>0x2</alignment>
         <input_file_ref idref="fl-4c"/>
      </object_component>
      <object_component id="oc-f2">
         <name>.text.task1</name>
         <load_address>0x5358</load_address>
         <readonly>true</readonly>
         <executable>true</executable>
         <run_address>0x5358</run_address>
         <size>0x20</size>
         <alignment>0x4</alignment>
         <input_file_ref idref="fl-c"/>
      </object_component>
      <object_component id="oc-295">
         <name>.text.__ashldi3</name>
         <load_address>0x5378</load_address>
         <readonly>true</readonly>
         <executable>true</executable>
         <run_address>0x5378</run_address>
         <size>0x1e</size>
         <alignment>0x4</alignment>
         <input_file_ref idref="fl-11d"/>
      </object_component>
      <object_component id="oc-18b">
         <name>.text.DL_Timer_setCaptCompUpdateMethod</name>
         <load_address>0x5398</load_address>
         <readonly>true</readonly>
         <executable>true</executable>
         <run_address>0x5398</run_address>
         <size>0x1c</size>
         <alignment>0x4</alignment>
         <input_file_ref idref="fl-1d"/>
      </object_component>
      <object_component id="oc-183">
         <name>.text.DL_Timer_setClockConfig</name>
         <load_address>0x53b4</load_address>
         <readonly>true</readonly>
         <executable>true</executable>
         <run_address>0x53b4</run_address>
         <size>0x1c</size>
         <alignment>0x4</alignment>
         <input_file_ref idref="fl-1d"/>
      </object_component>
      <object_component id="oc-142">
         <name>.text.delay_ms</name>
         <load_address>0x53d0</load_address>
         <readonly>true</readonly>
         <executable>true</executable>
         <run_address>0x53d0</run_address>
         <size>0x1c</size>
         <alignment>0x4</alignment>
         <input_file_ref idref="fl-d"/>
      </object_component>
      <object_component id="oc-18a">
         <name>.text.DL_Timer_setCaptureCompareOutCtl</name>
         <load_address>0x53ec</load_address>
         <readonly>true</readonly>
         <executable>true</executable>
         <run_address>0x53ec</run_address>
         <size>0x18</size>
         <alignment>0x4</alignment>
         <input_file_ref idref="fl-1d"/>
      </object_component>
      <object_component id="oc-173">
         <name>.text._outc</name>
         <load_address>0x5404</load_address>
         <readonly>true</readonly>
         <executable>true</executable>
         <run_address>0x5404</run_address>
         <size>0x18</size>
         <alignment>0x2</alignment>
         <input_file_ref idref="fl-37"/>
      </object_component>
      <object_component id="oc-e9">
         <name>.text.buzzer_on</name>
         <load_address>0x541c</load_address>
         <readonly>true</readonly>
         <executable>true</executable>
         <run_address>0x541c</run_address>
         <size>0x18</size>
         <alignment>0x4</alignment>
         <input_file_ref idref="fl-8"/>
      </object_component>
      <object_component id="oc-f4">
         <name>.text.task2</name>
         <load_address>0x5434</load_address>
         <readonly>true</readonly>
         <executable>true</executable>
         <run_address>0x5434</run_address>
         <size>0x18</size>
         <alignment>0x4</alignment>
         <input_file_ref idref="fl-c"/>
      </object_component>
      <object_component id="oc-f5">
         <name>.text.task3</name>
         <load_address>0x544c</load_address>
         <readonly>true</readonly>
         <executable>true</executable>
         <run_address>0x544c</run_address>
         <size>0x18</size>
         <alignment>0x4</alignment>
         <input_file_ref idref="fl-c"/>
      </object_component>
      <object_component id="oc-34">
         <name>.text.SysTick_Handler</name>
         <load_address>0x5464</load_address>
         <readonly>true</readonly>
         <executable>true</executable>
         <run_address>0x5464</run_address>
         <size>0x14</size>
         <alignment>0x4</alignment>
         <input_file_ref idref="fl-d"/>
      </object_component>
      <object_component id="oc-24b">
         <name>.text.__aeabi_uldivmod</name>
         <load_address>0x5478</load_address>
         <readonly>true</readonly>
         <executable>true</executable>
         <run_address>0x5478</run_address>
         <size>0x14</size>
         <alignment>0x4</alignment>
         <input_file_ref idref="fl-11a"/>
      </object_component>
      <object_component id="oc-28c">
         <name>.text.strchr</name>
         <load_address>0x548c</load_address>
         <readonly>true</readonly>
         <executable>true</executable>
         <run_address>0x548c</run_address>
         <size>0x14</size>
         <alignment>0x2</alignment>
         <input_file_ref idref="fl-40"/>
      </object_component>
      <object_component id="oc-1a3">
         <name>.text.DL_SPI_setClockConfig</name>
         <load_address>0x54a0</load_address>
         <readonly>true</readonly>
         <executable>true</executable>
         <run_address>0x54a0</run_address>
         <size>0x12</size>
         <alignment>0x2</alignment>
         <input_file_ref idref="fl-1c"/>
      </object_component>
      <object_component id="oc-196">
         <name>.text.DL_UART_setClockConfig</name>
         <load_address>0x54b2</load_address>
         <readonly>true</readonly>
         <executable>true</executable>
         <run_address>0x54b2</run_address>
         <size>0x12</size>
         <alignment>0x2</alignment>
         <input_file_ref idref="fl-1e"/>
      </object_component>
      <object_component id="oc-20">
         <name>.text:decompress:none</name>
         <load_address>0x54c4</load_address>
         <readonly>true</readonly>
         <executable>true</executable>
         <run_address>0x54c4</run_address>
         <size>0x12</size>
         <alignment>0x2</alignment>
         <input_file_ref idref="fl-3e"/>
      </object_component>
      <object_component id="oc-18c">
         <name>.text.DL_Timer_setCaptureCompareValue</name>
         <load_address>0x54d8</load_address>
         <readonly>true</readonly>
         <executable>true</executable>
         <run_address>0x54d8</run_address>
         <size>0x10</size>
         <alignment>0x4</alignment>
         <input_file_ref idref="fl-1d"/>
      </object_component>
      <object_component id="oc-23d">
         <name>.text.wcslen</name>
         <load_address>0x54e8</load_address>
         <readonly>true</readonly>
         <executable>true</executable>
         <run_address>0x54e8</run_address>
         <size>0x10</size>
         <alignment>0x2</alignment>
         <input_file_ref idref="fl-43"/>
      </object_component>
      <object_component id="oc-67">
         <name>.text:decompress:ZI</name>
         <load_address>0x54f8</load_address>
         <readonly>true</readonly>
         <executable>true</executable>
         <run_address>0x54f8</run_address>
         <size>0x10</size>
         <alignment>0x2</alignment>
         <input_file_ref idref="fl-3d"/>
      </object_component>
      <object_component id="oc-231">
         <name>.text.__aeabi_memset</name>
         <load_address>0x5508</load_address>
         <readonly>true</readonly>
         <executable>true</executable>
         <run_address>0x5508</run_address>
         <size>0xe</size>
         <alignment>0x4</alignment>
         <input_file_ref idref="fl-118"/>
      </object_component>
      <object_component id="oc-230">
         <name>.text.strlen</name>
         <load_address>0x5516</load_address>
         <readonly>true</readonly>
         <executable>true</executable>
         <run_address>0x5516</run_address>
         <size>0xe</size>
         <alignment>0x2</alignment>
         <input_file_ref idref="fl-40"/>
      </object_component>
      <object_component id="oc-9c">
         <name>.text.__aeabi_memclr</name>
         <load_address>0x5524</load_address>
         <readonly>true</readonly>
         <executable>true</executable>
         <run_address>0x5524</run_address>
         <size>0xc</size>
         <alignment>0x4</alignment>
         <input_file_ref idref="fl-118"/>
      </object_component>
      <object_component id="oc-f3">
         <name>.text.laser_off</name>
         <load_address>0x5530</load_address>
         <readonly>true</readonly>
         <executable>true</executable>
         <run_address>0x5530</run_address>
         <size>0xc</size>
         <alignment>0x4</alignment>
         <input_file_ref idref="fl-8"/>
      </object_component>
      <object_component id="oc-f0">
         <name>.text.laser_on</name>
         <load_address>0x553c</load_address>
         <readonly>true</readonly>
         <executable>true</executable>
         <run_address>0x553c</run_address>
         <size>0xc</size>
         <alignment>0x4</alignment>
         <input_file_ref idref="fl-8"/>
      </object_component>
      <object_component id="oc-177">
         <name>.text.DL_Common_delayCycles</name>
         <load_address>0x5548</load_address>
         <readonly>true</readonly>
         <executable>true</executable>
         <run_address>0x5548</run_address>
         <size>0xa</size>
         <alignment>0x2</alignment>
         <input_file_ref idref="fl-1b"/>
      </object_component>
      <object_component id="oc-28b">
         <name>.text.OUTLINED_FUNCTION_0</name>
         <load_address>0x5552</load_address>
         <readonly>true</readonly>
         <executable>true</executable>
         <run_address>0x5552</run_address>
         <size>0xa</size>
         <alignment>0x2</alignment>
         <input_file_ref idref="fl-40"/>
      </object_component>
      <object_component id="oc-2f2">
         <name>.tramp.__aeabi_dsub.1</name>
         <load_address>0x555c</load_address>
         <readonly>true</readonly>
         <executable>true</executable>
         <run_address>0x555c</run_address>
         <size>0x10</size>
         <alignment>0x4</alignment>
         <input_file_ref idref="fl-106"/>
      </object_component>
      <object_component id="oc-291">
         <name>.text.OUTLINED_FUNCTION_1</name>
         <load_address>0x556c</load_address>
         <readonly>true</readonly>
         <executable>true</executable>
         <run_address>0x556c</run_address>
         <size>0xa</size>
         <alignment>0x2</alignment>
         <input_file_ref idref="fl-40"/>
      </object_component>
      <object_component id="oc-14c">
         <name>.text.PID_Init</name>
         <load_address>0x5576</load_address>
         <readonly>true</readonly>
         <executable>true</executable>
         <run_address>0x5576</run_address>
         <size>0xa</size>
         <alignment>0x2</alignment>
         <input_file_ref idref="fl-a"/>
      </object_component>
      <object_component id="oc-241">
         <name>.text.__aeabi_errno_addr</name>
         <load_address>0x5580</load_address>
         <readonly>true</readonly>
         <executable>true</executable>
         <run_address>0x5580</run_address>
         <size>0x8</size>
         <alignment>0x4</alignment>
         <input_file_ref idref="fl-44"/>
      </object_component>
      <object_component id="oc-5a">
         <name>.text.__aeabi_memcpy</name>
         <load_address>0x5588</load_address>
         <readonly>true</readonly>
         <executable>true</executable>
         <run_address>0x5588</run_address>
         <size>0x8</size>
         <alignment>0x4</alignment>
         <input_file_ref idref="fl-117"/>
      </object_component>
      <object_component id="oc-103">
         <name>.text:abort</name>
         <load_address>0x5590</load_address>
         <readonly>true</readonly>
         <executable>true</executable>
         <run_address>0x5590</run_address>
         <size>0x6</size>
         <alignment>0x2</alignment>
         <input_file_ref idref="fl-45"/>
      </object_component>
      <object_component id="oc-160">
         <name>.text.HOSTexit</name>
         <load_address>0x5596</load_address>
         <readonly>true</readonly>
         <executable>true</executable>
         <run_address>0x5596</run_address>
         <size>0x4</size>
         <alignment>0x2</alignment>
         <input_file_ref idref="fl-f5"/>
      </object_component>
      <object_component id="oc-2f">
         <name>.text.Reset_Handler</name>
         <load_address>0x559a</load_address>
         <readonly>true</readonly>
         <executable>true</executable>
         <run_address>0x559a</run_address>
         <size>0x4</size>
         <alignment>0x2</alignment>
         <input_file_ref idref="fl-3"/>
      </object_component>
      <object_component id="oc-a1">
         <name>.text._system_pre_init</name>
         <load_address>0x559e</load_address>
         <readonly>true</readonly>
         <executable>true</executable>
         <run_address>0x559e</run_address>
         <size>0x4</size>
         <alignment>0x2</alignment>
         <input_file_ref idref="fl-3b"/>
      </object_component>
      <object_component id="oc-2ee">
         <name>.cinit..data.load</name>
         <load_address>0x72b0</load_address>
         <readonly>true</readonly>
         <run_address>0x72b0</run_address>
         <size>0x15</size>
         <alignment>0x1</alignment>
      </object_component>
      <object_component id="oc-2ec">
         <name>__TI_handler_table</name>
         <load_address>0x72c8</load_address>
         <readonly>true</readonly>
         <run_address>0x72c8</run_address>
         <size>0xc</size>
         <alignment>0x4</alignment>
      </object_component>
      <object_component id="oc-2ef">
         <name>.cinit..bss.load</name>
         <load_address>0x72d4</load_address>
         <readonly>true</readonly>
         <run_address>0x72d4</run_address>
         <size>0x8</size>
         <alignment>0x4</alignment>
      </object_component>
      <object_component id="oc-2ed">
         <name>__TI_cinit_table</name>
         <load_address>0x72dc</load_address>
         <readonly>true</readonly>
         <run_address>0x72dc</run_address>
         <size>0x10</size>
         <alignment>0x4</alignment>
      </object_component>
      <object_component id="oc-1ac">
         <name>.rodata.asc2_2412</name>
         <load_address>0x55b0</load_address>
         <readonly>true</readonly>
         <run_address>0x55b0</run_address>
         <size>0xd5c</size>
         <alignment>0x1</alignment>
         <input_file_ref idref="fl-4"/>
      </object_component>
      <object_component id="oc-1ad">
         <name>.rodata.asc2_1608</name>
         <load_address>0x630c</load_address>
         <readonly>true</readonly>
         <run_address>0x630c</run_address>
         <size>0x5f0</size>
         <alignment>0x1</alignment>
         <input_file_ref idref="fl-4"/>
      </object_component>
      <object_component id="oc-1ae">
         <name>.rodata.asc2_1206</name>
         <load_address>0x68fc</load_address>
         <readonly>true</readonly>
         <run_address>0x68fc</run_address>
         <size>0x474</size>
         <alignment>0x1</alignment>
         <input_file_ref idref="fl-4"/>
      </object_component>
      <object_component id="oc-1af">
         <name>.rodata.asc2_0806</name>
         <load_address>0x6d70</load_address>
         <readonly>true</readonly>
         <run_address>0x6d70</run_address>
         <size>0x228</size>
         <alignment>0x1</alignment>
         <input_file_ref idref="fl-4"/>
      </object_component>
      <object_component id="oc-18e">
         <name>.rodata.gTIMG0_PWMConfig</name>
         <load_address>0x6f98</load_address>
         <readonly>true</readonly>
         <run_address>0x6f98</run_address>
         <size>0x8</size>
         <alignment>0x4</alignment>
         <input_file_ref idref="fl-2"/>
      </object_component>
      <object_component id="oc-266">
         <name>.rodata:__aeabi_ctype_table_</name>
         <load_address>0x6fa0</load_address>
         <readonly>true</readonly>
         <run_address>0x6fa0</run_address>
         <size>0x101</size>
         <alignment>0x10</alignment>
         <input_file_ref idref="fl-52"/>
      </object_component>
      <object_component id="oc-1d8">
         <name>.rodata.str1.5773734370468920607.1</name>
         <load_address>0x70a1</load_address>
[...]
         <value>0x5465</value>
         <object_component_ref idref="oc-34"/>
      </symbol>
      <symbol id="sm-20e">
         <name>__TI_ATRegion0_src_addr</name>
         <value>0x0</value>
      </symbol>
      <symbol id="sm-20f">
         <name>__TI_ATRegion0_trg_addr</name>
         <value>0x0</value>
      </symbol>
      <symbol id="sm-210">
         <name>__TI_ATRegion0_region_sz</name>
         <value>0x0</value>
      </symbol>
      <symbol id="sm-211">
         <name>__TI_ATRegion1_src_addr</name>
         <value>0x0</value>
      </symbol>
      <symbol id="sm-212">
         <name>__TI_ATRegion1_trg_addr</name>
         <value>0x0</value>
      </symbol>
      <symbol id="sm-213">
         <name>__TI_ATRegion1_region_sz</name>
         <value>0x0</value>
      </symbol>
      <symbol id="sm-214">
         <name>__TI_ATRegion2_src_addr</name>
         <value>0x0</value>
      </symbol>
      <symbol id="sm-215">
         <name>__TI_ATRegion2_trg_addr</name>
         <value>0x0</value>
      </symbol>
      <symbol id="sm-216">
         <name>__TI_ATRegion2_region_sz</name>
         <value>0x0</value>
      </symbol>
      <symbol id="sm-21f">
         <name>DL_Common_delayCycles</name>
         <value>0x5549</value>
         <object_component_ref idref="oc-177"/>
      </symbol>
      <symbol id="sm-22c">
         <name>DL_SPI_init</name>
         <value>0x4db5</value>
         <object_component_ref idref="oc-1a9"/>
      </symbol>
      <symbol id="sm-22d">
         <name>DL_SPI_setClockConfig</name>
         <value>0x54a1</value>
         <object_component_ref idref="oc-1a3"/>
      </symbol>
      <symbol id="sm-249">
         <name>DL_Timer_setClockConfig</name>
         <value>0x53b5</value>
         <object_component_ref idref="oc-183"/>
      </symbol>
      <symbol id="sm-24a">
         <name>DL_Timer_initTimerMode</name>
         <value>0x35a1</value>
         <object_component_ref idref="oc-191"/>
      </symbol>
      <symbol id="sm-24b">
         <name>DL_Timer_setCaptureCompareValue</name>
         <value>0x54d9</value>
         <object_component_ref idref="oc-18c"/>
      </symbol>
      <symbol id="sm-24c">
         <name>DL_Timer_setCaptCompUpdateMethod</name>
         <value>0x5399</value>
         <object_component_ref idref="oc-18b"/>
      </symbol>
      <symbol id="sm-24d">
         <name>DL_Timer_setCaptureCompareOutCtl</name>
         <value>0x53ed</value>
         <object_component_ref idref="oc-18a"/>
      </symbol>
      <symbol id="sm-24e">
         <name>DL_Timer_initFourCCPWMMode</name>
         <value>0x32bd</value>
         <object_component_ref idref="oc-189"/>
      </symbol>
      <symbol id="sm-25b">
         <name>DL_UART_init</name>
         <value>0x4d6d</value>
         <object_component_ref idref="oc-19c"/>
      </symbol>
      <symbol id="sm-25c">
         <name>DL_UART_setClockConfig</name>
         <value>0x54b3</value>
         <object_component_ref idref="oc-196"/>
      </symbol>
      <symbol id="sm-26a">
         <name>DL_SYSCTL_configSYSPLL</name>
         <value>0x384d</value>
         <object_component_ref idref="oc-17b"/>
      </symbol>
      <symbol id="sm-26b">
         <name>DL_SYSCTL_switchMCLKfromSYSOSCtoHSCLK</name>
         <value>0x4df9</value>
         <object_component_ref idref="oc-181"/>
      </symbol>
      <symbol id="sm-27d">
         <name>vsnprintf</name>
         <value>0x4f41</value>
         <object_component_ref idref="oc-123"/>
      </symbol>
      <symbol id="sm-288">
         <name>_c_int00_noargs</name>
         <value>0x52c5</value>
         <object_component_ref idref="oc-6a"/>
      </symbol>
      <symbol id="sm-289">
         <name>__stack</name>
         <value>0x20207e00</value>
         <object_component_ref idref="oc-1a"/>
      </symbol>
      <symbol id="sm-295">
         <name>__TI_auto_init_nobinit_nopinit</name>
         <value>0x4ff9</value>
         <object_component_ref idref="oc-10a"/>
      </symbol>
      <symbol id="sm-29d">
         <name>_system_pre_init</name>
         <value>0x559f</value>
         <object_component_ref idref="oc-a1"/>
      </symbol>
      <symbol id="sm-2a8">
         <name>__TI_zero_init</name>
         <value>0x54f9</value>
         <object_component_ref idref="oc-67"/>
      </symbol>
      <symbol id="sm-2b1">
         <name>__TI_decompress_none</name>
         <value>0x54c5</value>
         <object_component_ref idref="oc-20"/>
      </symbol>
      <symbol id="sm-2bc">
         <name>__TI_decompress_lzss</name>
         <value>0x4285</value>
         <object_component_ref idref="oc-1c"/>
      </symbol>
      <symbol id="sm-305">
         <name>__TI_printfi</name>
         <value>0xce1</value>
         <object_component_ref idref="oc-1f3"/>
      </symbol>
      <symbol id="sm-30f">
         <name>frexp</name>
         <value>0x49d5</value>
         <object_component_ref idref="oc-277"/>
      </symbol>
      <symbol id="sm-310">
         <name>frexpl</name>
         <value>0x49d5</value>
         <object_component_ref idref="oc-277"/>
      </symbol>
      <symbol id="sm-31a">
         <name>scalbn</name>
         <value>0x3929</value>
         <object_component_ref idref="oc-27b"/>
      </symbol>
      <symbol id="sm-31b">
         <name>ldexp</name>
         <value>0x3929</value>
         <object_component_ref idref="oc-27b"/>
      </symbol>
      <symbol id="sm-31c">
         <name>scalbnl</name>
         <value>0x3929</value>
         <object_component_ref idref="oc-27b"/>
      </symbol>
      <symbol id="sm-31d">
         <name>ldexpl</name>
         <value>0x3929</value>
         <object_component_ref idref="oc-27b"/>
      </symbol>
      <symbol id="sm-326">
         <name>wcslen</name>
         <value>0x54e9</value>
         <object_component_ref idref="oc-23d"/>
      </symbol>
      <symbol id="sm-331">
         <name>__aeabi_errno_addr</name>
         <value>0x5581</value>
         <object_component_ref idref="oc-241"/>
      </symbol>
      <symbol id="sm-332">
         <name>__aeabi_errno</name>
         <value>0x2020073c</value>
         <object_component_ref idref="oc-26d"/>
      </symbol>
      <symbol id="sm-33c">
         <name>abort</name>
         <value>0x5591</value>
         <object_component_ref idref="oc-103"/>
      </symbol>
      <symbol id="sm-346">
         <name>__TI_ltoa</name>
         <value>0x4a89</value>
         <object_component_ref idref="oc-283"/>
      </symbol>
      <symbol id="sm-352">
         <name>atoi</name>
         <value>0x4f01</value>
         <object_component_ref idref="oc-239"/>
      </symbol>
      <symbol id="sm-35c">
         <name>memccpy</name>
         <value>0x5335</value>
         <object_component_ref idref="oc-232"/>
      </symbol>
      <symbol id="sm-362">
         <name>__aeabi_ctype_table_</name>
         <value>0x6fa0</value>
         <object_component_ref idref="oc-266"/>
      </symbol>
      <symbol id="sm-363">
         <name>__aeabi_ctype_table_C</name>
         <value>0x6fa0</value>
         <object_component_ref idref="oc-266"/>
      </symbol>
      <symbol id="sm-36e">
         <name>HOSTexit</name>
         <value>0x5597</value>
         <object_component_ref idref="oc-160"/>
      </symbol>
      <symbol id="sm-36f">
         <name>C$$EXIT</name>
         <value>0x5596</value>
         <object_component_ref idref="oc-160"/>
      </symbol>
      <symbol id="sm-384">
         <name>__aeabi_fadd</name>
         <value>0x3a0b</value>
         <object_component_ref idref="oc-1b7"/>
      </symbol>
      <symbol id="sm-385">
         <name>__addsf3</name>
         <value>0x3a0b</value>
         <object_component_ref idref="oc-1b7"/>
      </symbol>
      <symbol id="sm-386">
         <name>__aeabi_fsub</name>
         <value>0x3a01</value>
         <object_component_ref idref="oc-1b7"/>
      </symbol>
      <symbol id="sm-387">
         <name>__subsf3</name>
         <value>0x3a01</value>
         <object_component_ref idref="oc-1b7"/>
      </symbol>
      <symbol id="sm-38d">
         <name>__aeabi_dadd</name>
         <value>0x2603</value>
         <object_component_ref idref="oc-21d"/>
      </symbol>
      <symbol id="sm-38e">
         <name>__adddf3</name>
         <value>0x2603</value>
         <object_component_ref idref="oc-21d"/>
      </symbol>
      <symbol id="sm-38f">
         <name>__aeabi_dsub</name>
         <value>0x25f9</value>
         <object_component_ref idref="oc-21d"/>
      </symbol>
      <symbol id="sm-390">
         <name>__subdf3</name>
         <value>0x25f9</value>
         <object_component_ref idref="oc-21d"/>
      </symbol>
      <symbol id="sm-399">
         <name>__aeabi_dmul</name>
         <value>0x3689</value>
         <object_component_ref idref="oc-219"/>
      </symbol>
      <symbol id="sm-39a">
         <name>__muldf3</name>
         <value>0x3689</value>
         <object_component_ref idref="oc-219"/>
      </symbol>
      <symbol id="sm-3a0">
         <name>__muldsi3</name>
         <value>0x5071</value>
         <object_component_ref idref="oc-11d"/>
      </symbol>
      <symbol id="sm-3a6">
         <name>__aeabi_fmul</name>
         <value>0x40ed</value>
         <object_component_ref idref="oc-b8"/>
      </symbol>
      <symbol id="sm-3a7">
         <name>__mulsf3</name>
         <value>0x40ed</value>
         <object_component_ref idref="oc-b8"/>
      </symbol>
      <symbol id="sm-3ad">
         <name>__aeabi_fdiv</name>
         <value>0x4201</value>
         <object_component_ref idref="oc-205"/>
      </symbol>
      <symbol id="sm-3ae">
         <name>__divsf3</name>
         <value>0x4201</value>
         <object_component_ref idref="oc-205"/>
      </symbol>
      <symbol id="sm-3b4">
         <name>__aeabi_ddiv</name>
         <value>0x31b1</value>
         <object_component_ref idref="oc-221"/>
      </symbol>
      <symbol id="sm-3b5">
         <name>__divdf3</name>
         <value>0x31b1</value>
         <object_component_ref idref="oc-221"/>
      </symbol>
      <symbol id="sm-3bb">
         <name>__aeabi_f2d</name>
         <value>0x4ec1</value>
         <object_component_ref idref="oc-bc"/>
      </symbol>
      <symbol id="sm-3bc">
         <name>__extendsfdf2</name>
         <value>0x4ec1</value>
         <object_component_ref idref="oc-bc"/>
      </symbol>
      <symbol id="sm-3c2">
         <name>__aeabi_d2iz</name>
         <value>0x4d21</value>
         <object_component_ref idref="oc-27f"/>
      </symbol>
      <symbol id="sm-3c3">
         <name>__fixdfsi</name>
         <value>0x4d21</value>
         <object_component_ref idref="oc-27f"/>
      </symbol>
      <symbol id="sm-3c9">
         <name>__aeabi_f2iz</name>
         <value>0x511d</value>
         <object_component_ref idref="oc-211"/>
      </symbol>
      <symbol id="sm-3ca">
         <name>__fixsfsi</name>
         <value>0x511d</value>
         <object_component_ref idref="oc-211"/>
      </symbol>
      <symbol id="sm-3d0">
         <name>__aeabi_d2uiz</name>
         <value>0x4e3d</value>
         <object_component_ref idref="oc-225"/>
      </symbol>
      <symbol id="sm-3d1">
         <name>__fixunsdfsi</name>
         <value>0x4e3d</value>
         <object_component_ref idref="oc-225"/>
      </symbol>
      <symbol id="sm-3d7">
         <name>__aeabi_i2d</name>
         <value>0x5249</value>
         <object_component_ref idref="oc-287"/>
      </symbol>
      <symbol id="sm-3d8">
         <name>__floatsidf</name>
         <value>0x5249</value>
         <object_component_ref idref="oc-287"/>
      </symbol>
      <symbol id="sm-3de">
         <name>__aeabi_i2f</name>
         <value>0x4f81</value>
         <object_component_ref idref="oc-b4"/>
      </symbol>
      <symbol id="sm-3df">
         <name>__floatsisf</name>
         <value>0x4f81</value>
         <object_component_ref idref="oc-b4"/>
      </symbol>
      <symbol id="sm-3e5">
         <name>__aeabi_ui2f</name>
         <value>0x529d</value>
         <object_component_ref idref="oc-201"/>
      </symbol>
      <symbol id="sm-3e6">
         <name>__floatunsisf</name>
         <value>0x529d</value>
         <object_component_ref idref="oc-201"/>
      </symbol>
      <symbol id="sm-3ec">
         <name>__aeabi_lmul</name>
         <value>0x52ed</value>
         <object_component_ref idref="oc-246"/>
      </symbol>
      <symbol id="sm-3ed">
         <name>__muldi3</name>
         <value>0x52ed</value>
         <object_component_ref idref="oc-246"/>
      </symbol>
      <symbol id="sm-3f3">
         <name>__aeabi_dcmpeq</name>
         <value>0x4731</value>
         <object_component_ref idref="oc-215"/>
      </symbol>
      <symbol id="sm-3f4">
         <name>__aeabi_dcmplt</name>
         <value>0x4745</value>
         <object_component_ref idref="oc-215"/>
      </symbol>
      <symbol id="sm-3f5">
         <name>__aeabi_dcmple</name>
         <value>0x4759</value>
         <object_component_ref idref="oc-215"/>
      </symbol>
      <symbol id="sm-3f6">
         <name>__aeabi_dcmpge</name>
         <value>0x476d</value>
         <object_component_ref idref="oc-215"/>
      </symbol>
      <symbol id="sm-3f7">
         <name>__aeabi_dcmpgt</name>
         <value>0x4781</value>
         <object_component_ref idref="oc-215"/>
      </symbol>
      <symbol id="sm-3fd">
         <name>__aeabi_fcmpeq</name>
         <value>0x4795</value>
         <object_component_ref idref="oc-1bb"/>
      </symbol>
      <symbol id="sm-3fe">
         <name>__aeabi_fcmplt</name>
         <value>0x47a9</value>
         <object_component_ref idref="oc-1bb"/>
      </symbol>
      <symbol id="sm-3ff">
         <name>__aeabi_fcmple</name>
         <value>0x47bd</value>
         <object_component_ref idref="oc-1bb"/>
      </symbol>
      <symbol id="sm-400">
         <name>__aeabi_fcmpge</name>
         <value>0x47d1</value>
         <object_component_ref idref="oc-1bb"/>
      </symbol>
      <symbol id="sm-401">
         <name>__aeabi_fcmpgt</name>
         <value>0x47e5</value>
         <object_component_ref idref="oc-1bb"/>
      </symbol>
      <symbol id="sm-407">
         <name>__aeabi_idiv</name>
         <value>0x4b39</value>
         <object_component_ref idref="oc-2a1"/>
      </symbol>
      <symbol id="sm-408">
         <name>__aeabi_idivmod</name>
         <value>0x4b39</value>
         <object_component_ref idref="oc-2a1"/>
      </symbol>
      <symbol id="sm-40e">
         <name>__aeabi_memcpy</name>
         <value>0x5589</value>
         <object_component_ref idref="oc-5a"/>
      </symbol>
      <symbol id="sm-40f">
         <name>__aeabi_memcpy4</name>
         <value>0x5589</value>
         <object_component_ref idref="oc-5a"/>
      </symbol>
      <symbol id="sm-410">
         <name>__aeabi_memcpy8</name>
         <value>0x5589</value>
         <object_component_ref idref="oc-5a"/>
      </symbol>
      <symbol id="sm-419">
         <name>__aeabi_memset</name>
         <value>0x5509</value>
         <object_component_ref idref="oc-231"/>
      </symbol>
      <symbol id="sm-41a">
         <name>__aeabi_memset4</name>
         <value>0x5509</value>
         <object_component_ref idref="oc-231"/>
      </symbol>
      <symbol id="sm-41b">
         <name>__aeabi_memset8</name>
         <value>0x5509</value>
         <object_component_ref idref="oc-231"/>
      </symbol>
      <symbol id="sm-41c">
         <name>__aeabi_memclr</name>
         <value>0x5525</value>
         <object_component_ref idref="oc-9c"/>
      </symbol>
      <symbol id="sm-41d">
         <name>__aeabi_memclr4</name>
         <value>0x5525</value>
         <object_component_ref idref="oc-9c"/>
      </symbol>
      <symbol id="sm-41e">
         <name>__aeabi_memclr8</name>
         <value>0x5525</value>
         <object_component_ref idref="oc-9c"/>
      </symbol>
      <symbol id="sm-424">
         <name>__aeabi_uidiv</name>
         <value>0x4e81</value>
         <object_component_ref idref="oc-157"/>
      </symbol>
      <symbol id="sm-425">
         <name>__aeabi_uidivmod</name>
         <value>0x4e81</value>
         <object_component_ref idref="oc-157"/>
      </symbol>
      <symbol id="sm-42b">
         <name>__aeabi_uldivmod</name>
         <value>0x5479</value>
         <object_component_ref idref="oc-24b"/>
      </symbol>
      <symbol id="sm-434">
         <name>__eqsf2</name>
         <value>0x5035</value>
         <object_component_ref idref="oc-20a"/>
      </symbol>
      <symbol id="sm-435">
         <name>__lesf2</name>
         <value>0x5035</value>
         <object_component_ref idref="oc-20a"/>
      </symbol>
      <symbol id="sm-436">
         <name>__ltsf2</name>
         <value>0x5035</value>
         <object_component_ref idref="oc-20a"/>
      </symbol>
      <symbol id="sm-437">
         <name>__nesf2</name>
         <value>0x5035</value>
         <object_component_ref idref="oc-20a"/>
      </symbol>
      <symbol id="sm-438">
         <name>__cmpsf2</name>
         <value>0x5035</value>
         <object_component_ref idref="oc-20a"/>
      </symbol>
      <symbol id="sm-439">
         <name>__gtsf2</name>
         <value>0x4fbd</value>
         <object_component_ref idref="oc-20f"/>
      </symbol>
      <symbol id="sm-43a">
         <name>__gesf2</name>
         <value>0x4fbd</value>
         <object_component_ref idref="oc-20f"/>
      </symbol>
      <symbol id="sm-440">
         <name>__udivmoddi4</name>
         <value>0x3c41</value>
         <object_component_ref idref="oc-272"/>
      </symbol>
      <symbol id="sm-446">
         <name>__aeabi_llsl</name>
         <value>0x5379</value>
         <object_component_ref idref="oc-295"/>
      </symbol>
      <symbol id="sm-447">
         <name>__ashldi3</name>
         <value>0x5379</value>
         <object_component_ref idref="oc-295"/>
      </symbol>
      <symbol id="sm-455">
         <name>__ledf2</name>
         <value>0x452d</value>
         <object_component_ref idref="oc-257"/>
      </symbol>
      <symbol id="sm-456">
         <name>__gedf2</name>
         <value>0x4301</value>
         <object_component_ref idref="oc-25d"/>
      </symbol>
      <symbol id="sm-457">
         <name>__cmpdf2</name>
         <value>0x452d</value>
         <object_component_ref idref="oc-257"/>
      </symbol>
      <symbol id="sm-458">
         <name>__eqdf2</name>
         <value>0x452d</value>
         <object_component_ref idref="oc-257"/>
      </symbol>
      <symbol id="sm-459">
         <name>__ltdf2</name>
         <value>0x452d</value>
         <object_component_ref idref="oc-257"/>
      </symbol>
      <symbol id="sm-45a">
         <name>__nedf2</name>
         <value>0x452d</value>
         <object_component_ref idref="oc-257"/>
      </symbol>
      <symbol id="sm-45b">
         <name>__gtdf2</name>
         <value>0x4301</value>
         <object_component_ref idref="oc-25d"/>
      </symbol>
      <symbol id="sm-467">
         <name>__aeabi_idiv0</name>
         <value>0x278b</value>
         <object_component_ref idref="oc-1db"/>
      </symbol>
      <symbol id="sm-468">
         <name>__aeabi_ldiv0</name>
         <value>0x3ce3</value>
         <object_component_ref idref="oc-294"/>
      </symbol>
      <symbol id="sm-482">
         <name>memcpy</name>
         <value>0x3d85</value>
         <object_component_ref idref="oc-cd"/>
      </symbol>
      <symbol id="sm-491">
         <name>memset</name>
         <value>0x47f7</value>
         <object_component_ref idref="oc-12f"/>
      </symbol>
      <symbol id="sm-492">
         <name>__TI_static_base__</name>
         <value>0x0</value>
      </symbol>
      <symbol id="sm-496">
         <name>__mpu_init</name>
         <value>0x0</value>
      </symbol>
      <symbol id="sm-497">
         <name>_system_post_cinit</name>
         <value>0x0</value>
      </symbol>
   </symbol_table>
   <title>Link successful</title>
</link_info>
